Archive member included to satisfy reference by file (symbol)

/usr/lib/gcc/arm-none-eabi/10.3.1/thumb/v7e-m+fp/hard/libgcc.a(_aeabi_uldivmod.o)
                              /tmp/ccNAyrVF.o (__aeabi_uldivmod)
/usr/lib/gcc/arm-none-eabi/10.3.1/thumb/v7e-m+fp/hard/libgcc.a(_udivmoddi4.o)
                              /usr/lib/gcc/arm-none-eabi/10.3.1/thumb/v7e-m+fp/hard/libgcc.a(_aeabi_uldivmod.o) (__udivmoddi4)
/usr/lib/gcc/arm-none-eabi/10.3.1/thumb/v7e-m+fp/hard/libgcc.a(_dvmd_tls.o)
                              /usr/lib/gcc/arm-none-eabi/10.3.1/thumb/v7e-m+fp/hard/libgcc.a(_aeabi_uldivmod.o) (__aeabi_ldiv0)
/usr/lib/gcc/arm-none-eabi/10.3.1/../../../arm-none-eabi/lib/thumb/v7e-m+fp/hard/libg.a(lib_a-atexit.o)
                              /usr/lib/gcc/arm-none-eabi/10.3.1/../../../arm-none-eabi/lib/thumb/v7e-m+fp/hard/crt0.o (atexit)
/usr/lib/gcc/arm-none-eabi/10.3.1/../../../arm-none-eabi/lib/thumb/v7e-m+fp/hard/libg.a(lib_a-exit.o)
                              /usr/lib/gcc/arm-none-eabi/10.3.1/../../../arm-none-eabi/lib/thumb/v7e-m+fp/hard/crt0.o (exit)
/usr/lib/gcc/arm-none-eabi/10.3.1/../../../arm-none-eabi/lib/thumb/v7e-m+fp/hard/libg.a(lib_a-fini.o)
                              /usr/lib/gcc/arm-none-eabi/10.3.1/../../../arm-none-eabi/lib/thumb/v7e-m+fp/hard/crt0.o (__libc_fini_array)
/usr/lib/gcc/arm-none-eabi/10.3.1/../../../arm-none-eabi/lib/thumb/v7e-m+fp/hard/libg.a(lib_a-impure.o)
                              /usr/lib/gcc/arm-none-eabi/10.3.1/../../../arm-none-eabi/lib/thumb/v7e-m+fp/hard/libg.a(lib_a-exit.o) (_global_impure_ptr)
/usr/lib/gcc/arm-none-eabi/10.3.1/../../../arm-none-eabi/lib/thumb/v7e-m+fp/hard/libg.a(lib_a-init.o)
                              /usr/lib/gcc/arm-none-eabi/10.3.1/../../../arm-none-eabi/lib/thumb/v7e-m+fp/hard/crt0.o (__libc_init_array)
/usr/lib/gcc/arm-none-eabi/10.3.1/../../../arm-none-eabi/lib/thumb/v7e-m+fp/hard/libg.a(lib_a-memcpy.o)
                              /tmp/ccVBVqpJ.o (memcpy)
/usr/lib/gcc/arm-none-eabi/10.3.1/../../../arm-none-eabi/lib/thumb/v7e-m+fp/hard/libg.a(lib_a-memset.o)
                              /usr/lib/gcc/arm-none-eabi/10.3.1/../../../arm-none-eabi/lib/thumb/v7e-m+fp/hard/crt0.o (memset)
/usr/lib/gcc/arm-none-eabi/10.3.1/../../../arm-none-eabi/lib/thumb/v7e-m+fp/hard/libg.a(lib_a-__atexit.o)
                              /usr/lib/gcc/arm-none-eabi/10.3.1/../../../arm-none-eabi/lib/thumb/v7e-m+fp/hard/libg.a(lib_a-atexit.o) (__register_exitproc)
/usr/lib/gcc/arm-none-eabi/10.3.1/../../../arm-none-eabi/lib/thumb/v7e-m+fp/hard/libg.a(lib_a-__call_atexit.o)
                              /usr/lib/gcc/arm-none-eabi/10.3.1/../../../arm-none-eabi/lib/thumb/v7e-m+fp/hard/libg.a(lib_a-exit.o) (__call_exitprocs)
/usr/lib/gcc/arm-none-eabi/10.3.1/../../../arm-none-eabi/lib/thumb/v7e-m+fp/hard/libnosys.a(_exit.o)
                              /usr/lib/gcc/arm-none-eabi/10.3.1/../../../arm-none-eabi/lib/thumb/v7e-m+fp/hard/libg.a(lib_a-exit.o) (_exit)

Discarded input sections

 .text          0x0000000000000000        0x0 /usr/lib/gcc/arm-none-eabi/10.3.1/thumb/v7e-m+fp/hard/crti.o
 .data          0x0000000000000000        0x0 /usr/lib/gcc/arm-none-eabi/10.3.1/thumb/v7e-m+fp/hard/crti.o
 .bss           0x0000000000000000        0x0 /usr/lib/gcc/arm-none-eabi/10.3.1/thumb/v7e-m+fp/hard/crti.o
 .text          0x0000000000000000       0x88 /usr/lib/gcc/arm-none-eabi/10.3.1/thumb/v7e-m+fp/hard/crtbegin.o
 .data          0x0000000000000000        0x4 /usr/lib/gcc/arm-none-eabi/10.3.1/thumb/v7e-m+fp/hard/crtbegin.o
 .bss           0x0000000000000000       0x1c /usr/lib/gcc/arm-none-eabi/10.3.1/thumb/v7e-m+fp/hard/crtbegin.o
 .rodata        0x0000000000000000       0x24 /usr/lib/gcc/arm-none-eabi/10.3.1/thumb/v7e-m+fp/hard/crtbegin.o
 .init_array    0x0000000000000000        0x4 /usr/lib/gcc/arm-none-eabi/10.3.1/thumb/v7e-m+fp/hard/crtbegin.o
 .fini_array    0x0000000000000000        0x4 /usr/lib/gcc/arm-none-eabi/10.3.1/thumb/v7e-m+fp/hard/crtbegin.o
 .eh_frame      0x0000000000000000        0x0 /usr/lib/gcc/arm-none-eabi/10.3.1/thumb/v7e-m+fp/hard/crtbegin.o
 .tm_clone_table
                0x0000000000000000        0x0 /usr/lib/gcc/arm-none-eabi/10.3.1/thumb/v7e-m+fp/hard/crtbegin.o
 .comment       0x0000000000000000       0x34 /usr/lib/gcc/arm-none-eabi/10.3.1/thumb/v7e-m+fp/hard/crtbegin.o
 .ARM.attributes
                0x0000000000000000       0x34 /usr/lib/gcc/arm-none-eabi/10.3.1/thumb/v7e-m+fp/hard/crtbegin.o
 .text          0x0000000000000000       0x70 /usr/lib/gcc/arm-none-eabi/10.3.1/../../../arm-none-eabi/lib/thumb/v7e-m+fp/hard/crt0.o
 .data          0x0000000000000000        0x0 /usr/lib/gcc/arm-none-eabi/10.3.1/../../../arm-none-eabi/lib/thumb/v7e-m+fp/hard/crt0.o
 .bss           0x0000000000000000        0x0 /usr/lib/gcc/arm-none-eabi/10.3.1/../../../arm-none-eabi/lib/thumb/v7e-m+fp/hard/crt0.o
 .ARM.extab     0x0000000000000000        0x0 /usr/lib/gcc/arm-none-eabi/10.3.1/../../../arm-none-eabi/lib/thumb/v7e-m+fp/hard/crt0.o
 .ARM.exidx     0x0000000000000000       0x10 /usr/lib/gcc/arm-none-eabi/10.3.1/../../../arm-none-eabi/lib/thumb/v7e-m+fp/hard/crt0.o
 .debug_line    0x0000000000000000       0x87 /usr/lib/gcc/arm-none-eabi/10.3.1/../../../arm-none-eabi/lib/thumb/v7e-m+fp/hard/crt0.o
 .debug_info    0x0000000000000000       0x26 /usr/lib/gcc/arm-none-eabi/10.3.1/../../../arm-none-eabi/lib/thumb/v7e-m+fp/hard/crt0.o
 .debug_abbrev  0x0000000000000000       0x14 /usr/lib/gcc/arm-none-eabi/10.3.1/../../../arm-none-eabi/lib/thumb/v7e-m+fp/hard/crt0.o
 .debug_aranges
                0x0000000000000000       0x20 /usr/lib/gcc/arm-none-eabi/10.3.1/../../../arm-none-eabi/lib/thumb/v7e-m+fp/hard/crt0.o
 .debug_str     0x0000000000000000       0x98 /usr/lib/gcc/arm-none-eabi/10.3.1/../../../arm-none-eabi/lib/thumb/v7e-m+fp/hard/crt0.o
 .ARM.attributes
                0x0000000000000000       0x1c /usr/lib/gcc/arm-none-eabi/10.3.1/../../../arm-none-eabi/lib/thumb/v7e-m+fp/hard/crt0.o
 .text          0x0000000000000000        0x0 /tmp/ccNAyrVF.o
 .data          0x0000000000000000        0x0 /tmp/ccNAyrVF.o
 .bss           0x0000000000000000        0x0 /tmp/ccNAyrVF.o
 .bss.sim_rpm   0x0000000000000000        0x4 /tmp/ccNAyrVF.o
 .text.delay_ms
                0x0000000000000000       0x2e /tmp/ccNAyrVF.o
 .text.FailSafe_Shutdown
                0x0000000000000000       0x74 /tmp/ccNAyrVF.o
 .text.ADC_ReadThrottle
                0x0000000000000000       0x60 /tmp/ccNAyrVF.o
 .text.uint32_to_str
                0x0000000000000000       0xac /tmp/ccNAyrVF.o
 .text.button_pressed
                0x0000000000000000       0x38 /tmp/ccNAyrVF.o
 .text.vWatchdogTask
                0x0000000000000000      0x120 /tmp/ccNAyrVF.o
 .text.vApplicationMallocFailedHook
                0x0000000000000000       0x10 /tmp/ccNAyrVF.o
 .text          0x0000000000000000        0x0 /tmp/cc1Xw9Ws.o
 .data          0x0000000000000000        0x0 /tmp/cc1Xw9Ws.o
 .bss           0x0000000000000000        0x0 /tmp/cc1Xw9Ws.o
 .text          0x0000000000000000        0x0 /tmp/ccimLpPt.o
 .data          0x0000000000000000        0x0 /tmp/ccimLpPt.o
 .bss           0x0000000000000000        0x0 /tmp/ccimLpPt.o
 .text.vTaskDelay
                0x0000000000000000       0x68 /tmp/ccimLpPt.o
 .text.vTaskSuspend
                0x0000000000000000      0x144 /tmp/ccimLpPt.o
 .text.prvTaskIsTaskSuspended
                0x0000000000000000       0x8c /tmp/ccimLpPt.o
 .text.vTaskResume
                0x0000000000000000      0x110 /tmp/ccimLpPt.o
 .text.xTaskResumeFromISR
                0x0000000000000000      0x140 /tmp/ccimLpPt.o
 .text.vTaskEndScheduler
                0x0000000000000000       0x30 /tmp/ccimLpPt.o
 .text.xTaskGetTickCountFromISR
                0x0000000000000000       0x24 /tmp/ccimLpPt.o
 .text.uxTaskGetNumberOfTasks
                0x0000000000000000       0x18 /tmp/ccimLpPt.o
 .text.pcTaskGetName
                0x0000000000000000       0x48 /tmp/ccimLpPt.o
 .text.xTaskCatchUpTicks
                0x0000000000000000       0x58 /tmp/ccimLpPt.o
 .text.vTaskPlaceOnUnorderedEventList
                0x0000000000000000       0xac /tmp/ccimLpPt.o
 .text.vTaskRemoveFromUnorderedEventList
                0x0000000000000000      0x184 /tmp/ccimLpPt.o
 .text.vTaskSetTimeOutState
                0x0000000000000000       0x4c /tmp/ccimLpPt.o
 .text.prvTaskCheckFreeStackSpace
                0x0000000000000000       0x36 /tmp/ccimLpPt.o
 .text.uxTaskGetStackHighWaterMark
                0x0000000000000000       0x34 /tmp/ccimLpPt.o
 .text.xTaskGetCurrentTaskHandle
                0x0000000000000000       0x20 /tmp/ccimLpPt.o
 .text.xTaskGetCurrentTaskHandleForCore
                0x0000000000000000       0x30 /tmp/ccimLpPt.o
 .text.uxTaskResetEventItemValue
                0x0000000000000000       0x30 /tmp/ccimLpPt.o
 .text.ulTaskGenericNotifyTake
                0x0000000000000000       0xfc /tmp/ccimLpPt.o
 .text.xTaskGenericNotifyWait
                0x0000000000000000      0x12c /tmp/ccimLpPt.o
 .text.xTaskGenericNotify
                0x0000000000000000      0x258 /tmp/ccimLpPt.o
 .text.xTaskGenericNotifyFromISR
                0x0000000000000000      0x2c8 /tmp/ccimLpPt.o
 .text.vTaskGenericNotifyGiveFromISR
                0x0000000000000000      0x214 /tmp/ccimLpPt.o
 .text.xTaskGenericNotifyStateClear
                0x0000000000000000       0x74 /tmp/ccimLpPt.o
 .text.ulTaskGenericNotifyValueClear
                0x0000000000000000       0x7c /tmp/ccimLpPt.o
 .text.vTaskResetState
                0x0000000000000000       0x98 /tmp/ccimLpPt.o
 .text          0x0000000000000000        0x0 /tmp/ccVBVqpJ.o
 .data          0x0000000000000000        0x0 /tmp/ccVBVqpJ.o
 .bss           0x0000000000000000        0x0 /tmp/ccVBVqpJ.o
 .text.xQueueGenericSendFromISR
                0x0000000000000000      0x164 /tmp/ccVBVqpJ.o
 .text.xQueueGiveFromISR
                0x0000000000000000      0x148 /tmp/ccVBVqpJ.o
 .text.xQueueReceive
                0x0000000000000000      0x190 /tmp/ccVBVqpJ.o
 .text.xQueuePeek
                0x0000000000000000      0x194 /tmp/ccVBVqpJ.o
 .text.xQueueReceiveFromISR
                0x0000000000000000      0x12e /tmp/ccVBVqpJ.o
 .text.xQueuePeekFromISR
                0x0000000000000000       0xd2 /tmp/ccVBVqpJ.o
 .text.uxQueueMessagesWaiting
                0x0000000000000000       0x3c /tmp/ccVBVqpJ.o
 .text.uxQueueSpacesAvailable
                0x0000000000000000       0x46 /tmp/ccVBVqpJ.o
 .text.uxQueueMessagesWaitingFromISR
                0x0000000000000000       0x3c /tmp/ccVBVqpJ.o
 .text.vQueueDelete
                0x0000000000000000       0x36 /tmp/ccVBVqpJ.o
 .text.uxQueueGetQueueItemSize
                0x0000000000000000       0x18 /tmp/ccVBVqpJ.o
 .text.uxQueueGetQueueLength
                0x0000000000000000       0x18 /tmp/ccVBVqpJ.o
 .text.prvCopyDataFromQueue
                0x0000000000000000       0x4c /tmp/ccVBVqpJ.o
 .text.xQueueIsQueueEmptyFromISR
                0x0000000000000000       0x48 /tmp/ccVBVqpJ.o
 .text.xQueueIsQueueFullFromISR
                0x0000000000000000       0x4c /tmp/ccVBVqpJ.o
 .text          0x0000000000000000        0x0 /tmp/ccy6uJmo.o
 .data          0x0000000000000000        0x0 /tmp/ccy6uJmo.o
 .bss           0x0000000000000000        0x0 /tmp/ccy6uJmo.o
 .text.vListInsertEnd
                0x0000000000000000       0x48 /tmp/ccy6uJmo.o
 .text          0x0000000000000000        0x0 /tmp/ccriSgVJ.o
 .data          0x0000000000000000        0x0 /tmp/ccriSgVJ.o
 .bss           0x0000000000000000        0x0 /tmp/ccriSgVJ.o
 .debug_info    0x0000000000000000       0x6b /tmp/ccriSgVJ.o
 .debug_abbrev  0x0000000000000000       0x26 /tmp/ccriSgVJ.o
 .debug_aranges
                0x0000000000000000       0x18 /tmp/ccriSgVJ.o
 .debug_line    0x0000000000000000       0x1d /tmp/ccriSgVJ.o
 .debug_str     0x0000000000000000      0x1b3 /tmp/ccriSgVJ.o
 .comment       0x0000000000000000       0x34 /tmp/ccriSgVJ.o
 .ARM.attributes
                0x0000000000000000       0x39 /tmp/ccriSgVJ.o
 .text          0x0000000000000000        0x0 /tmp/ccrLN6XS.o
 .data          0x0000000000000000        0x0 /tmp/ccrLN6XS.o
 .bss           0x0000000000000000        0x0 /tmp/ccrLN6XS.o
 .rodata.pcInterruptPriorityRegisters
                0x0000000000000000        0x4 /tmp/ccrLN6XS.o
 .text.vPortEndScheduler
                0x0000000000000000       0x38 /tmp/ccrLN6XS.o
 .text.vPortValidateInterruptPriority
                0x0000000000000000       0x80 /tmp/ccrLN6XS.o
 .text          0x0000000000000000        0x0 /tmp/ccTPW8nK.o
 .data          0x0000000000000000        0x0 /tmp/ccTPW8nK.o
 .bss           0x0000000000000000        0x0 /tmp/ccTPW8nK.o
 .rodata.xHeapStructSize
                0x0000000000000000        0x4 /tmp/ccTPW8nK.o
 .text.xPortGetFreeHeapSize
                0x0000000000000000       0x18 /tmp/ccTPW8nK.o
 .text.xPortGetMinimumEverFreeHeapSize
                0x0000000000000000       0x18 /tmp/ccTPW8nK.o
 .text.vPortInitialiseBlocks
                0x0000000000000000        0xe /tmp/ccTPW8nK.o
 .text.pvPortCalloc
                0x0000000000000000       0x60 /tmp/ccTPW8nK.o
 .text.vPortGetHeapStats
                0x0000000000000000       0xbc /tmp/ccTPW8nK.o
 .text.vPortHeapResetState
                0x0000000000000000       0x40 /tmp/ccTPW8nK.o
 .data          0x0000000000000000        0x0 /usr/lib/gcc/arm-none-eabi/10.3.1/thumb/v7e-m+fp/hard/libgcc.a(_aeabi_uldivmod.o)
 .bss           0x0000000000000000        0x0 /usr/lib/gcc/arm-none-eabi/10.3.1/thumb/v7e-m+fp/hard/libgcc.a(_aeabi_uldivmod.o)
 .data          0x0000000000000000        0x0 /usr/lib/gcc/arm-none-eabi/10.3.1/thumb/v7e-m+fp/hard/libgcc.a(_udivmoddi4.o)
 .bss           0x0000000000000000        0x0 /usr/lib/gcc/arm-none-eabi/10.3.1/thumb/v7e-m+fp/hard/libgcc.a(_udivmoddi4.o)
 .ARM.extab     0x0000000000000000        0x0 /usr/lib/gcc/arm-none-eabi/10.3.1/thumb/v7e-m+fp/hard/libgcc.a(_udivmoddi4.o)
 .data          0x0000000000000000        0x0 /usr/lib/gcc/arm-none-eabi/10.3.1/thumb/v7e-m+fp/hard/libgcc.a(_dvmd_tls.o)
 .bss           0x0000000000000000        0x0 /usr/lib/gcc/arm-none-eabi/10.3.1/thumb/v7e-m+fp/hard/libgcc.a(_dvmd_tls.o)
 .text          0x0000000000000000        0xc /usr/lib/gcc/arm-none-eabi/10.3.1/../../../arm-none-eabi/lib/thumb/v7e-m+fp/hard/libg.a(lib_a-atexit.o)
 .data          0x0000000000000000        0x0 /usr/lib/gcc/arm-none-eabi/10.3.1/../../../arm-none-eabi/lib/thumb/v7e-m+fp/hard/libg.a(lib_a-atexit.o)
 .bss           0x0000000000000000        0x0 /usr/lib/gcc/arm-none-eabi/10.3.1/../../../arm-none-eabi/lib/thumb/v7e-m+fp/hard/libg.a(lib_a-atexit.o)
 .debug_info    0x0000000000000000      0x100 /usr/lib/gcc/arm-none-eabi/10.3.1/../../../arm-none-eabi/lib/thumb/v7e-m+fp/hard/libg.a(lib_a-atexit.o)
 .debug_abbrev  0x0000000000000000       0xb7 /usr/lib/gcc/arm-none-eabi/10.3.1/../../../arm-none-eabi/lib/thumb/v7e-m+fp/hard/libg.a(lib_a-atexit.o)
 .debug_loc     0x0000000000000000       0x32 /usr/lib/gcc/arm-none-eabi/10.3.1/../../../arm-none-eabi/lib/thumb/v7e-m+fp/hard/libg.a(lib_a-atexit.o)
 .debug_aranges
                0x0000000000000000       0x20 /usr/lib/gcc/arm-none-eabi/10.3.1/../../../arm-none-eabi/lib/thumb/v7e-m+fp/hard/libg.a(lib_a-atexit.o)
 .debug_line    0x0000000000000000       0xc0 /usr/lib/gcc/arm-none-eabi/10.3.1/../../../arm-none-eabi/lib/thumb/v7e-m+fp/hard/libg.a(lib_a-atexit.o)
 .debug_str     0x0000000000000000      0x1e4 /usr/lib/gcc/arm-none-eabi/10.3.1/../../../arm-none-eabi/lib/thumb/v7e-m+fp/hard/libg.a(lib_a-atexit.o)
 .comment       0x0000000000000000       0x34 /usr/lib/gcc/arm-none-eabi/10.3.1/../../../arm-none-eabi/lib/thumb/v7e-m+fp/hard/libg.a(lib_a-atexit.o)
 .debug_frame   0x0000000000000000       0x20 /usr/lib/gcc/arm-none-eabi/10.3.1/../../../arm-none-eabi/lib/thumb/v7e-m+fp/hard/libg.a(lib_a-atexit.o)
 .ARM.attributes
                0x0000000000000000       0x34 /usr/lib/gcc/arm-none-eabi/10.3.1/../../../arm-none-eabi/lib/thumb/v7e-m+fp/hard/libg.a(lib_a-atexit.o)
 .text          0x0000000000000000       0x20 /usr/lib/gcc/arm-none-eabi/10.3.1/../../../arm-none-eabi/lib/thumb/v7e-m+fp/hard/libg.a(lib_a-exit.o)
 .data          0x0000000000000000        0x0 /usr/lib/gcc/arm-none-eabi/10.3.1/../../../arm-none-eabi/lib/thumb/v7e-m+fp/hard/libg.a(lib_a-exit.o)
 .bss           0x0000000000000000        0x0 /usr/lib/gcc/arm-none-eabi/10.3.1/../../../arm-none-eabi/lib/thumb/v7e-m+fp/hard/libg.a(lib_a-exit.o)
 .debug_info    0x0000000000000000      0x969 /usr/lib/gcc/arm-none-eabi/10.3.1/../../../arm-none-eabi/lib/thumb/v7e-m+fp/hard/libg.a(lib_a-exit.o)
 .debug_abbrev  0x0000000000000000      0x20c /usr/lib/gcc/arm-none-eabi/10.3.1/../../../arm-none-eabi/lib/thumb/v7e-m+fp/hard/libg.a(lib_a-exit.o)
 .debug_loc     0x0000000000000000       0x22 /usr/lib/gcc/arm-none-eabi/10.3.1/../../../arm-none-eabi/lib/thumb/v7e-m+fp/hard/libg.a(lib_a-exit.o)
 .debug_aranges
                0x0000000000000000       0x20 /usr/lib/gcc/arm-none-eabi/10.3.1/../../../arm-none-eabi/lib/thumb/v7e-m+fp/hard/libg.a(lib_a-exit.o)
 .debug_line    0x0000000000000000      0x179 /usr/lib/gcc/arm-none-eabi/10.3.1/../../../arm-none-eabi/lib/thumb/v7e-m+fp/hard/libg.a(lib_a-exit.o)
 .debug_str     0x0000000000000000      0x58b /usr/lib/gcc/arm-none-eabi/10.3.1/../../../arm-none-eabi/lib/thumb/v7e-m+fp/hard/libg.a(lib_a-exit.o)
 .comment       0x0000000000000000       0x34 /usr/lib/gcc/arm-none-eabi/10.3.1/../../../arm-none-eabi/lib/thumb/v7e-m+fp/hard/libg.a(lib_a-exit.o)
 .debug_frame   0x0000000000000000       0x28 /usr/lib/gcc/arm-none-eabi/10.3.1/../../../arm-none-eabi/lib/thumb/v7e-m+fp/hard/libg.a(lib_a-exit.o)
 .ARM.attributes
                0x0000000000000000       0x34 /usr/lib/gcc/arm-none-eabi/10.3.1/../../../arm-none-eabi/lib/thumb/v7e-m+fp/hard/libg.a(lib_a-exit.o)
 .text          0x0000000000000000       0x2c /usr/lib/gcc/arm-none-eabi/10.3.1/../../../arm-none-eabi/lib/thumb/v7e-m+fp/hard/libg.a(lib_a-fini.o)
 .data          0x0000000000000000        0x0 /usr/lib/gcc/arm-none-eabi/10.3.1/../../../arm-none-eabi/lib/thumb/v7e-m+fp/hard/libg.a(lib_a-fini.o)
 .bss           0x0000000000000000        0x0 /usr/lib/gcc/arm-none-eabi/10.3.1/../../../arm-none-eabi/lib/thumb/v7e-m+fp/hard/libg.a(lib_a-fini.o)
 .debug_info    0x0000000000000000      0x102 /usr/lib/gcc/arm-none-eabi/10.3.1/../../../arm-none-eabi/lib/thumb/v7e-m+fp/hard/libg.a(lib_a-fini.o)
 .debug_abbrev  0x0000000000000000       0xcf /usr/lib/gcc/arm-none-eabi/10.3.1/../../../arm-none-eabi/lib/thumb/v7e-m+fp/hard/libg.a(lib_a-fini.o)
 .debug_loc     0x0000000000000000       0x68 /usr/lib/gcc/arm-none-eabi/10.3.1/../../../arm-none-eabi/lib/thumb/v7e-m+fp/hard/libg.a(lib_a-fini.o)
 .debug_aranges
                0x0000000000000000       0x20 /usr/lib/gcc/arm-none-eabi/10.3.1/../../../arm-none-eabi/lib/thumb/v7e-m+fp/hard/libg.a(lib_a-fini.o)
 .debug_line    0x0000000000000000       0xed /usr/lib/gcc/arm-none-eabi/10.3.1/../../../arm-none-eabi/lib/thumb/v7e-m+fp/hard/libg.a(lib_a-fini.o)
 .debug_str     0x0000000000000000      0x1dc /usr/lib/gcc/arm-none-eabi/10.3.1/../../../arm-none-eabi/lib/thumb/v7e-m+fp/hard/libg.a(lib_a-fini.o)
 .comment       0x0000000000000000       0x34 /usr/lib/gcc/arm-none-eabi/10.3.1/../../../arm-none-eabi/lib/thumb/v7e-m+fp/hard/libg.a(lib_a-fini.o)
 .debug_frame   0x0000000000000000       0x34 /usr/lib/gcc/arm-none-eabi/10.3.1/../../../arm-none-eabi/lib/thumb/v7e-m+fp/hard/libg.a(lib_a-fini.o)
 .ARM.attributes
                0x0000000000000000       0x34 /usr/lib/gcc/arm-none-eabi/10.3.1/../../../arm-none-eabi/lib/thumb/v7e-m+fp/hard/libg.a(lib_a-fini.o)
 .text          0x0000000000000000        0x0 /usr/lib/gcc/arm-none-eabi/10.3.1/../../../arm-none-eabi/lib/thumb/v7e-m+fp/hard/libg.a(lib_a-impure.o)
 .data          0x0000000000000000      0x430 /usr/lib/gcc/arm-none-eabi/10.3.1/../../../arm-none-eabi/lib/thumb/v7e-m+fp/hard/libg.a(lib_a-impure.o)
 .bss           0x0000000000000000        0x0 /usr/lib/gcc/arm-none-eabi/10.3.1/../../../arm-none-eabi/lib/thumb/v7e-m+fp/hard/libg.a(lib_a-impure.o)
 .rodata        0x0000000000000000        0x4 /usr/lib/gcc/arm-none-eabi/10.3.1/../../../arm-none-eabi/lib/thumb/v7e-m+fp/hard/libg.a(lib_a-impure.o)
 .debug_info    0x0000000000000000      0x92a /usr/lib/gcc/arm-none-eabi/10.3.1/../../../arm-none-eabi/lib/thumb/v7e-m+fp/hard/libg.a(lib_a-impure.o)
 .debug_abbrev  0x0000000000000000      0x1b8 /usr/lib/gcc/arm-none-eabi/10.3.1/../../../arm-none-eabi/lib/thumb/v7e-m+fp/hard/libg.a(lib_a-impure.o)
 .debug_aranges
                0x0000000000000000       0x18 /usr/lib/gcc/arm-none-eabi/10.3.1/../../../arm-none-eabi/lib/thumb/v7e-m+fp/hard/libg.a(lib_a-impure.o)
 .debug_line    0x0000000000000000       0xe4 /usr/lib/gcc/arm-none-eabi/10.3.1/../../../arm-none-eabi/lib/thumb/v7e-m+fp/hard/libg.a(lib_a-impure.o)
 .debug_str     0x0000000000000000      0x582 /usr/lib/gcc/arm-none-eabi/10.3.1/../../../arm-none-eabi/lib/thumb/v7e-m+fp/hard/libg.a(lib_a-impure.o)
 .comment       0x0000000000000000       0x34 /usr/lib/gcc/arm-none-eabi/10.3.1/../../../arm-none-eabi/lib/thumb/v7e-m+fp/hard/libg.a(lib_a-impure.o)
 .ARM.attributes
                0x0000000000000000       0x32 /usr/lib/gcc/arm-none-eabi/10.3.1/../../../arm-none-eabi/lib/thumb/v7e-m+fp/hard/libg.a(lib_a-impure.o)
 .text          0x0000000000000000       0x48 /usr/lib/gcc/arm-none-eabi/10.3.1/../../../arm-none-eabi/lib/thumb/v7e-m+fp/hard/libg.a(lib_a-init.o)
 .data          0x0000000000000000        0x0 /usr/lib/gcc/arm-none-eabi/10.3.1/../../../arm-none-eabi/lib/thumb/v7e-m+fp/hard/libg.a(lib_a-init.o)
 .bss           0x0000000000000000        0x0 /usr/lib/gcc/arm-none-eabi/10.3.1/../../../arm-none-eabi/lib/thumb/v7e-m+fp/hard/libg.a(lib_a-init.o)
 .debug_info    0x0000000000000000      0x11a /usr/lib/gcc/arm-none-eabi/10.3.1/../../../arm-none-eabi/lib/thumb/v7e-m+fp/hard/libg.a(lib_a-init.o)
 .debug_abbrev  0x0000000000000000       0xcc /usr/lib/gcc/arm-none-eabi/10.3.1/../../../arm-none-eabi/lib/thumb/v7e-m+fp/hard/libg.a(lib_a-init.o)
 .debug_loc     0x0000000000000000       0xba /usr/lib/gcc/arm-none-eabi/10.3.1/../../../arm-none-eabi/lib/thumb/v7e-m+fp/hard/libg.a(lib_a-init.o)
 .debug_aranges
                0x0000000000000000       0x20 /usr/lib/gcc/arm-none-eabi/10.3.1/../../../arm-none-eabi/lib/thumb/v7e-m+fp/hard/libg.a(lib_a-init.o)
 .debug_line    0x0000000000000000      0x138 /usr/lib/gcc/arm-none-eabi/10.3.1/../../../arm-none-eabi/lib/thumb/v7e-m+fp/hard/libg.a(lib_a-init.o)
 .debug_str     0x0000000000000000      0x206 /usr/lib/gcc/arm-none-eabi/10.3.1/../../../arm-none-eabi/lib/thumb/v7e-m+fp/hard/libg.a(lib_a-init.o)
 .comment       0x0000000000000000       0x34 /usr/lib/gcc/arm-none-eabi/10.3.1/../../../arm-none-eabi/lib/thumb/v7e-m+fp/hard/libg.a(lib_a-init.o)
 .debug_frame   0x0000000000000000       0x2c /usr/lib/gcc/arm-none-eabi/10.3.1/../../../arm-none-eabi/lib/thumb/v7e-m+fp/hard/libg.a(lib_a-init.o)
 .ARM.attributes
                0x0000000000000000       0x34 /usr/lib/gcc/arm-none-eabi/10.3.1/../../../arm-none-eabi/lib/thumb/v7e-m+fp/hard/libg.a(lib_a-init.o)
 .data          0x0000000000000000        0x0 /usr/lib/gcc/arm-none-eabi/10.3.1/../../../arm-none-eabi/lib/thumb/v7e-m+fp/hard/libg.a(lib_a-memcpy.o)
 .bss           0x0000000000000000        0x0 /usr/lib/gcc/arm-none-eabi/10.3.1/../../../arm-none-eabi/lib/thumb/v7e-m+fp/hard/libg.a(lib_a-memcpy.o)
 .data          0x0000000000000000        0x0 /usr/lib/gcc/arm-none-eabi/10.3.1/../../../arm-none-eabi/lib/thumb/v7e-m+fp/hard/libg.a(lib_a-memset.o)
 .bss           0x0000000000000000        0x0 /usr/lib/gcc/arm-none-eabi/10.3.1/../../../arm-none-eabi/lib/thumb/v7e-m+fp/hard/libg.a(lib_a-memset.o)
 .text          0x0000000000000000       0x68 /usr/lib/gcc/arm-none-eabi/10.3.1/../../../arm-none-eabi/lib/thumb/v7e-m+fp/hard/libg.a(lib_a-__atexit.o)
 .data          0x0000000000000000        0x0 /usr/lib/gcc/arm-none-eabi/10.3.1/../../../arm-none-eabi/lib/thumb/v7e-m+fp/hard/libg.a(lib_a-__atexit.o)
 .bss           0x0000000000000000        0x0 /usr/lib/gcc/arm-none-eabi/10.3.1/../../../arm-none-eabi/lib/thumb/v7e-m+fp/hard/libg.a(lib_a-__atexit.o)
 .debug_info    0x0000000000000000      0x9b0 /usr/lib/gcc/arm-none-eabi/10.3.1/../../../arm-none-eabi/lib/thumb/v7e-m+fp/hard/libg.a(lib_a-__atexit.o)
 .debug_abbrev  0x0000000000000000      0x23f /usr/lib/gcc/arm-none-eabi/10.3.1/../../../arm-none-eabi/lib/thumb/v7e-m+fp/hard/libg.a(lib_a-__atexit.o)
 .debug_loc     0x0000000000000000      0x138 /usr/lib/gcc/arm-none-eabi/10.3.1/../../../arm-none-eabi/lib/thumb/v7e-m+fp/hard/libg.a(lib_a-__atexit.o)
 .debug_aranges
                0x0000000000000000       0x20 /usr/lib/gcc/arm-none-eabi/10.3.1/../../../arm-none-eabi/lib/thumb/v7e-m+fp/hard/libg.a(lib_a-__atexit.o)
 .debug_line    0x0000000000000000      0x19e /usr/lib/gcc/arm-none-eabi/10.3.1/../../../arm-none-eabi/lib/thumb/v7e-m+fp/hard/libg.a(lib_a-__atexit.o)
 .debug_str     0x0000000000000000      0x5bc /usr/lib/gcc/arm-none-eabi/10.3.1/../../../arm-none-eabi/lib/thumb/v7e-m+fp/hard/libg.a(lib_a-__atexit.o)
 .comment       0x0000000000000000       0x34 /usr/lib/gcc/arm-none-eabi/10.3.1/../../../arm-none-eabi/lib/thumb/v7e-m+fp/hard/libg.a(lib_a-__atexit.o)
 .debug_frame   0x0000000000000000       0x34 /usr/lib/gcc/arm-none-eabi/10.3.1/../../../arm-none-eabi/lib/thumb/v7e-m+fp/hard/libg.a(lib_a-__atexit.o)
 .ARM.attributes
                0x0000000000000000       0x34 /usr/lib/gcc/arm-none-eabi/10.3.1/../../../arm-none-eabi/lib/thumb/v7e-m+fp/hard/libg.a(lib_a-__atexit.o)
 .text          0x0000000000000000       0xb8 /usr/lib/gcc/arm-none-eabi/10.3.1/../../../arm-none-eabi/lib/thumb/v7e-m+fp/hard/libg.a(lib_a-__call_atexit.o)
 .data          0x0000000000000000        0x0 /usr/lib/gcc/arm-none-eabi/10.3.1/../../../arm-none-eabi/lib/thumb/v7e-m+fp/hard/libg.a(lib_a-__call_atexit.o)
 .bss           0x0000000000000000        0x0 /usr/lib/gcc/arm-none-eabi/10.3.1/../../../arm-none-eabi/lib/thumb/v7e-m+fp/hard/libg.a(lib_a-__call_atexit.o)
 .text.startup  0x0000000000000000       0x14 /usr/lib/gcc/arm-none-eabi/10.3.1/../../../arm-none-eabi/lib/thumb/v7e-m+fp/hard/libg.a(lib_a-__call_atexit.o)
 .init_array.00000
                0x0000000000000000        0x4 /usr/lib/gcc/arm-none-eabi/10.3.1/../../../arm-none-eabi/lib/thumb/v7e-m+fp/hard/libg.a(lib_a-__call_atexit.o)
 .debug_info    0x0000000000000000      0xa3d /usr/lib/gcc/arm-none-eabi/10.3.1/../../../arm-none-eabi/lib/thumb/v7e-m+fp/hard/libg.a(lib_a-__call_atexit.o)
 .debug_abbrev  0x0000000000000000      0x2b2 /usr/lib/gcc/arm-none-eabi/10.3.1/../../../arm-none-eabi/lib/thumb/v7e-m+fp/hard/libg.a(lib_a-__call_atexit.o)
 .debug_loc     0x0000000000000000      0x1cc /usr/lib/gcc/arm-none-eabi/10.3.1/../../../arm-none-eabi/lib/thumb/v7e-m+fp/hard/libg.a(lib_a-__call_atexit.o)
 .debug_aranges
                0x0000000000000000       0x28 /usr/lib/gcc/arm-none-eabi/10.3.1/../../../arm-none-eabi/lib/thumb/v7e-m+fp/hard/libg.a(lib_a-__call_atexit.o)
 .debug_ranges  0x0000000000000000       0x50 /usr/lib/gcc/arm-none-eabi/10.3.1/../../../arm-none-eabi/lib/thumb/v7e-m+fp/hard/libg.a(lib_a-__call_atexit.o)
 .debug_line    0x0000000000000000      0x28d /usr/lib/gcc/arm-none-eabi/10.3.1/../../../arm-none-eabi/lib/thumb/v7e-m+fp/hard/libg.a(lib_a-__call_atexit.o)
 .debug_str     0x0000000000000000      0x5e8 /usr/lib/gcc/arm-none-eabi/10.3.1/../../../arm-none-eabi/lib/thumb/v7e-m+fp/hard/libg.a(lib_a-__call_atexit.o)
 .comment       0x0000000000000000       0x34 /usr/lib/gcc/arm-none-eabi/10.3.1/../../../arm-none-eabi/lib/thumb/v7e-m+fp/hard/libg.a(lib_a-__call_atexit.o)
 .debug_frame   0x0000000000000000       0x5c /usr/lib/gcc/arm-none-eabi/10.3.1/../../../arm-none-eabi/lib/thumb/v7e-m+fp/hard/libg.a(lib_a-__call_atexit.o)
 .ARM.attributes
                0x0000000000000000       0x34 /usr/lib/gcc/arm-none-eabi/10.3.1/../../../arm-none-eabi/lib/thumb/v7e-m+fp/hard/libg.a(lib_a-__call_atexit.o)
 .text          0x0000000000000000        0x4 /usr/lib/gcc/arm-none-eabi/10.3.1/../../../arm-none-eabi/lib/thumb/v7e-m+fp/hard/libnosys.a(_exit.o)
 .data          0x0000000000000000        0x0 /usr/lib/gcc/arm-none-eabi/10.3.1/../../../arm-none-eabi/lib/thumb/v7e-m+fp/hard/libnosys.a(_exit.o)
 .bss           0x0000000000000000        0x0 /usr/lib/gcc/arm-none-eabi/10.3.1/../../../arm-none-eabi/lib/thumb/v7e-m+fp/hard/libnosys.a(_exit.o)
 .debug_info    0x0000000000000000       0xa3 /usr/lib/gcc/arm-none-eabi/10.3.1/../../../arm-none-eabi/lib/thumb/v7e-m+fp/hard/libnosys.a(_exit.o)
 .debug_abbrev  0x0000000000000000       0x6a /usr/lib/gcc/arm-none-eabi/10.3.1/../../../arm-none-eabi/lib/thumb/v7e-m+fp/hard/libnosys.a(_exit.o)
 .debug_loc     0x0000000000000000       0x15 /usr/lib/gcc/arm-none-eabi/10.3.1/../../../arm-none-eabi/lib/thumb/v7e-m+fp/hard/libnosys.a(_exit.o)
 .debug_aranges
                0x0000000000000000       0x20 /usr/lib/gcc/arm-none-eabi/10.3.1/../../../arm-none-eabi/lib/thumb/v7e-m+fp/hard/libnosys.a(_exit.o)
 .debug_line    0x0000000000000000       0x75 /usr/lib/gcc/arm-none-eabi/10.3.1/../../../arm-none-eabi/lib/thumb/v7e-m+fp/hard/libnosys.a(_exit.o)
 .debug_str     0x0000000000000000      0x181 /usr/lib/gcc/arm-none-eabi/10.3.1/../../../arm-none-eabi/lib/thumb/v7e-m+fp/hard/libnosys.a(_exit.o)
 .comment       0x0000000000000000       0x34 /usr/lib/gcc/arm-none-eabi/10.3.1/../../../arm-none-eabi/lib/thumb/v7e-m+fp/hard/libnosys.a(_exit.o)
 .debug_frame   0x0000000000000000       0x20 /usr/lib/gcc/arm-none-eabi/10.3.1/../../../arm-none-eabi/lib/thumb/v7e-m+fp/hard/libnosys.a(_exit.o)
 .ARM.attributes
                0x0000000000000000       0x34 /usr/lib/gcc/arm-none-eabi/10.3.1/../../../arm-none-eabi/lib/thumb/v7e-m+fp/hard/libnosys.a(_exit.o)
 .text          0x0000000000000000        0x0 /usr/lib/gcc/arm-none-eabi/10.3.1/thumb/v7e-m+fp/hard/crtend.o
 .data          0x0000000000000000        0x0 /usr/lib/gcc/arm-none-eabi/10.3.1/thumb/v7e-m+fp/hard/crtend.o
 .bss           0x0000000000000000        0x0 /usr/lib/gcc/arm-none-eabi/10.3.1/thumb/v7e-m+fp/hard/crtend.o
 .rodata        0x0000000000000000       0x24 /usr/lib/gcc/arm-none-eabi/10.3.1/thumb/v7e-m+fp/hard/crtend.o
 .eh_frame      0x0000000000000000        0x4 /usr/lib/gcc/arm-none-eabi/10.3.1/thumb/v7e-m+fp/hard/crtend.o
 .tm_clone_table
                0x0000000000000000        0x0 /usr/lib/gcc/arm-none-eabi/10.3.1/thumb/v7e-m+fp/hard/crtend.o
 .comment       0x0000000000000000       0x34 /usr/lib/gcc/arm-none-eabi/10.3.1/thumb/v7e-m+fp/hard/crtend.o
 .ARM.attributes
                0x0000000000000000       0x32 /usr/lib/gcc/arm-none-eabi/10.3.1/thumb/v7e-m+fp/hard/crtend.o
 .text          0x0000000000000000        0x0 /usr/lib/gcc/arm-none-eabi/10.3.1/thumb/v7e-m+fp/hard/crtn.o
 .data          0x0000000000000000        0x0 /usr/lib/gcc/arm-none-eabi/10.3.1/thumb/v7e-m+fp/hard/crtn.o
 .bss           0x0000000000000000        0x0 /usr/lib/gcc/arm-none-eabi/10.3.1/thumb/v7e-m+fp/hard/crtn.o
 .init          0x0000000000000000        0x8 /usr/lib/gcc/arm-none-eabi/10.3.1/thumb/v7e-m+fp/hard/crtn.o
 .fini          0x0000000000000000        0x8 /usr/lib/gcc/arm-none-eabi/10.3.1/thumb/v7e-m+fp/hard/crtn.o
 .ARM.attributes
                0x0000000000000000       0x1e /usr/lib/gcc/arm-none-eabi/10.3.1/thumb/v7e-m+fp/hard/crtn.o

Memory Configuration

Name             Origin             Length             Attributes
FLASH            0x0000000000000000 0x0000000000040000 xr
RAM              0x0000000020000000 0x0000000000008000 xrw
*default*        0x0000000000000000 0xffffffffffffffff

Linker script and memory map

LOAD /usr/lib/gcc/arm-none-eabi/10.3.1/thumb/v7e-m+fp/hard/crti.o
LOAD /usr/lib/gcc/arm-none-eabi/10.3.1/thumb/v7e-m+fp/hard/crtbegin.o
LOAD /usr/lib/gcc/arm-none-eabi/10.3.1/../../../arm-none-eabi/lib/thumb/v7e-m+fp/hard/crt0.o
LOAD /tmp/ccNAyrVF.o
LOAD /tmp/cc1Xw9Ws.o
LOAD /tmp/ccimLpPt.o
LOAD /tmp/ccVBVqpJ.o
LOAD /tmp/ccy6uJmo.o
LOAD /tmp/ccriSgVJ.o
LOAD /tmp/ccrLN6XS.o
LOAD /tmp/ccTPW8nK.o
START GROUP
LOAD /usr/lib/gcc/arm-none-eabi/10.3.1/thumb/v7e-m+fp/hard/libgcc.a
LOAD /usr/lib/gcc/arm-none-eabi/10.3.1/../../../arm-none-eabi/lib/thumb/v7e-m+fp/hard/libg.a
LOAD /usr/lib/gcc/arm-none-eabi/10.3.1/../../../arm-none-eabi/lib/thumb/v7e-m+fp/hard/libc.a
END GROUP
START GROUP
LOAD /usr/lib/gcc/arm-none-eabi/10.3.1/thumb/v7e-m+fp/hard/libgcc.a
LOAD /usr/lib/gcc/arm-none-eabi/10.3.1/../../../arm-none-eabi/lib/thumb/v7e-m+fp/hard/libc.a
LOAD /usr/lib/gcc/arm-none-eabi/10.3.1/../../../arm-none-eabi/lib/thumb/v7e-m+fp/hard/libnosys.a
END GROUP
LOAD /usr/lib/gcc/arm-none-eabi/10.3.1/thumb/v7e-m+fp/hard/crtend.o
LOAD /usr/lib/gcc/arm-none-eabi/10.3.1/thumb/v7e-m+fp/hard/crtn.o
                0x0000000020008000                _estack = (ORIGIN (RAM) + LENGTH (RAM))

.isr_vector     0x0000000000000000      0x27c
 *(.isr_vector)
 .isr_vector    0x0000000000000000      0x27c /tmp/cc1Xw9Ws.o
                0x0000000000000000                g_pfnVectors

.text           0x0000000000000280     0x3a30
 *(.text*)
 .text.uart_putc
                0x0000000000000280       0x34 /tmp/ccNAyrVF.o
 .text.uart_puts
                0x00000000000002b4       0x2a /tmp/ccNAyrVF.o
 .text.uart_nl  0x00000000000002de       0x14 /tmp/ccNAyrVF.o
 *fill*         0x00000000000002f2        0x2 
 .text.uart_udec
                0x00000000000002f4       0x7c /tmp/ccNAyrVF.o
 .text.uart_getc_nonblock
                0x0000000000000370       0x30 /tmp/ccNAyrVF.o
 .text.sanitize_target_rpm
                0x00000000000003a0       0x24 /tmp/ccNAyrVF.o
                0x00000000000003a0                sanitize_target_rpm
 .text.sanitize_measured_rpm
                0x00000000000003c4       0x28 /tmp/ccNAyrVF.o
                0x00000000000003c4                sanitize_measured_rpm
 .text.sanitize_cruise_state
                0x00000000000003ec       0x28 /tmp/ccNAyrVF.o
                0x00000000000003ec                sanitize_cruise_state
 .text.sanitize_duty
                0x0000000000000414       0x20 /tmp/ccNAyrVF.o
                0x0000000000000414                sanitize_duty
 .text.sanitize_sample_period
                0x0000000000000434       0x28 /tmp/ccNAyrVF.o
                0x0000000000000434                sanitize_sample_period
 .text.GPIO_Init
                0x000000000000045c      0x204 /tmp/ccNAyrVF.o
                0x000000000000045c                GPIO_Init
 .text.ADC_Init
                0x0000000000000660       0xac /tmp/ccNAyrVF.o
                0x0000000000000660                ADC_Init
 .text.PWM_Init
                0x000000000000070c       0xc0 /tmp/ccNAyrVF.o
                0x000000000000070c                PWM_Init
 .text.PWM_SetDuty
                0x00000000000007cc       0x54 /tmp/ccNAyrVF.o
                0x00000000000007cc                PWM_SetDuty
 .text.led_set  0x0000000000000820       0x5c /tmp/ccNAyrVF.o
                0x0000000000000820                led_set
 .text.GPIOPortD_Handler
                0x000000000000087c       0x3c /tmp/ccNAyrVF.o
                0x000000000000087c                GPIOPortD_Handler
 .text.vEncoderTask
                0x00000000000008b8      0x278 /tmp/ccNAyrVF.o
                0x00000000000008b8                vEncoderTask
 .text.vCruiseTask
                0x0000000000000b30      0x108 /tmp/ccNAyrVF.o
                0x0000000000000b30                vCruiseTask
 .text.vManualTask
                0x0000000000000c38      0x174 /tmp/ccNAyrVF.o
                0x0000000000000c38                vManualTask
 .text.vApplicationStackOverflowHook
                0x0000000000000dac       0x16 /tmp/ccNAyrVF.o
                0x0000000000000dac                vApplicationStackOverflowHook
 *fill*         0x0000000000000dc2        0x2 
 .text.main     0x0000000000000dc4      0x168 /tmp/ccNAyrVF.o
                0x0000000000000dc4                main
 .text.NMI_Handler
                0x0000000000000f2c        0x6 /tmp/cc1Xw9Ws.o
                0x0000000000000f2c                NMI_Handler
 .text.HardFault_Handler
                0x0000000000000f32        0x6 /tmp/cc1Xw9Ws.o
                0x0000000000000f32                HardFault_Handler
 .text.MemManage_Handler
                0x0000000000000f38        0x6 /tmp/cc1Xw9Ws.o
                0x0000000000000f38                MemManage_Handler
 .text.BusFault_Handler
                0x0000000000000f3e        0x6 /tmp/cc1Xw9Ws.o
                0x0000000000000f3e                BusFault_Handler
 .text.UsageFault_Handler
                0x0000000000000f44        0x6 /tmp/cc1Xw9Ws.o
                0x0000000000000f44                UsageFault_Handler
 .text.DebugMon_Handler
                0x0000000000000f4a        0x6 /tmp/cc1Xw9Ws.o
                0x0000000000000f4a                DebugMon_Handler
 .text.IntDefaultHandler
                0x0000000000000f50        0x6 /tmp/cc1Xw9Ws.o
                0x0000000000000f50                IntDefaultHandler
 *fill*         0x0000000000000f56        0x2 
 .text.Reset_Handler
                0x0000000000000f58       0x5c /tmp/cc1Xw9Ws.o
                0x0000000000000f58                Reset_Handler
 .text.prvCreateTask
                0x0000000000000fb4       0x78 /tmp/ccimLpPt.o
 .text.xTaskCreate
                0x000000000000102c       0x46 /tmp/ccimLpPt.o
                0x000000000000102c                xTaskCreate
 .text.prvInitialiseNewTask
                0x0000000000001072      0x11c /tmp/ccimLpPt.o
 *fill*         0x000000000000118e        0x2 
 .text.prvAddNewTaskToReadyList
                0x0000000000001190      0x128 /tmp/ccimLpPt.o
 .text.xTaskDelayUntil
                0x00000000000012b8       0xfc /tmp/ccimLpPt.o
                0x00000000000012b8                xTaskDelayUntil
 .text.prvCreateIdleTasks
                0x00000000000013b4       0x94 /tmp/ccimLpPt.o
 .text.vTaskStartScheduler
                0x0000000000001448       0x7c /tmp/ccimLpPt.o
                0x0000000000001448                vTaskStartScheduler
 .text.vTaskSuspendAll
                0x00000000000014c4       0x1c /tmp/ccimLpPt.o
                0x00000000000014c4                vTaskSuspendAll
 .text.xTaskResumeAll
                0x00000000000014e0      0x210 /tmp/ccimLpPt.o
                0x00000000000014e0                xTaskResumeAll
 .text.xTaskGetTickCount
                0x00000000000016f0       0x20 /tmp/ccimLpPt.o
                0x00000000000016f0                xTaskGetTickCount
 .text.xTaskIncrementTick
                0x0000000000001710      0x230 /tmp/ccimLpPt.o
                0x0000000000001710                xTaskIncrementTick
 .text.vTaskSwitchContext
                0x0000000000001940      0x104 /tmp/ccimLpPt.o
                0x0000000000001940                vTaskSwitchContext
 .text.vTaskPlaceOnEventList
                0x0000000000001a44       0x48 /tmp/ccimLpPt.o
                0x0000000000001a44                vTaskPlaceOnEventList
 .text.xTaskRemoveFromEventList
                0x0000000000001a8c      0x1b0 /tmp/ccimLpPt.o
                0x0000000000001a8c                xTaskRemoveFromEventList
 .text.vTaskInternalSetTimeOutState
                0x0000000000001c3c       0x2c /tmp/ccimLpPt.o
                0x0000000000001c3c                vTaskInternalSetTimeOutState
 .text.xTaskCheckForTimeOut
                0x0000000000001c68       0xcc /tmp/ccimLpPt.o
                0x0000000000001c68                xTaskCheckForTimeOut
 .text.vTaskMissedYield
                0x0000000000001d34       0x18 /tmp/ccimLpPt.o
                0x0000000000001d34                vTaskMissedYield
 .text.prvIdleTask
                0x0000000000001d4c       0x30 /tmp/ccimLpPt.o
 .text.prvInitialiseTaskLists
                0x0000000000001d7c       0x74 /tmp/ccimLpPt.o
 .text.prvCheckTasksWaitingTermination
                0x0000000000001df0        0xe /tmp/ccimLpPt.o
 *fill*         0x0000000000001dfe        0x2 
 .text.prvResetNextTaskUnblockTime
                0x0000000000001e00       0x38 /tmp/ccimLpPt.o
 .text.xTaskPriorityInherit
                0x0000000000001e38      0x140 /tmp/ccimLpPt.o
                0x0000000000001e38                xTaskPriorityInherit
 .text.xTaskPriorityDisinherit
                0x0000000000001f78      0x14c /tmp/ccimLpPt.o
                0x0000000000001f78                xTaskPriorityDisinherit
 .text.vTaskPriorityDisinheritAfterTimeout
                0x00000000000020c4      0x174 /tmp/ccimLpPt.o
                0x00000000000020c4                vTaskPriorityDisinheritAfterTimeout
 .text.pvTaskIncrementMutexHeldCount
                0x0000000000002238       0x30 /tmp/ccimLpPt.o
                0x0000000000002238                pvTaskIncrementMutexHeldCount
 .text.prvAddCurrentTaskToDelayedList
                0x0000000000002268      0x104 /tmp/ccimLpPt.o
 .text.xQueueGenericReset
                0x000000000000236c      0x120 /tmp/ccVBVqpJ.o
                0x000000000000236c                xQueueGenericReset
 .text.xQueueGenericCreate
                0x000000000000248c       0x9c /tmp/ccVBVqpJ.o
                0x000000000000248c                xQueueGenericCreate
 .text.prvInitialiseNewQueue
                0x0000000000002528       0x3e /tmp/ccVBVqpJ.o
 .text.prvInitialiseMutex
                0x0000000000002566       0x34 /tmp/ccVBVqpJ.o
 .text.xQueueCreateMutex
                0x000000000000259a       0x30 /tmp/ccVBVqpJ.o
                0x000000000000259a                xQueueCreateMutex
 *fill*         0x00000000000025ca        0x2 
 .text.xQueueGenericSend
                0x00000000000025cc      0x1cc /tmp/ccVBVqpJ.o
                0x00000000000025cc                xQueueGenericSend
 .text.xQueueSemaphoreTake
                0x0000000000002798      0x1cc /tmp/ccVBVqpJ.o
                0x0000000000002798                xQueueSemaphoreTake
 .text.prvGetDisinheritPriorityAfterTimeout
                0x0000000000002964       0x30 /tmp/ccVBVqpJ.o
 .text.prvCopyDataToQueue
                0x0000000000002994       0xd4 /tmp/ccVBVqpJ.o
 .text.prvUnlockQueue
                0x0000000000002a68       0xa4 /tmp/ccVBVqpJ.o
 .text.prvIsQueueEmpty
                0x0000000000002b0c       0x2c /tmp/ccVBVqpJ.o
 .text.prvIsQueueFull
                0x0000000000002b38       0x30 /tmp/ccVBVqpJ.o
 .text.vListInitialise
                0x0000000000002b68       0x40 /tmp/ccy6uJmo.o
                0x0000000000002b68                vListInitialise
 .text.vListInitialiseItem
                0x0000000000002ba8       0x1a /tmp/ccy6uJmo.o
                0x0000000000002ba8                vListInitialiseItem
 .text.vListInsert
                0x0000000000002bc2       0x72 /tmp/ccy6uJmo.o
                0x0000000000002bc2                vListInsert
 .text.uxListRemove
                0x0000000000002c34       0x54 /tmp/ccy6uJmo.o
                0x0000000000002c34                uxListRemove
 .text.pxPortInitialiseStack
                0x0000000000002c88       0x68 /tmp/ccrLN6XS.o
                0x0000000000002c88                pxPortInitialiseStack
 .text.prvTaskExitError
                0x0000000000002cf0       0x58 /tmp/ccrLN6XS.o
 *fill*         0x0000000000002d48        0x8 
 .text.vPortSVCHandler
                0x0000000000002d50       0x28 /tmp/ccrLN6XS.o
                0x0000000000002d50                vPortSVCHandler
 .text.prvPortStartFirstTask
                0x0000000000002d78       0x2c /tmp/ccrLN6XS.o
 .text.xPortStartScheduler
                0x0000000000002da4      0x1d4 /tmp/ccrLN6XS.o
                0x0000000000002da4                xPortStartScheduler
 .text.vPortEnterCritical
                0x0000000000002f78       0x60 /tmp/ccrLN6XS.o
                0x0000000000002f78                vPortEnterCritical
 .text.vPortExitCritical
                0x0000000000002fd8       0x54 /tmp/ccrLN6XS.o
                0x0000000000002fd8                vPortExitCritical
 *fill*         0x000000000000302c        0x4 
 .text.xPortPendSVHandler
                0x0000000000003030       0x68 /tmp/ccrLN6XS.o
                0x0000000000003030                xPortPendSVHandler
 .text.xPortSysTickHandler
                0x0000000000003098       0x44 /tmp/ccrLN6XS.o
                0x0000000000003098                xPortSysTickHandler
 .text.vPortSetupTimerInterrupt
                0x00000000000030dc       0x34 /tmp/ccrLN6XS.o
                0x00000000000030dc                vPortSetupTimerInterrupt
 .text.vPortEnableVFP
                0x0000000000003110       0x18 /tmp/ccrLN6XS.o
 .text.pvPortMalloc
                0x0000000000003128      0x258 /tmp/ccTPW8nK.o
                0x0000000000003128                pvPortMalloc
 .text.vPortFree
                0x0000000000003380       0xf0 /tmp/ccTPW8nK.o
                0x0000000000003380                vPortFree
 .text.prvHeapInit
                0x0000000000003470       0xb4 /tmp/ccTPW8nK.o
 .text.prvInsertBlockIntoFreeList
                0x0000000000003524       0xf4 /tmp/ccTPW8nK.o
 .text          0x0000000000003618       0x30 /usr/lib/gcc/arm-none-eabi/10.3.1/thumb/v7e-m+fp/hard/libgcc.a(_aeabi_uldivmod.o)
                0x0000000000003618                __aeabi_uldivmod
 .text          0x0000000000003648      0x2d0 /usr/lib/gcc/arm-none-eabi/10.3.1/thumb/v7e-m+fp/hard/libgcc.a(_udivmoddi4.o)
                0x0000000000003648                __udivmoddi4
 .text          0x0000000000003918        0x4 /usr/lib/gcc/arm-none-eabi/10.3.1/thumb/v7e-m+fp/hard/libgcc.a(_dvmd_tls.o)
                0x0000000000003918                __aeabi_ldiv0
                0x0000000000003918                __aeabi_idiv0
 .text          0x000000000000391c      0x134 /usr/lib/gcc/arm-none-eabi/10.3.1/../../../arm-none-eabi/lib/thumb/v7e-m+fp/hard/libg.a(lib_a-memcpy.o)
                0x000000000000391c                memcpy
 .text          0x0000000000003a50       0xa4 /usr/lib/gcc/arm-none-eabi/10.3.1/../../../arm-none-eabi/lib/thumb/v7e-m+fp/hard/libg.a(lib_a-memset.o)
                0x0000000000003a50                memset
 *(.rodata*)
 .rodata        0x0000000000003af4      0x1aa /tmp/ccNAyrVF.o
 *fill*         0x0000000000003c9e        0x2 
 .rodata        0x0000000000003ca0        0x5 /tmp/ccimLpPt.o
 *(.init)
 *fill*         0x0000000000003ca5        0x3 
 .init          0x0000000000003ca8        0x4 /usr/lib/gcc/arm-none-eabi/10.3.1/thumb/v7e-m+fp/hard/crti.o
                0x0000000000003ca8                _init
 *(.fini)
 .fini          0x0000000000003cac        0x4 /usr/lib/gcc/arm-none-eabi/10.3.1/thumb/v7e-m+fp/hard/crti.o
                0x0000000000003cac                _fini
                0x0000000000003cb0                . = ALIGN (0x4)
                0x0000000000003cb0                _etext = .
                0x0000000000003cb8                _la_data = LOADADDR (.data)

.glue_7         0x0000000000003cb0        0x0
 .glue_7        0x0000000000003cb0        0x0 linker stubs

.glue_7t        0x0000000000003cb0        0x0
 .glue_7t       0x0000000000003cb0        0x0 linker stubs

.vfp11_veneer   0x0000000000003cb0        0x0
 .vfp11_veneer  0x0000000000003cb0        0x0 linker stubs

.v4_bx          0x0000000000003cb0        0x0
 .v4_bx         0x0000000000003cb0        0x0 linker stubs

.iplt           0x0000000000003cb0        0x0
 .iplt          0x0000000000003cb0        0x0 /tmp/ccNAyrVF.o

.rel.dyn        0x0000000000003cb0        0x0
 .rel.iplt      0x0000000000003cb0        0x0 /tmp/ccNAyrVF.o

.ARM.exidx      0x0000000000003cb0        0x8
 .ARM.exidx     0x0000000000003cb0        0x8 /usr/lib/gcc/arm-none-eabi/10.3.1/thumb/v7e-m+fp/hard/libgcc.a(_udivmoddi4.o)

.data           0x0000000020000000       0x14 load address 0x0000000000003cb8
                0x0000000020000000                . = ALIGN (0x4)
                0x0000000020000000                _sdata = .
 *(.data*)
 .data.target_rpm
                0x0000000020000000        0x4 /tmp/ccNAyrVF.o
                0x0000000020000000                target_rpm
 .data.sample_period
                0x0000000020000004        0x4 /tmp/ccNAyrVF.o
                0x0000000020000004                sample_period
 .data.max_duty
                0x0000000020000008        0x4 /tmp/ccNAyrVF.o
                0x0000000020000008                max_duty
 .data.uxTopUsedPriority
                0x000000002000000c        0x4 /tmp/ccimLpPt.o
 .data.uxCriticalNesting
                0x0000000020000010        0x4 /tmp/ccrLN6XS.o
                0x0000000020000014                . = ALIGN (0x4)
                0x0000000020000014                _edata = .

.igot.plt       0x0000000020000014        0x0 load address 0x0000000000003ccc
 .igot.plt      0x0000000020000014        0x0 /tmp/ccNAyrVF.o

.bss            0x0000000020000014     0x2940 load address 0x0000000000003ccc
                0x0000000020000014                . = ALIGN (0x4)
                0x0000000020000014                _sbss = .
 *(.bss*)
 .bss.cruise_state
                0x0000000020000014        0x1 /tmp/ccNAyrVF.o
                0x0000000020000014                cruise_state
 *fill*         0x0000000020000015        0x3 
 .bss.current_rpm
                0x0000000020000018        0x4 /tmp/ccNAyrVF.o
                0x0000000020000018                current_rpm
 .bss.encoder_count
                0x000000002000001c        0x4 /tmp/ccNAyrVF.o
                0x000000002000001c                encoder_count
 .bss.zero_rpm_count
                0x0000000020000020        0x4 /tmp/ccNAyrVF.o
                0x0000000020000020                zero_rpm_count
 .bss.min_duty  0x0000000020000024        0x4 /tmp/ccNAyrVF.o
                0x0000000020000024                min_duty
 .bss.sim_throttle
                0x0000000020000028        0x4 /tmp/ccNAyrVF.o
                0x0000000020000028                sim_throttle
 .bss.encoder_task_kick
                0x000000002000002c        0x4 /tmp/ccNAyrVF.o
                0x000000002000002c                encoder_task_kick
 .bss.cruise_task_kick
                0x0000000020000030        0x4 /tmp/ccNAyrVF.o
                0x0000000020000030                cruise_task_kick
 .bss.manual_task_kick
                0x0000000020000034        0x4 /tmp/ccNAyrVF.o
                0x0000000020000034                manual_task_kick
 .bss.xRPMMutex
                0x0000000020000038        0x4 /tmp/ccNAyrVF.o
                0x0000000020000038                xRPMMutex
 .bss.xStateMutex
                0x000000002000003c        0x4 /tmp/ccNAyrVF.o
                0x000000002000003c                xStateMutex
 .bss.sim_rpm.0
                0x0000000020000040        0x4 /tmp/ccNAyrVF.o
 .bss.pxCurrentTCB
                0x0000000020000044        0x4 /tmp/ccimLpPt.o
                0x0000000020000044                pxCurrentTCB
 .bss.pxReadyTasksLists
                0x0000000020000048       0x64 /tmp/ccimLpPt.o
 .bss.xDelayedTaskList1
                0x00000000200000ac       0x14 /tmp/ccimLpPt.o
 .bss.xDelayedTaskList2
                0x00000000200000c0       0x14 /tmp/ccimLpPt.o
 .bss.pxDelayedTaskList
                0x00000000200000d4        0x4 /tmp/ccimLpPt.o
 .bss.pxOverflowDelayedTaskList
                0x00000000200000d8        0x4 /tmp/ccimLpPt.o
 .bss.xPendingReadyList
                0x00000000200000dc       0x14 /tmp/ccimLpPt.o
 .bss.xSuspendedTaskList
                0x00000000200000f0       0x14 /tmp/ccimLpPt.o
 .bss.uxCurrentNumberOfTasks
                0x0000000020000104        0x4 /tmp/ccimLpPt.o
 .bss.xTickCount
                0x0000000020000108        0x4 /tmp/ccimLpPt.o
 .bss.uxTopReadyPriority
                0x000000002000010c        0x4 /tmp/ccimLpPt.o
 .bss.xSchedulerRunning
                0x0000000020000110        0x4 /tmp/ccimLpPt.o
 .bss.xPendedTicks
                0x0000000020000114        0x4 /tmp/ccimLpPt.o
 .bss.xYieldPendings
                0x0000000020000118        0x4 /tmp/ccimLpPt.o
 .bss.xNumOfOverflows
                0x000000002000011c        0x4 /tmp/ccimLpPt.o
 .bss.uxTaskNumber
                0x0000000020000120        0x4 /tmp/ccimLpPt.o
 .bss.xNextTaskUnblockTime
                0x0000000020000124        0x4 /tmp/ccimLpPt.o
 .bss.xIdleTaskHandles
                0x0000000020000128        0x4 /tmp/ccimLpPt.o
 .bss.uxSchedulerSuspended
                0x000000002000012c        0x4 /tmp/ccimLpPt.o
 .bss.ucMaxSysCallPriority
                0x0000000020000130        0x1 /tmp/ccrLN6XS.o
 *fill*         0x0000000020000131        0x3 
 .bss.ulMaxPRIGROUPValue
                0x0000000020000134        0x4 /tmp/ccrLN6XS.o
 .bss.ucHeap    0x0000000020000138     0x2800 /tmp/ccTPW8nK.o
 .bss.xStart    0x0000000020002938        0x8 /tmp/ccTPW8nK.o
 .bss.pxEnd     0x0000000020002940        0x4 /tmp/ccTPW8nK.o
 .bss.xFreeBytesRemaining
                0x0000000020002944        0x4 /tmp/ccTPW8nK.o
 .bss.xMinimumEverFreeBytesRemaining
                0x0000000020002948        0x4 /tmp/ccTPW8nK.o
 .bss.xNumberOfSuccessfulAllocations
                0x000000002000294c        0x4 /tmp/ccTPW8nK.o
 .bss.xNumberOfSuccessfulFrees
                0x0000000020002950        0x4 /tmp/ccTPW8nK.o
 *(COMMON)
                0x0000000020002954                . = ALIGN (0x4)
                0x0000000020002954                _ebss = .
OUTPUT(main.elf elf32-littlearm)
LOAD linker stubs

.ARM.attributes
                0x0000000000000000       0x30
 .ARM.attributes
                0x0000000000000000       0x1e /usr/lib/gcc/arm-none-eabi/10.3.1/thumb/v7e-m+fp/hard/crti.o
 .ARM.attributes
                0x000000000000001e       0x34 /tmp/ccNAyrVF.o
 .ARM.attributes
                0x0000000000000052       0x34 /tmp/cc1Xw9Ws.o
 .ARM.attributes
                0x0000000000000086       0x34 /tmp/ccimLpPt.o
 .ARM.attributes
                0x00000000000000ba       0x34 /tmp/ccVBVqpJ.o
 .ARM.attributes
                0x00000000000000ee       0x34 /tmp/ccy6uJmo.o
 .ARM.attributes
                0x0000000000000122       0x34 /tmp/ccrLN6XS.o
 .ARM.attributes
                0x0000000000000156       0x34 /tmp/ccTPW8nK.o
 .ARM.attributes
                0x000000000000018a       0x1e /usr/lib/gcc/arm-none-eabi/10.3.1/thumb/v7e-m+fp/hard/libgcc.a(_aeabi_uldivmod.o)
 .ARM.attributes
                0x00000000000001a8       0x34 /usr/lib/gcc/arm-none-eabi/10.3.1/thumb/v7e-m+fp/hard/libgcc.a(_udivmoddi4.o)
 .ARM.attributes
                0x00000000000001dc       0x1e /usr/lib/gcc/arm-none-eabi/10.3.1/thumb/v7e-m+fp/hard/libgcc.a(_dvmd_tls.o)
 .ARM.attributes
                0x00000000000001fa       0x1c /usr/lib/gcc/arm-none-eabi/10.3.1/../../../arm-none-eabi/lib/thumb/v7e-m+fp/hard/libg.a(lib_a-memcpy.o)
 .ARM.attributes
                0x0000000000000216       0x34 /usr/lib/gcc/arm-none-eabi/10.3.1/../../../arm-none-eabi/lib/thumb/v7e-m+fp/hard/libg.a(lib_a-memset.o)

.comment        0x0000000000000000       0x33
 .comment       0x0000000000000000       0x33 /tmp/ccNAyrVF.o
                                         0x34 (size before relaxing)
 .comment       0x0000000000000033       0x34 /tmp/cc1Xw9Ws.o
 .comment       0x0000000000000033       0x34 /tmp/ccimLpPt.o
 .comment       0x0000000000000033       0x34 /tmp/ccVBVqpJ.o
 .comment       0x0000000000000033       0x34 /tmp/ccy6uJmo.o
 .comment       0x0000000000000033       0x34 /tmp/ccrLN6XS.o
 .comment       0x0000000000000033       0x34 /tmp/ccTPW8nK.o
 .comment       0x0000000000000033       0x34 /usr/lib/gcc/arm-none-eabi/10.3.1/thumb/v7e-m+fp/hard/libgcc.a(_udivmoddi4.o)
 .comment       0x0000000000000033       0x34 /usr/lib/gcc/arm-none-eabi/10.3.1/../../../arm-none-eabi/lib/thumb/v7e-m+fp/hard/libg.a(lib_a-memset.o)

.debug_info     0x0000000000000000     0x55ae
 .debug_info    0x0000000000000000      0x96b /tmp/ccNAyrVF.o
 .debug_info    0x000000000000096b      0x1a0 /tmp/cc1Xw9Ws.o
 .debug_info    0x0000000000000b0b     0x20a5 /tmp/ccimLpPt.o
 .debug_info    0x0000000000002bb0     0x137c /tmp/ccVBVqpJ.o
 .debug_info    0x0000000000003f2c      0x2b5 /tmp/ccy6uJmo.o
 .debug_info    0x00000000000041e1      0x56a /tmp/ccrLN6XS.o
 .debug_info    0x000000000000474b      0x5a3 /tmp/ccTPW8nK.o
 .debug_info    0x0000000000004cee       0x26 /usr/lib/gcc/arm-none-eabi/10.3.1/thumb/v7e-m+fp/hard/libgcc.a(_aeabi_uldivmod.o)
 .debug_info    0x0000000000004d14      0x717 /usr/lib/gcc/arm-none-eabi/10.3.1/thumb/v7e-m+fp/hard/libgcc.a(_udivmoddi4.o)
 .debug_info    0x000000000000542b       0x26 /usr/lib/gcc/arm-none-eabi/10.3.1/thumb/v7e-m+fp/hard/libgcc.a(_dvmd_tls.o)
 .debug_info    0x0000000000005451       0x26 /usr/lib/gcc/arm-none-eabi/10.3.1/../../../arm-none-eabi/lib/thumb/v7e-m+fp/hard/libg.a(lib_a-memcpy.o)
 .debug_info    0x0000000000005477      0x137 /usr/lib/gcc/arm-none-eabi/10.3.1/../../../arm-none-eabi/lib/thumb/v7e-m+fp/hard/libg.a(lib_a-memset.o)

.debug_abbrev   0x0000000000000000      0xfc7
 .debug_abbrev  0x0000000000000000      0x2c3 /tmp/ccNAyrVF.o
 .debug_abbrev  0x00000000000002c3       0xc0 /tmp/cc1Xw9Ws.o
 .debug_abbrev  0x0000000000000383      0x2ec /tmp/ccimLpPt.o
 .debug_abbrev  0x000000000000066f      0x223 /tmp/ccVBVqpJ.o
 .debug_abbrev  0x0000000000000892       0xe8 /tmp/ccy6uJmo.o
 .debug_abbrev  0x000000000000097a      0x208 /tmp/ccrLN6XS.o
 .debug_abbrev  0x0000000000000b82      0x1f2 /tmp/ccTPW8nK.o
 .debug_abbrev  0x0000000000000d74       0x14 /usr/lib/gcc/arm-none-eabi/10.3.1/thumb/v7e-m+fp/hard/libgcc.a(_aeabi_uldivmod.o)
 .debug_abbrev  0x0000000000000d88      0x163 /usr/lib/gcc/arm-none-eabi/10.3.1/thumb/v7e-m+fp/hard/libgcc.a(_udivmoddi4.o)
 .debug_abbrev  0x0000000000000eeb       0x14 /usr/lib/gcc/arm-none-eabi/10.3.1/thumb/v7e-m+fp/hard/libgcc.a(_dvmd_tls.o)
 .debug_abbrev  0x0000000000000eff       0x14 /usr/lib/gcc/arm-none-eabi/10.3.1/../../../arm-none-eabi/lib/thumb/v7e-m+fp/hard/libg.a(lib_a-memcpy.o)
 .debug_abbrev  0x0000000000000f13       0xb4 /usr/lib/gcc/arm-none-eabi/10.3.1/../../../arm-none-eabi/lib/thumb/v7e-m+fp/hard/libg.a(lib_a-memset.o)

.debug_aranges  0x0000000000000000      0x5c0
 .debug_aranges
                0x0000000000000000       0xf8 /tmp/ccNAyrVF.o
 .debug_aranges
                0x00000000000000f8       0x58 /tmp/cc1Xw9Ws.o
 .debug_aranges
                0x0000000000000150      0x1b8 /tmp/ccimLpPt.o
 .debug_aranges
                0x0000000000000308       0xf0 /tmp/ccVBVqpJ.o
 .debug_aranges
                0x00000000000003f8       0x40 /tmp/ccy6uJmo.o
 .debug_aranges
                0x0000000000000438       0x80 /tmp/ccrLN6XS.o
 .debug_aranges
                0x00000000000004b8       0x68 /tmp/ccTPW8nK.o
 .debug_aranges
                0x0000000000000520       0x20 /usr/lib/gcc/arm-none-eabi/10.3.1/thumb/v7e-m+fp/hard/libgcc.a(_aeabi_uldivmod.o)
 .debug_aranges
                0x0000000000000540       0x20 /usr/lib/gcc/arm-none-eabi/10.3.1/thumb/v7e-m+fp/hard/libgcc.a(_udivmoddi4.o)
 .debug_aranges
                0x0000000000000560       0x20 /usr/lib/gcc/arm-none-eabi/10.3.1/thumb/v7e-m+fp/hard/libgcc.a(_dvmd_tls.o)
 .debug_aranges
                0x0000000000000580       0x20 /usr/lib/gcc/arm-none-eabi/10.3.1/../../../arm-none-eabi/lib/thumb/v7e-m+fp/hard/libg.a(lib_a-memcpy.o)
 .debug_aranges
                0x00000000000005a0       0x20 /usr/lib/gcc/arm-none-eabi/10.3.1/../../../arm-none-eabi/lib/thumb/v7e-m+fp/hard/libg.a(lib_a-memset.o)

.debug_ranges   0x0000000000000000      0x5b8
 .debug_ranges  0x0000000000000000       0xe8 /tmp/ccNAyrVF.o
 .debug_ranges  0x00000000000000e8       0x48 /tmp/cc1Xw9Ws.o
 .debug_ranges  0x0000000000000130      0x1c8 /tmp/ccimLpPt.o
 .debug_ranges  0x00000000000002f8       0xe0 /tmp/ccVBVqpJ.o
 .debug_ranges  0x00000000000003d8       0x30 /tmp/ccy6uJmo.o
 .debug_ranges  0x0000000000000408       0x70 /tmp/ccrLN6XS.o
 .debug_ranges  0x0000000000000478       0x58 /tmp/ccTPW8nK.o
 .debug_ranges  0x00000000000004d0       0xe8 /usr/lib/gcc/arm-none-eabi/10.3.1/thumb/v7e-m+fp/hard/libgcc.a(_udivmoddi4.o)

.debug_line     0x0000000000000000     0x41e7
 .debug_line    0x0000000000000000      0x93d /tmp/ccNAyrVF.o
 .debug_line    0x000000000000093d      0x115 /tmp/cc1Xw9Ws.o
 .debug_line    0x0000000000000a52     0x150f /tmp/ccimLpPt.o
 .debug_line    0x0000000000001f61      0xdbc /tmp/ccVBVqpJ.o
 .debug_line    0x0000000000002d1d      0x202 /tmp/ccy6uJmo.o
 .debug_line    0x0000000000002f1f      0x456 /tmp/ccrLN6XS.o
 .debug_line    0x0000000000003375      0x587 /tmp/ccTPW8nK.o
 .debug_line    0x00000000000038fc       0x60 /usr/lib/gcc/arm-none-eabi/10.3.1/thumb/v7e-m+fp/hard/libgcc.a(_aeabi_uldivmod.o)
 .debug_line    0x000000000000395c      0x5ae /usr/lib/gcc/arm-none-eabi/10.3.1/thumb/v7e-m+fp/hard/libgcc.a(_udivmoddi4.o)
 .debug_line    0x0000000000003f0a       0x60 /usr/lib/gcc/arm-none-eabi/10.3.1/thumb/v7e-m+fp/hard/libgcc.a(_dvmd_tls.o)
 .debug_line    0x0000000000003f6a       0xbe /usr/lib/gcc/arm-none-eabi/10.3.1/../../../arm-none-eabi/lib/thumb/v7e-m+fp/hard/libg.a(lib_a-memcpy.o)
 .debug_line    0x0000000000004028      0x1bf /usr/lib/gcc/arm-none-eabi/10.3.1/../../../arm-none-eabi/lib/thumb/v7e-m+fp/hard/libg.a(lib_a-memset.o)

.debug_str      0x0000000000000000     0x24b8
 .debug_str     0x0000000000000000      0x510 /tmp/ccNAyrVF.o
                                        0x5a7 (size before relaxing)
 .debug_str     0x0000000000000510       0xd2 /tmp/cc1Xw9Ws.o
                                        0x25f (size before relaxing)
 .debug_str     0x00000000000005e2      0xc8f /tmp/ccimLpPt.o
                                        0xee0 (size before relaxing)
 .debug_str     0x0000000000001271      0x47d /tmp/ccVBVqpJ.o
                                        0x83e (size before relaxing)
 .debug_str     0x00000000000016ee       0xac /tmp/ccy6uJmo.o
                                        0x2f9 (size before relaxing)
 .debug_str     0x000000000000179a      0x237 /tmp/ccrLN6XS.o
                                        0x46f (size before relaxing)
 .debug_str     0x00000000000019d1      0x2fd /tmp/ccTPW8nK.o
                                        0x4ed (size before relaxing)
 .debug_str     0x0000000000001cce       0xa6 /usr/lib/gcc/arm-none-eabi/10.3.1/thumb/v7e-m+fp/hard/libgcc.a(_aeabi_uldivmod.o)
 .debug_str     0x0000000000001d74      0x550 /usr/lib/gcc/arm-none-eabi/10.3.1/thumb/v7e-m+fp/hard/libgcc.a(_udivmoddi4.o)
                                        0x647 (size before relaxing)
 .debug_str     0x00000000000022c4       0x30 /usr/lib/gcc/arm-none-eabi/10.3.1/thumb/v7e-m+fp/hard/libgcc.a(_dvmd_tls.o)
                                         0xaa (size before relaxing)
 .debug_str     0x00000000000022f4       0xa5 /usr/lib/gcc/arm-none-eabi/10.3.1/../../../arm-none-eabi/lib/thumb/v7e-m+fp/hard/libg.a(lib_a-memcpy.o)
                                         0xb1 (size before relaxing)
 .debug_str     0x0000000000002399      0x11f /usr/lib/gcc/arm-none-eabi/10.3.1/../../../arm-none-eabi/lib/thumb/v7e-m+fp/hard/libg.a(lib_a-memset.o)
                                        0x1bb (size before relaxing)

.debug_frame    0x0000000000000000     0x14dc
 .debug_frame   0x0000000000000000      0x40c /tmp/ccNAyrVF.o
 .debug_frame   0x000000000000040c       0xd8 /tmp/cc1Xw9Ws.o
 .debug_frame   0x00000000000004e4      0x780 /tmp/ccimLpPt.o
 .debug_frame   0x0000000000000c64      0x3f8 /tmp/ccVBVqpJ.o
 .debug_frame   0x000000000000105c       0xd8 /tmp/ccy6uJmo.o
 .debug_frame   0x0000000000001134      0x1a8 /tmp/ccrLN6XS.o
 .debug_frame   0x00000000000012dc      0x174 /tmp/ccTPW8nK.o
 .debug_frame   0x0000000000001450       0x2c /usr/lib/gcc/arm-none-eabi/10.3.1/thumb/v7e-m+fp/hard/libgcc.a(_aeabi_uldivmod.o)
 .debug_frame   0x000000000000147c       0x34 /usr/lib/gcc/arm-none-eabi/10.3.1/thumb/v7e-m+fp/hard/libgcc.a(_udivmoddi4.o)
 .debug_frame   0x00000000000014b0       0x2c /usr/lib/gcc/arm-none-eabi/10.3.1/../../../arm-none-eabi/lib/thumb/v7e-m+fp/hard/libg.a(lib_a-memset.o)

.debug_loc      0x0000000000000000     0x123b
 .debug_loc     0x0000000000000000     0x100f /usr/lib/gcc/arm-none-eabi/10.3.1/thumb/v7e-m+fp/hard/libgcc.a(_udivmoddi4.o)
 .debug_loc     0x000000000000100f      0x22c /usr/lib/gcc/arm-none-eabi/10.3.1/../../../arm-none-eabi/lib/thumb/v7e-m+fp/hard/libg.a(lib_a-memset.o)
