Archive member included to satisfy reference by file (symbol)

/usr/lib/gcc/arm-none-eabi/10.3.1/thumb/v7e-m+fp/hard/libgcc.a(_aeabi_uldivmod.o)
                              /tmp/cc0fkfCz.o (__aeabi_uldivmod)
/usr/lib/gcc/arm-none-eabi/10.3.1/thumb/v7e-m+fp/hard/libgcc.a(_udivmoddi4.o)
                              /usr/lib/gcc/arm-none-eabi/10.3.1/thumb/v7e-m+fp/hard/libgcc.a(_aeabi_uldivmod.o) (__udivmoddi4)
/usr/lib/gcc/arm-none-eabi/10.3.1/thumb/v7e-m+fp/hard/libgcc.a(_dvmd_tls.o)
                              /usr/lib/gcc/arm-none-eabi/10.3.1/thumb/v7e-m+fp/hard/libgcc.a(_aeabi_uldivmod.o) (__aeabi_ldiv0)
/usr/lib/gcc/arm-none-eabi/10.3.1/../../../arm-none-eabi/lib/thumb/v7e-m+fp/hard/libg.a(lib_a-atexit.o)
                              /usr/lib/gcc/arm-none-eabi/10.3.1/../../../arm-none-eabi/lib/thumb/v7e-m+fp/hard/crt0.o (atexit)
/usr/lib/gcc/arm-none-eabi/10.3.1/../../../arm-none-eabi/lib/thumb/v7e-m+fp/hard/libg.a(lib_a-exit.o)
                              /usr/lib/gcc/arm-none-eabi/10.3.1/../../../arm-none-eabi/lib/thumb/v7e-m+fp/hard/crt0.o (exit)
/usr/lib/gcc/arm-none-eabi/10.3.1/../../../arm-none-eabi/lib/thumb/v7e-m+fp/hard/libg.a(lib_a-fini.o)
                              /usr/lib/gcc/arm-none-eabi/10.3.1/../../../arm-none-eabi/lib/thumb/v7e-m+fp/hard/crt0.o (__libc_fini_array)
/usr/lib/gcc/arm-none-eabi/10.3.1/../../../arm-none-eabi/lib/thumb/v7e-m+fp/hard/libg.a(lib_a-impure.o)
                              /usr/lib/gcc/arm-none-eabi/10.3.1/../../../arm-none-eabi/lib/thumb/v7e-m+fp/hard/libg.a(lib_a-exit.o) (_global_impure_ptr)
/usr/lib/gcc/arm-none-eabi/10.3.1/../../../arm-none-eabi/lib/thumb/v7e-m+fp/hard/libg.a(lib_a-init.o)
                              /usr/lib/gcc/arm-none-eabi/10.3.1/../../../arm-none-eabi/lib/thumb/v7e-m+fp/hard/crt0.o (__libc_init_array)
/usr/lib/gcc/arm-none-eabi/10.3.1/../../../arm-none-eabi/lib/thumb/v7e-m+fp/hard/libg.a(lib_a-memcpy.o)
                              /tmp/cc6iSWa2.o (memcpy)
/usr/lib/gcc/arm-none-eabi/10.3.1/../../../arm-none-eabi/lib/thumb/v7e-m+fp/hard/libg.a(lib_a-memset.o)
                              /usr/lib/gcc/arm-none-eabi/10.3.1/../../../arm-none-eabi/lib/thumb/v7e-m+fp/hard/crt0.o (memset)
/usr/lib/gcc/arm-none-eabi/10.3.1/../../../arm-none-eabi/lib/thumb/v7e-m+fp/hard/libg.a(lib_a-__atexit.o)
                              /usr/lib/gcc/arm-none-eabi/10.3.1/../../../arm-none-eabi/lib/thumb/v7e-m+fp/hard/libg.a(lib_a-atexit.o) (__register_exitproc)
/usr/lib/gcc/arm-none-eabi/10.3.1/../../../arm-none-eabi/lib/thumb/v7e-m+fp/hard/libg.a(lib_a-__call_atexit.o)
                              /usr/lib/gcc/arm-none-eabi/10.3.1/../../../arm-none-eabi/lib/thumb/v7e-m+fp/hard/libg.a(lib_a-exit.o) (__call_exitprocs)
/usr/lib/gcc/arm-none-eabi/10.3.1/../../../arm-none-eabi/lib/thumb/v7e-m+fp/hard/libnosys.a(_exit.o)
                              /usr/lib/gcc/arm-none-eabi/10.3.1/../../../arm-none-eabi/lib/thumb/v7e-m+fp/hard/libg.a(lib_a-exit.o) (_exit)

Discarded input sections

 .text          0x0000000000000000        0x0 /usr/lib/gcc/arm-none-eabi/10.3.1/thumb/v7e-m+fp/hard/crti.o
 .data          0x0000000000000000        0x0 /usr/lib/gcc/arm-none-eabi/10.3.1/thumb/v7e-m+fp/hard/crti.o
 .bss           0x0000000000000000        0x0 /usr/lib/gcc/arm-none-eabi/10.3.1/thumb/v7e-m+fp/hard/crti.o
 .text          0x0000000000000000       0x88 /usr/lib/gcc/arm-none-eabi/10.3.1/thumb/v7e-m+fp/hard/crtbegin.o
 .data          0x0000000000000000        0x4 /usr/lib/gcc/arm-none-eabi/10.3.1/thumb/v7e-m+fp/hard/crtbegin.o
 .bss           0x0000000000000000       0x1c /usr/lib/gcc/arm-none-eabi/10.3.1/thumb/v7e-m+fp/hard/crtbegin.o
 .rodata        0x0000000000000000       0x24 /usr/lib/gcc/arm-none-eabi/10.3.1/thumb/v7e-m+fp/hard/crtbegin.o
 .init_array    0x0000000000000000        0x4 /usr/lib/gcc/arm-none-eabi/10.3.1/thumb/v7e-m+fp/hard/crtbegin.o
 .fini_array    0x0000000000000000        0x4 /usr/lib/gcc/arm-none-eabi/10.3.1/thumb/v7e-m+fp/hard/crtbegin.o
 .eh_frame      0x0000000000000000        0x0 /usr/lib/gcc/arm-none-eabi/10.3.1/thumb/v7e-m+fp/hard/crtbegin.o
 .tm_clone_table
                0x0000000000000000        0x0 /usr/lib/gcc/arm-none-eabi/10.3.1/thumb/v7e-m+fp/hard/crtbegin.o
 .comment       0x0000000000000000       0x34 /usr/lib/gcc/arm-none-eabi/10.3.1/thumb/v7e-m+fp/hard/crtbegin.o
 .ARM.attributes
                0x0000000000000000       0x34 /usr/lib/gcc/arm-none-eabi/10.3.1/thumb/v7e-m+fp/hard/crtbegin.o
 .text          0x0000000000000000       0x70 /usr/lib/gcc/arm-none-eabi/10.3.1/../../../arm-none-eabi/lib/thumb/v7e-m+fp/hard/crt0.o
 .data          0x0000000000000000        0x0 /usr/lib/gcc/arm-none-eabi/10.3.1/../../../arm-none-eabi/lib/thumb/v7e-m+fp/hard/crt0.o
 .bss           0x0000000000000000        0x0 /usr/lib/gcc/arm-none-eabi/10.3.1/../../../arm-none-eabi/lib/thumb/v7e-m+fp/hard/crt0.o
 .ARM.extab     0x0000000000000000        0x0 /usr/lib/gcc/arm-none-eabi/10.3.1/../../../arm-none-eabi/lib/thumb/v7e-m+fp/hard/crt0.o
 .ARM.exidx     0x0000000000000000       0x10 /usr/lib/gcc/arm-none-eabi/10.3.1/../../../arm-none-eabi/lib/thumb/v7e-m+fp/hard/crt0.o
 .debug_line    0x0000000000000000       0x87 /usr/lib/gcc/arm-none-eabi/10.3.1/../../../arm-none-eabi/lib/thumb/v7e-m+fp/hard/crt0.o
 .debug_info    0x0000000000000000       0x26 /usr/lib/gcc/arm-none-eabi/10.3.1/../../../arm-none-eabi/lib/thumb/v7e-m+fp/hard/crt0.o
 .debug_abbrev  0x0000000000000000       0x14 /usr/lib/gcc/arm-none-eabi/10.3.1/../../../arm-none-eabi/lib/thumb/v7e-m+fp/hard/crt0.o
 .debug_aranges
                0x0000000000000000       0x20 /usr/lib/gcc/arm-none-eabi/10.3.1/../../../arm-none-eabi/lib/thumb/v7e-m+fp/hard/crt0.o
 .debug_str     0x0000000000000000       0x98 /usr/lib/gcc/arm-none-eabi/10.3.1/../../../arm-none-eabi/lib/thumb/v7e-m+fp/hard/crt0.o
 .ARM.attributes
                0x0000000000000000       0x1c /usr/lib/gcc/arm-none-eabi/10.3.1/../../../arm-none-eabi/lib/thumb/v7e-m+fp/hard/crt0.o
 .text          0x0000000000000000        0x0 /tmp/cc0fkfCz.o
 .data          0x0000000000000000        0x0 /tmp/cc0fkfCz.o
 .bss           0x0000000000000000        0x0 /tmp/cc0fkfCz.o
 .text.Fault_TriggerTaskHold
                0x0000000000000000       0x30 /tmp/cc0fkfCz.o
 .text.Fault_TriggerBitFlip
                0x0000000000000000       0x30 /tmp/cc0fkfCz.o
 .text.Fault_TriggerMemoryCorruption
                0x0000000000000000       0x30 /tmp/cc0fkfCz.o
 .text.Fault_ForceEncoderZero
                0x0000000000000000       0x24 /tmp/cc0fkfCz.o
 .text.LCD_Clear
                0x0000000000000000        0xe /tmp/cc0fkfCz.o
 .text          0x0000000000000000        0x0 /tmp/ccO1ArDh.o
 .data          0x0000000000000000        0x0 /tmp/ccO1ArDh.o
 .bss           0x0000000000000000        0x0 /tmp/ccO1ArDh.o
 .text          0x0000000000000000        0x0 /tmp/ccmHW4Wf.o
 .data          0x0000000000000000        0x0 /tmp/ccmHW4Wf.o
 .bss           0x0000000000000000        0x0 /tmp/ccmHW4Wf.o
 .text.vTaskSuspend
                0x0000000000000000      0x144 /tmp/ccmHW4Wf.o
 .text.prvTaskIsTaskSuspended
                0x0000000000000000       0x8c /tmp/ccmHW4Wf.o
 .text.vTaskResume
                0x0000000000000000      0x110 /tmp/ccmHW4Wf.o
 .text.xTaskResumeFromISR
                0x0000000000000000      0x140 /tmp/ccmHW4Wf.o
 .text.vTaskEndScheduler
                0x0000000000000000       0x30 /tmp/ccmHW4Wf.o
 .text.xTaskGetTickCountFromISR
                0x0000000000000000       0x24 /tmp/ccmHW4Wf.o
 .text.uxTaskGetNumberOfTasks
                0x0000000000000000       0x18 /tmp/ccmHW4Wf.o
 .text.pcTaskGetName
                0x0000000000000000       0x48 /tmp/ccmHW4Wf.o
 .text.xTaskCatchUpTicks
                0x0000000000000000       0x58 /tmp/ccmHW4Wf.o
 .text.vTaskPlaceOnUnorderedEventList
                0x0000000000000000       0xac /tmp/ccmHW4Wf.o
 .text.vTaskRemoveFromUnorderedEventList
                0x0000000000000000      0x184 /tmp/ccmHW4Wf.o
 .text.vTaskSetTimeOutState
                0x0000000000000000       0x4c /tmp/ccmHW4Wf.o
 .text.prvTaskCheckFreeStackSpace
                0x0000000000000000       0x36 /tmp/ccmHW4Wf.o
 .text.uxTaskGetStackHighWaterMark
                0x0000000000000000       0x34 /tmp/ccmHW4Wf.o
 .text.xTaskGetCurrentTaskHandle
                0x0000000000000000       0x20 /tmp/ccmHW4Wf.o
 .text.xTaskGetCurrentTaskHandleForCore
                0x0000000000000000       0x30 /tmp/ccmHW4Wf.o
 .text.uxTaskResetEventItemValue
                0x0000000000000000       0x30 /tmp/ccmHW4Wf.o
 .text.ulTaskGenericNotifyTake
                0x0000000000000000       0xfc /tmp/ccmHW4Wf.o
 .text.xTaskGenericNotifyWait
                0x0000000000000000      0x12c /tmp/ccmHW4Wf.o
 .text.xTaskGenericNotify
                0x0000000000000000      0x258 /tmp/ccmHW4Wf.o
 .text.xTaskGenericNotifyFromISR
                0x0000000000000000      0x2c8 /tmp/ccmHW4Wf.o
 .text.vTaskGenericNotifyGiveFromISR
                0x0000000000000000      0x214 /tmp/ccmHW4Wf.o
 .text.xTaskGenericNotifyStateClear
                0x0000000000000000       0x74 /tmp/ccmHW4Wf.o
 .text.ulTaskGenericNotifyValueClear
                0x0000000000000000       0x7c /tmp/ccmHW4Wf.o
 .text.vTaskResetState
                0x0000000000000000       0x98 /tmp/ccmHW4Wf.o
 .text          0x0000000000000000        0x0 /tmp/cc6iSWa2.o
 .data          0x0000000000000000        0x0 /tmp/cc6iSWa2.o
 .bss           0x0000000000000000        0x0 /tmp/cc6iSWa2.o
 .text.xQueueGenericSendFromISR
                0x0000000000000000      0x164 /tmp/cc6iSWa2.o
 .text.xQueueGiveFromISR
                0x0000000000000000      0x148 /tmp/cc6iSWa2.o
 .text.xQueueReceive
                0x0000000000000000      0x190 /tmp/cc6iSWa2.o
 .text.xQueuePeek
                0x0000000000000000      0x194 /tmp/cc6iSWa2.o
 .text.xQueueReceiveFromISR
                0x0000000000000000      0x12e /tmp/cc6iSWa2.o
 .text.xQueuePeekFromISR
                0x0000000000000000       0xd2 /tmp/cc6iSWa2.o
 .text.uxQueueMessagesWaiting
                0x0000000000000000       0x3c /tmp/cc6iSWa2.o
 .text.uxQueueSpacesAvailable
                0x0000000000000000       0x46 /tmp/cc6iSWa2.o
 .text.uxQueueMessagesWaitingFromISR
                0x0000000000000000       0x3c /tmp/cc6iSWa2.o
 .text.vQueueDelete
                0x0000000000000000       0x36 /tmp/cc6iSWa2.o
 .text.uxQueueGetQueueItemSize
                0x0000000000000000       0x18 /tmp/cc6iSWa2.o
 .text.uxQueueGetQueueLength
                0x0000000000000000       0x18 /tmp/cc6iSWa2.o
 .text.prvCopyDataFromQueue
                0x0000000000000000       0x4c /tmp/cc6iSWa2.o
 .text.xQueueIsQueueEmptyFromISR
                0x0000000000000000       0x48 /tmp/cc6iSWa2.o
 .text.xQueueIsQueueFullFromISR
                0x0000000000000000       0x4c /tmp/cc6iSWa2.o
 .text          0x0000000000000000        0x0 /tmp/ccUsXqrt.o
 .data          0x0000000000000000        0x0 /tmp/ccUsXqrt.o
 .bss           0x0000000000000000        0x0 /tmp/ccUsXqrt.o
 .text.vListInsertEnd
                0x0000000000000000       0x48 /tmp/ccUsXqrt.o
 .text          0x0000000000000000        0x0 /tmp/cckVylcO.o
 .data          0x0000000000000000        0x0 /tmp/cckVylcO.o
 .bss           0x0000000000000000        0x0 /tmp/cckVylcO.o
 .debug_info    0x0000000000000000       0x6b /tmp/cckVylcO.o
 .debug_abbrev  0x0000000000000000       0x26 /tmp/cckVylcO.o
 .debug_aranges
                0x0000000000000000       0x18 /tmp/cckVylcO.o
 .debug_line    0x0000000000000000       0x1d /tmp/cckVylcO.o
 .debug_str     0x0000000000000000      0x19c /tmp/cckVylcO.o
 .comment       0x0000000000000000       0x34 /tmp/cckVylcO.o
 .ARM.attributes
                0x0000000000000000       0x39 /tmp/cckVylcO.o
 .text          0x0000000000000000        0x0 /tmp/ccr3hgGW.o
 .data          0x0000000000000000        0x0 /tmp/ccr3hgGW.o
 .bss           0x0000000000000000        0x0 /tmp/ccr3hgGW.o
 .rodata.pcInterruptPriorityRegisters
                0x0000000000000000        0x4 /tmp/ccr3hgGW.o
 .text.vPortEndScheduler
                0x0000000000000000       0x38 /tmp/ccr3hgGW.o
 .text.vPortValidateInterruptPriority
                0x0000000000000000       0x80 /tmp/ccr3hgGW.o
 .text          0x0000000000000000        0x0 /tmp/ccttpind.o
 .data          0x0000000000000000        0x0 /tmp/ccttpind.o
 .bss           0x0000000000000000        0x0 /tmp/ccttpind.o
 .rodata.xHeapStructSize
                0x0000000000000000        0x4 /tmp/ccttpind.o
 .text.xPortGetFreeHeapSize
                0x0000000000000000       0x18 /tmp/ccttpind.o
 .text.xPortGetMinimumEverFreeHeapSize
                0x0000000000000000       0x18 /tmp/ccttpind.o
 .text.vPortInitialiseBlocks
                0x0000000000000000        0xe /tmp/ccttpind.o
 .text.pvPortCalloc
                0x0000000000000000       0x60 /tmp/ccttpind.o
 .text.vPortGetHeapStats
                0x0000000000000000       0xbc /tmp/ccttpind.o
 .text.vPortHeapResetState
                0x0000000000000000       0x40 /tmp/ccttpind.o
 .data          0x0000000000000000        0x0 /usr/lib/gcc/arm-none-eabi/10.3.1/thumb/v7e-m+fp/hard/libgcc.a(_aeabi_uldivmod.o)
 .bss           0x0000000000000000        0x0 /usr/lib/gcc/arm-none-eabi/10.3.1/thumb/v7e-m+fp/hard/libgcc.a(_aeabi_uldivmod.o)
 .data          0x0000000000000000        0x0 /usr/lib/gcc/arm-none-eabi/10.3.1/thumb/v7e-m+fp/hard/libgcc.a(_udivmoddi4.o)
 .bss           0x0000000000000000        0x0 /usr/lib/gcc/arm-none-eabi/10.3.1/thumb/v7e-m+fp/hard/libgcc.a(_udivmoddi4.o)
 .ARM.extab     0x0000000000000000        0x0 /usr/lib/gcc/arm-none-eabi/10.3.1/thumb/v7e-m+fp/hard/libgcc.a(_udivmoddi4.o)
 .data          0x0000000000000000        0x0 /usr/lib/gcc/arm-none-eabi/10.3.1/thumb/v7e-m+fp/hard/libgcc.a(_dvmd_tls.o)
 .bss           0x0000000000000000        0x0 /usr/lib/gcc/arm-none-eabi/10.3.1/thumb/v7e-m+fp/hard/libgcc.a(_dvmd_tls.o)
 .text          0x0000000000000000        0xc /usr/lib/gcc/arm-none-eabi/10.3.1/../../../arm-none-eabi/lib/thumb/v7e-m+fp/hard/libg.a(lib_a-atexit.o)
 .data          0x0000000000000000        0x0 /usr/lib/gcc/arm-none-eabi/10.3.1/../../../arm-none-eabi/lib/thumb/v7e-m+fp/hard/libg.a(lib_a-atexit.o)
 .bss           0x0000000000000000        0x0 /usr/lib/gcc/arm-none-eabi/10.3.1/../../../arm-none-eabi/lib/thumb/v7e-m+fp/hard/libg.a(lib_a-atexit.o)
 .debug_info    0x0000000000000000      0x100 /usr/lib/gcc/arm-none-eabi/10.3.1/../../../arm-none-eabi/lib/thumb/v7e-m+fp/hard/libg.a(lib_a-atexit.o)
 .debug_abbrev  0x0000000000000000       0xb7 /usr/lib/gcc/arm-none-eabi/10.3.1/../../../arm-none-eabi/lib/thumb/v7e-m+fp/hard/libg.a(lib_a-atexit.o)
 .debug_loc     0x0000000000000000       0x32 /usr/lib/gcc/arm-none-eabi/10.3.1/../../../arm-none-eabi/lib/thumb/v7e-m+fp/hard/libg.a(lib_a-atexit.o)
 .debug_aranges
                0x0000000000000000       0x20 /usr/lib/gcc/arm-none-eabi/10.3.1/../../../arm-none-eabi/lib/thumb/v7e-m+fp/hard/libg.a(lib_a-atexit.o)
 .debug_line    0x0000000000000000       0xc0 /usr/lib/gcc/arm-none-eabi/10.3.1/../../../arm-none-eabi/lib/thumb/v7e-m+fp/hard/libg.a(lib_a-atexit.o)
 .debug_str     0x0000000000000000      0x1e4 /usr/lib/gcc/arm-none-eabi/10.3.1/../../../arm-none-eabi/lib/thumb/v7e-m+fp/hard/libg.a(lib_a-atexit.o)
 .comment       0x0000000000000000       0x34 /usr/lib/gcc/arm-none-eabi/10.3.1/../../../arm-none-eabi/lib/thumb/v7e-m+fp/hard/libg.a(lib_a-atexit.o)
 .debug_frame   0x0000000000000000       0x20 /usr/lib/gcc/arm-none-eabi/10.3.1/../../../arm-none-eabi/lib/thumb/v7e-m+fp/hard/libg.a(lib_a-atexit.o)
 .ARM.attributes
                0x0000000000000000       0x34 /usr/lib/gcc/arm-none-eabi/10.3.1/../../../arm-none-eabi/lib/thumb/v7e-m+fp/hard/libg.a(lib_a-atexit.o)
 .text          0x0000000000000000       0x20 /usr/lib/gcc/arm-none-eabi/10.3.1/../../../arm-none-eabi/lib/thumb/v7e-m+fp/hard/libg.a(lib_a-exit.o)
 .data          0x0000000000000000        0x0 /usr/lib/gcc/arm-none-eabi/10.3.1/../../../arm-none-eabi/lib/thumb/v7e-m+fp/hard/libg.a(lib_a-exit.o)
 .bss           0x0000000000000000        0x0 /usr/lib/gcc/arm-none-eabi/10.3.1/../../../arm-none-eabi/lib/thumb/v7e-m+fp/hard/libg.a(lib_a-exit.o)
 .debug_info    0x0000000000000000      0x969 /usr/lib/gcc/arm-none-eabi/10.3.1/../../../arm-none-eabi/lib/thumb/v7e-m+fp/hard/libg.a(lib_a-exit.o)
 .debug_abbrev  0x0000000000000000      0x20c /usr/lib/gcc/arm-none-eabi/10.3.1/../../../arm-none-eabi/lib/thumb/v7e-m+fp/hard/libg.a(lib_a-exit.o)
 .debug_loc     0x0000000000000000       0x22 /usr/lib/gcc/arm-none-eabi/10.3.1/../../../arm-none-eabi/lib/thumb/v7e-m+fp/hard/libg.a(lib_a-exit.o)
 .debug_aranges
                0x0000000000000000       0x20 /usr/lib/gcc/arm-none-eabi/10.3.1/../../../arm-none-eabi/lib/thumb/v7e-m+fp/hard/libg.a(lib_a-exit.o)
 .debug_line    0x0000000000000000      0x179 /usr/lib/gcc/arm-none-eabi/10.3.1/../../../arm-none-eabi/lib/thumb/v7e-m+fp/hard/libg.a(lib_a-exit.o)
 .debug_str     0x0000000000000000      0x58b /usr/lib/gcc/arm-none-eabi/10.3.1/../../../arm-none-eabi/lib/thumb/v7e-m+fp/hard/libg.a(lib_a-exit.o)
 .comment       0x0000000000000000       0x34 /usr/lib/gcc/arm-none-eabi/10.3.1/../../../arm-none-eabi/lib/thumb/v7e-m+fp/hard/libg.a(lib_a-exit.o)
 .debug_frame   0x0000000000000000       0x28 /usr/lib/gcc/arm-none-eabi/10.3.1/../../../arm-none-eabi/lib/thumb/v7e-m+fp/hard/libg.a(lib_a-exit.o)
 .ARM.attributes
                0x0000000000000000       0x34 /usr/lib/gcc/arm-none-eabi/10.3.1/../../../arm-none-eabi/lib/thumb/v7e-m+fp/hard/libg.a(lib_a-exit.o)
 .text          0x0000000000000000       0x2c /usr/lib/gcc/arm-none-eabi/10.3.1/../../../arm-none-eabi/lib/thumb/v7e-m+fp/hard/libg.a(lib_a-fini.o)
 .data          0x0000000000000000        0x0 /usr/lib/gcc/arm-none-eabi/10.3.1/../../../arm-none-eabi/lib/thumb/v7e-m+fp/hard/libg.a(lib_a-fini.o)
 .bss           0x0000000000000000        0x0 /usr/lib/gcc/arm-none-eabi/10.3.1/../../../arm-none-eabi/lib/thumb/v7e-m+fp/hard/libg.a(lib_a-fini.o)
 .debug_info    0x0000000000000000      0x102 /usr/lib/gcc/arm-none-eabi/10.3.1/../../../arm-none-eabi/lib/thumb/v7e-m+fp/hard/libg.a(lib_a-fini.o)
 .debug_abbrev  0x0000000000000000       0xcf /usr/lib/gcc/arm-none-eabi/10.3.1/../../../arm-none-eabi/lib/thumb/v7e-m+fp/hard/libg.a(lib_a-fini.o)
 .debug_loc     0x0000000000000000       0x68 /usr/lib/gcc/arm-none-eabi/10.3.1/../../../arm-none-eabi/lib/thumb/v7e-m+fp/hard/libg.a(lib_a-fini.o)
 .debug_aranges
                0x0000000000000000       0x20 /usr/lib/gcc/arm-none-eabi/10.3.1/../../../arm-none-eabi/lib/thumb/v7e-m+fp/hard/libg.a(lib_a-fini.o)
 .debug_line    0x0000000000000000       0xed /usr/lib/gcc/arm-none-eabi/10.3.1/../../../arm-none-eabi/lib/thumb/v7e-m+fp/hard/libg.a(lib_a-fini.o)
 .debug_str     0x0000000000000000      0x1dc /usr/lib/gcc/arm-none-eabi/10.3.1/../../../arm-none-eabi/lib/thumb/v7e-m+fp/hard/libg.a(lib_a-fini.o)
 .comment       0x0000000000000000       0x34 /usr/lib/gcc/arm-none-eabi/10.3.1/../../../arm-none-eabi/lib/thumb/v7e-m+fp/hard/libg.a(lib_a-fini.o)
 .debug_frame   0x0000000000000000       0x34 /usr/lib/gcc/arm-none-eabi/10.3.1/../../../arm-none-eabi/lib/thumb/v7e-m+fp/hard/libg.a(lib_a-fini.o)
 .ARM.attributes
                0x0000000000000000       0x34 /usr/lib/gcc/arm-none-eabi/10.3.1/../../../arm-none-eabi/lib/thumb/v7e-m+fp/hard/libg.a(lib_a-fini.o)
 .text          0x0000000000000000        0x0 /usr/lib/gcc/arm-none-eabi/10.3.1/../../../arm-none-eabi/lib/thumb/v7e-m+fp/hard/libg.a(lib_a-impure.o)
 .data          0x0000000000000000      0x430 /usr/lib/gcc/arm-none-eabi/10.3.1/../../../arm-none-eabi/lib/thumb/v7e-m+fp/hard/libg.a(lib_a-impure.o)
 .bss           0x0000000000000000        0x0 /usr/lib/gcc/arm-none-eabi/10.3.1/../../../arm-none-eabi/lib/thumb/v7e-m+fp/hard/libg.a(lib_a-impure.o)
 .rodata        0x0000000000000000        0x4 /usr/lib/gcc/arm-none-eabi/10.3.1/../../../arm-none-eabi/lib/thumb/v7e-m+fp/hard/libg.a(lib_a-impure.o)
 .debug_info    0x0000000000000000      0x92a /usr/lib/gcc/arm-none-eabi/10.3.1/../../../arm-none-eabi/lib/thumb/v7e-m+fp/hard/libg.a(lib_a-impure.o)
 .debug_abbrev  0x0000000000000000      0x1b8 /usr/lib/gcc/arm-none-eabi/10.3.1/../../../arm-none-eabi/lib/thumb/v7e-m+fp/hard/libg.a(lib_a-impure.o)
 .debug_aranges
                0x0000000000000000       0x18 /usr/lib/gcc/arm-none-eabi/10.3.1/../../../arm-none-eabi/lib/thumb/v7e-m+fp/hard/libg.a(lib_a-impure.o)
 .debug_line    0x0000000000000000       0xe4 /usr/lib/gcc/arm-none-eabi/10.3.1/../../../arm-none-eabi/lib/thumb/v7e-m+fp/hard/libg.a(lib_a-impure.o)
 .debug_str     0x0000000000000000      0x582 /usr/lib/gcc/arm-none-eabi/10.3.1/../../../arm-none-eabi/lib/thumb/v7e-m+fp/hard/libg.a(lib_a-impure.o)
 .comment       0x0000000000000000       0x34 /usr/lib/gcc/arm-none-eabi/10.3.1/../../../arm-none-eabi/lib/thumb/v7e-m+fp/hard/libg.a(lib_a-impure.o)
 .ARM.attributes
                0x0000000000000000       0x32 /usr/lib/gcc/arm-none-eabi/10.3.1/../../../arm-none-eabi/lib/thumb/v7e-m+fp/hard/libg.a(lib_a-impure.o)
 .text          0x0000000000000000       0x48 /usr/lib/gcc/arm-none-eabi/10.3.1/../../../arm-none-eabi/lib/thumb/v7e-m+fp/hard/libg.a(lib_a-init.o)
 .data          0x0000000000000000        0x0 /usr/lib/gcc/arm-none-eabi/10.3.1/../../../arm-none-eabi/lib/thumb/v7e-m+fp/hard/libg.a(lib_a-init.o)
 .bss           0x0000000000000000        0x0 /usr/lib/gcc/arm-none-eabi/10.3.1/../../../arm-none-eabi/lib/thumb/v7e-m+fp/hard/libg.a(lib_a-init.o)
 .debug_info    0x0000000000000000      0x11a /usr/lib/gcc/arm-none-eabi/10.3.1/../../../arm-none-eabi/lib/thumb/v7e-m+fp/hard/libg.a(lib_a-init.o)
 .debug_abbrev  0x0000000000000000       0xcc /usr/lib/gcc/arm-none-eabi/10.3.1/../../../arm-none-eabi/lib/thumb/v7e-m+fp/hard/libg.a(lib_a-init.o)
 .debug_loc     0x0000000000000000       0xba /usr/lib/gcc/arm-none-eabi/10.3.1/../../../arm-none-eabi/lib/thumb/v7e-m+fp/hard/libg.a(lib_a-init.o)
 .debug_aranges
                0x0000000000000000       0x20 /usr/lib/gcc/arm-none-eabi/10.3.1/../../../arm-none-eabi/lib/thumb/v7e-m+fp/hard/libg.a(lib_a-init.o)
 .debug_line    0x0000000000000000      0x138 /usr/lib/gcc/arm-none-eabi/10.3.1/../../../arm-none-eabi/lib/thumb/v7e-m+fp/hard/libg.a(lib_a-init.o)
 .debug_str     0x0000000000000000      0x206 /usr/lib/gcc/arm-none-eabi/10.3.1/../../../arm-none-eabi/lib/thumb/v7e-m+fp/hard/libg.a(lib_a-init.o)
 .comment       0x0000000000000000       0x34 /usr/lib/gcc/arm-none-eabi/10.3.1/../../../arm-none-eabi/lib/thumb/v7e-m+fp/hard/libg.a(lib_a-init.o)
 .debug_frame   0x0000000000000000       0x2c /usr/lib/gcc/arm-none-eabi/10.3.1/../../../arm-none-eabi/lib/thumb/v7e-m+fp/hard/libg.a(lib_a-init.o)
 .ARM.attributes
                0x0000000000000000       0x34 /usr/lib/gcc/arm-none-eabi/10.3.1/../../../arm-none-eabi/lib/thumb/v7e-m+fp/hard/libg.a(lib_a-init.o)
 .data          0x0000000000000000        0x0 /usr/lib/gcc/arm-none-eabi/10.3.1/../../../arm-none-eabi/lib/thumb/v7e-m+fp/hard/libg.a(lib_a-memcpy.o)
 .bss           0x0000000000000000        0x0 /usr/lib/gcc/arm-none-eabi/10.3.1/../../../arm-none-eabi/lib/thumb/v7e-m+fp/hard/libg.a(lib_a-memcpy.o)
 .data          0x0000000000000000        0x0 /usr/lib/gcc/arm-none-eabi/10.3.1/../../../arm-none-eabi/lib/thumb/v7e-m+fp/hard/libg.a(lib_a-memset.o)
 .bss           0x0000000000000000        0x0 /usr/lib/gcc/arm-none-eabi/10.3.1/../../../arm-none-eabi/lib/thumb/v7e-m+fp/hard/libg.a(lib_a-memset.o)
 .text          0x0000000000000000       0x68 /usr/lib/gcc/arm-none-eabi/10.3.1/../../../arm-none-eabi/lib/thumb/v7e-m+fp/hard/libg.a(lib_a-__atexit.o)
 .data          0x0000000000000000        0x0 /usr/lib/gcc/arm-none-eabi/10.3.1/../../../arm-none-eabi/lib/thumb/v7e-m+fp/hard/libg.a(lib_a-__atexit.o)
 .bss           0x0000000000000000        0x0 /usr/lib/gcc/arm-none-eabi/10.3.1/../../../arm-none-eabi/lib/thumb/v7e-m+fp/hard/libg.a(lib_a-__atexit.o)
 .debug_info    0x0000000000000000      0x9b0 /usr/lib/gcc/arm-none-eabi/10.3.1/../../../arm-none-eabi/lib/thumb/v7e-m+fp/hard/libg.a(lib_a-__atexit.o)
 .debug_abbrev  0x0000000000000000      0x23f /usr/lib/gcc/arm-none-eabi/10.3.1/../../../arm-none-eabi/lib/thumb/v7e-m+fp/hard/libg.a(lib_a-__atexit.o)
 .debug_loc     0x0000000000000000      0x138 /usr/lib/gcc/arm-none-eabi/10.3.1/../../../arm-none-eabi/lib/thumb/v7e-m+fp/hard/libg.a(lib_a-__atexit.o)
 .debug_aranges
                0x0000000000000000       0x20 /usr/lib/gcc/arm-none-eabi/10.3.1/../../../arm-none-eabi/lib/thumb/v7e-m+fp/hard/libg.a(lib_a-__atexit.o)
 .debug_line    0x0000000000000000      0x19e /usr/lib/gcc/arm-none-eabi/10.3.1/../../../arm-none-eabi/lib/thumb/v7e-m+fp/hard/libg.a(lib_a-__atexit.o)
 .debug_str     0x0000000000000000      0x5bc /usr/lib/gcc/arm-none-eabi/10.3.1/../../../arm-none-eabi/lib/thumb/v7e-m+fp/hard/libg.a(lib_a-__atexit.o)
 .comment       0x0000000000000000       0x34 /usr/lib/gcc/arm-none-eabi/10.3.1/../../../arm-none-eabi/lib/thumb/v7e-m+fp/hard/libg.a(lib_a-__atexit.o)
 .debug_frame   0x0000000000000000       0x34 /usr/lib/gcc/arm-none-eabi/10.3.1/../../../arm-none-eabi/lib/thumb/v7e-m+fp/hard/libg.a(lib_a-__atexit.o)
 .ARM.attributes
                0x0000000000000000       0x34 /usr/lib/gcc/arm-none-eabi/10.3.1/../../../arm-none-eabi/lib/thumb/v7e-m+fp/hard/libg.a(lib_a-__atexit.o)
 .text          0x0000000000000000       0xb8 /usr/lib/gcc/arm-none-eabi/10.3.1/../../../arm-none-eabi/lib/thumb/v7e-m+fp/hard/libg.a(lib_a-__call_atexit.o)
 .data          0x0000000000000000        0x0 /usr/lib/gcc/arm-none-eabi/10.3.1/../../../arm-none-eabi/lib/thumb/v7e-m+fp/hard/libg.a(lib_a-__call_atexit.o)
 .bss           0x0000000000000000        0x0 /usr/lib/gcc/arm-none-eabi/10.3.1/../../../arm-none-eabi/lib/thumb/v7e-m+fp/hard/libg.a(lib_a-__call_atexit.o)
 .text.startup  0x0000000000000000       0x14 /usr/lib/gcc/arm-none-eabi/10.3.1/../../../arm-none-eabi/lib/thumb/v7e-m+fp/hard/libg.a(lib_a-__call_atexit.o)
 .init_array.00000
                0x0000000000000000        0x4 /usr/lib/gcc/arm-none-eabi/10.3.1/../../../arm-none-eabi/lib/thumb/v7e-m+fp/hard/libg.a(lib_a-__call_atexit.o)
 .debug_info    0x0000000000000000      0xa3d /usr/lib/gcc/arm-none-eabi/10.3.1/../../../arm-none-eabi/lib/thumb/v7e-m+fp/hard/libg.a(lib_a-__call_atexit.o)
 .debug_abbrev  0x0000000000000000      0x2b2 /usr/lib/gcc/arm-none-eabi/10.3.1/../../../arm-none-eabi/lib/thumb/v7e-m+fp/hard/libg.a(lib_a-__call_atexit.o)
 .debug_loc     0x0000000000000000      0x1cc /usr/lib/gcc/arm-none-eabi/10.3.1/../../../arm-none-eabi/lib/thumb/v7e-m+fp/hard/libg.a(lib_a-__call_atexit.o)
 .debug_aranges
                0x0000000000000000       0x28 /usr/lib/gcc/arm-none-eabi/10.3.1/../../../arm-none-eabi/lib/thumb/v7e-m+fp/hard/libg.a(lib_a-__call_atexit.o)
 .debug_ranges  0x0000000000000000       0x50 /usr/lib/gcc/arm-none-eabi/10.3.1/../../../arm-none-eabi/lib/thumb/v7e-m+fp/hard/libg.a(lib_a-__call_atexit.o)
 .debug_line    0x0000000000000000      0x28d /usr/lib/gcc/arm-none-eabi/10.3.1/../../../arm-none-eabi/lib/thumb/v7e-m+fp/hard/libg.a(lib_a-__call_atexit.o)
 .debug_str     0x0000000000000000      0x5e8 /usr/lib/gcc/arm-none-eabi/10.3.1/../../../arm-none-eabi/lib/thumb/v7e-m+fp/hard/libg.a(lib_a-__call_atexit.o)
 .comment       0x0000000000000000       0x34 /usr/lib/gcc/arm-none-eabi/10.3.1/../../../arm-none-eabi/lib/thumb/v7e-m+fp/hard/libg.a(lib_a-__call_atexit.o)
 .debug_frame   0x0000000000000000       0x5c /usr/lib/gcc/arm-none-eabi/10.3.1/../../../arm-none-eabi/lib/thumb/v7e-m+fp/hard/libg.a(lib_a-__call_atexit.o)
 .ARM.attributes
                0x0000000000000000       0x34 /usr/lib/gcc/arm-none-eabi/10.3.1/../../../arm-none-eabi/lib/thumb/v7e-m+fp/hard/libg.a(lib_a-__call_atexit.o)
 .text          0x0000000000000000        0x4 /usr/lib/gcc/arm-none-eabi/10.3.1/../../../arm-none-eabi/lib/thumb/v7e-m+fp/hard/libnosys.a(_exit.o)
 .data          0x0000000000000000        0x0 /usr/lib/gcc/arm-none-eabi/10.3.1/../../../arm-none-eabi/lib/thumb/v7e-m+fp/hard/libnosys.a(_exit.o)
 .bss           0x0000000000000000        0x0 /usr/lib/gcc/arm-none-eabi/10.3.1/../../../arm-none-eabi/lib/thumb/v7e-m+fp/hard/libnosys.a(_exit.o)
 .debug_info    0x0000000000000000       0xa3 /usr/lib/gcc/arm-none-eabi/10.3.1/../../../arm-none-eabi/lib/thumb/v7e-m+fp/hard/libnosys.a(_exit.o)
 .debug_abbrev  0x0000000000000000       0x6a /usr/lib/gcc/arm-none-eabi/10.3.1/../../../arm-none-eabi/lib/thumb/v7e-m+fp/hard/libnosys.a(_exit.o)
 .debug_loc     0x0000000000000000       0x15 /usr/lib/gcc/arm-none-eabi/10.3.1/../../../arm-none-eabi/lib/thumb/v7e-m+fp/hard/libnosys.a(_exit.o)
 .debug_aranges
                0x0000000000000000       0x20 /usr/lib/gcc/arm-none-eabi/10.3.1/../../../arm-none-eabi/lib/thumb/v7e-m+fp/hard/libnosys.a(_exit.o)
 .debug_line    0x0000000000000000       0x75 /usr/lib/gcc/arm-none-eabi/10.3.1/../../../arm-none-eabi/lib/thumb/v7e-m+fp/hard/libnosys.a(_exit.o)
 .debug_str     0x0000000000000000      0x181 /usr/lib/gcc/arm-none-eabi/10.3.1/../../../arm-none-eabi/lib/thumb/v7e-m+fp/hard/libnosys.a(_exit.o)
 .comment       0x0000000000000000       0x34 /usr/lib/gcc/arm-none-eabi/10.3.1/../../../arm-none-eabi/lib/thumb/v7e-m+fp/hard/libnosys.a(_exit.o)
 .debug_frame   0x0000000000000000       0x20 /usr/lib/gcc/arm-none-eabi/10.3.1/../../../arm-none-eabi/lib/thumb/v7e-m+fp/hard/libnosys.a(_exit.o)
 .ARM.attributes
                0x0000000000000000       0x34 /usr/lib/gcc/arm-none-eabi/10.3.1/../../../arm-none-eabi/lib/thumb/v7e-m+fp/hard/libnosys.a(_exit.o)
 .text          0x0000000000000000        0x0 /usr/lib/gcc/arm-none-eabi/10.3.1/thumb/v7e-m+fp/hard/crtend.o
 .data          0x0000000000000000        0x0 /usr/lib/gcc/arm-none-eabi/10.3.1/thumb/v7e-m+fp/hard/crtend.o
 .bss           0x0000000000000000        0x0 /usr/lib/gcc/arm-none-eabi/10.3.1/thumb/v7e-m+fp/hard/crtend.o
 .rodata        0x0000000000000000       0x24 /usr/lib/gcc/arm-none-eabi/10.3.1/thumb/v7e-m+fp/hard/crtend.o
 .eh_frame      0x0000000000000000        0x4 /usr/lib/gcc/arm-none-eabi/10.3.1/thumb/v7e-m+fp/hard/crtend.o
 .tm_clone_table
                0x0000000000000000        0x0 /usr/lib/gcc/arm-none-eabi/10.3.1/thumb/v7e-m+fp/hard/crtend.o
 .comment       0x0000000000000000       0x34 /usr/lib/gcc/arm-none-eabi/10.3.1/thumb/v7e-m+fp/hard/crtend.o
 .ARM.attributes
                0x0000000000000000       0x32 /usr/lib/gcc/arm-none-eabi/10.3.1/thumb/v7e-m+fp/hard/crtend.o
 .text          0x0000000000000000        0x0 /usr/lib/gcc/arm-none-eabi/10.3.1/thumb/v7e-m+fp/hard/crtn.o
 .data          0x0000000000000000        0x0 /usr/lib/gcc/arm-none-eabi/10.3.1/thumb/v7e-m+fp/hard/crtn.o
 .bss           0x0000000000000000        0x0 /usr/lib/gcc/arm-none-eabi/10.3.1/thumb/v7e-m+fp/hard/crtn.o
 .init          0x0000000000000000        0x8 /usr/lib/gcc/arm-none-eabi/10.3.1/thumb/v7e-m+fp/hard/crtn.o
 .fini          0x0000000000000000        0x8 /usr/lib/gcc/arm-none-eabi/10.3.1/thumb/v7e-m+fp/hard/crtn.o
 .ARM.attributes
                0x0000000000000000       0x1e /usr/lib/gcc/arm-none-eabi/10.3.1/thumb/v7e-m+fp/hard/crtn.o

Memory Configuration

Name             Origin             Length             Attributes
FLASH            0x0000000000000000 0x0000000000040000 xr
RAM              0x0000000020000000 0x0000000000008000 xrw
*default*        0x0000000000000000 0xffffffffffffffff

Linker script and memory map

LOAD /usr/lib/gcc/arm-none-eabi/10.3.1/thumb/v7e-m+fp/hard/crti.o
LOAD /usr/lib/gcc/arm-none-eabi/10.3.1/thumb/v7e-m+fp/hard/crtbegin.o
LOAD /usr/lib/gcc/arm-none-eabi/10.3.1/../../../arm-none-eabi/lib/thumb/v7e-m+fp/hard/crt0.o
LOAD /tmp/cc0fkfCz.o
LOAD /tmp/ccO1ArDh.o
LOAD /tmp/ccmHW4Wf.o
LOAD /tmp/cc6iSWa2.o
LOAD /tmp/ccUsXqrt.o
LOAD /tmp/cckVylcO.o
LOAD /tmp/ccr3hgGW.o
LOAD /tmp/ccttpind.o
START GROUP
LOAD /usr/lib/gcc/arm-none-eabi/10.3.1/thumb/v7e-m+fp/hard/libgcc.a
LOAD /usr/lib/gcc/arm-none-eabi/10.3.1/../../../arm-none-eabi/lib/thumb/v7e-m+fp/hard/libg.a
LOAD /usr/lib/gcc/arm-none-eabi/10.3.1/../../../arm-none-eabi/lib/thumb/v7e-m+fp/hard/libc.a
END GROUP
START GROUP
LOAD /usr/lib/gcc/arm-none-eabi/10.3.1/thumb/v7e-m+fp/hard/libgcc.a
LOAD /usr/lib/gcc/arm-none-eabi/10.3.1/../../../arm-none-eabi/lib/thumb/v7e-m+fp/hard/libc.a
LOAD /usr/lib/gcc/arm-none-eabi/10.3.1/../../../arm-none-eabi/lib/thumb/v7e-m+fp/hard/libnosys.a
END GROUP
LOAD /usr/lib/gcc/arm-none-eabi/10.3.1/thumb/v7e-m+fp/hard/crtend.o
LOAD /usr/lib/gcc/arm-none-eabi/10.3.1/thumb/v7e-m+fp/hard/crtn.o
                0x0000000020008000                _estack = (ORIGIN (RAM) + LENGTH (RAM))

.isr_vector     0x0000000000000000      0x27c
 *(.isr_vector)
 .isr_vector    0x0000000000000000      0x27c /tmp/ccO1ArDh.o
                0x0000000000000000                g_pfnVectors

.text           0x0000000000000280     0x3ce0
 *(.text*)
 .text.delay_ms
                0x0000000000000280       0x2e /tmp/cc0fkfCz.o
                0x0000000000000280                delay_ms
 *fill*         0x00000000000002ae        0x2 
 .text.Fault_HoldIfRequested
                0x00000000000002b0       0xb8 /tmp/cc0fkfCz.o
 .text.Fault_ApplyBitFlip
                0x0000000000000368       0xbc /tmp/cc0fkfCz.o
 .text.Fault_ApplyMemCorruption
                0x0000000000000424       0xa0 /tmp/cc0fkfCz.o
 .text.GPIO_Init
                0x00000000000004c4      0x204 /tmp/cc0fkfCz.o
                0x00000000000004c4                GPIO_Init
 .text.ADC_Init
                0x00000000000006c8       0xac /tmp/cc0fkfCz.o
                0x00000000000006c8                ADC_Init
 .text.ADC_ReadThrottle
                0x0000000000000774       0x60 /tmp/cc0fkfCz.o
                0x0000000000000774                ADC_ReadThrottle
 .text.PWM_Init
                0x00000000000007d4       0xb0 /tmp/cc0fkfCz.o
                0x00000000000007d4                PWM_Init
 .text.PWM_SetDuty
                0x0000000000000884       0x54 /tmp/cc0fkfCz.o
                0x0000000000000884                PWM_SetDuty
 .text.LCD_Pulse
                0x00000000000008d8       0x30 /tmp/cc0fkfCz.o
                0x00000000000008d8                LCD_Pulse
 .text.LCD_Nibble
                0x0000000000000908       0x90 /tmp/cc0fkfCz.o
                0x0000000000000908                LCD_Nibble
 .text.LCD_Command
                0x0000000000000998       0x44 /tmp/cc0fkfCz.o
                0x0000000000000998                LCD_Command
 .text.LCD_Char
                0x00000000000009dc       0x44 /tmp/cc0fkfCz.o
                0x00000000000009dc                LCD_Char
 .text.LCD_String
                0x0000000000000a20       0x2a /tmp/cc0fkfCz.o
                0x0000000000000a20                LCD_String
 .text.LCD_SetCursor
                0x0000000000000a4a       0x32 /tmp/cc0fkfCz.o
                0x0000000000000a4a                LCD_SetCursor
 .text.LCD_Init
                0x0000000000000a7c       0x6c /tmp/cc0fkfCz.o
                0x0000000000000a7c                LCD_Init
 .text.uint32_to_str
                0x0000000000000ae8       0xac /tmp/cc0fkfCz.o
                0x0000000000000ae8                uint32_to_str
 .text.button_pressed
                0x0000000000000b94       0x34 /tmp/cc0fkfCz.o
                0x0000000000000b94                button_pressed
 .text.led_set  0x0000000000000bc8       0x5c /tmp/cc0fkfCz.o
                0x0000000000000bc8                led_set
 .text.GPIOPortD_Handler
                0x0000000000000c24       0x3c /tmp/cc0fkfCz.o
                0x0000000000000c24                GPIOPortD_Handler
 .text.vEncoderTask
                0x0000000000000c60      0x130 /tmp/cc0fkfCz.o
                0x0000000000000c60                vEncoderTask
 .text.vCruiseTask
                0x0000000000000d90       0xe4 /tmp/cc0fkfCz.o
                0x0000000000000d90                vCruiseTask
 .text.vManualTask
                0x0000000000000e74      0x1c0 /tmp/cc0fkfCz.o
                0x0000000000000e74                vManualTask
 .text.vLCDTask
                0x0000000000001034       0xb0 /tmp/cc0fkfCz.o
                0x0000000000001034                vLCDTask
 .text.vWatchdogTask
                0x00000000000010e4      0x104 /tmp/cc0fkfCz.o
                0x00000000000010e4                vWatchdogTask
 .text.vApplicationStackOverflowHook
                0x00000000000011e8       0x16 /tmp/cc0fkfCz.o
                0x00000000000011e8                vApplicationStackOverflowHook
 *fill*         0x00000000000011fe        0x2 
 .text.main     0x0000000000001200       0xd4 /tmp/cc0fkfCz.o
                0x0000000000001200                main
 .text.NMI_Handler
                0x00000000000012d4        0x6 /tmp/ccO1ArDh.o
                0x00000000000012d4                NMI_Handler
 .text.HardFault_Handler
                0x00000000000012da        0x6 /tmp/ccO1ArDh.o
                0x00000000000012da                HardFault_Handler
 .text.MemManage_Handler
                0x00000000000012e0        0x6 /tmp/ccO1ArDh.o
                0x00000000000012e0                MemManage_Handler
 .text.BusFault_Handler
                0x00000000000012e6        0x6 /tmp/ccO1ArDh.o
                0x00000000000012e6                BusFault_Handler
 .text.UsageFault_Handler
                0x00000000000012ec        0x6 /tmp/ccO1ArDh.o
                0x00000000000012ec                UsageFault_Handler
 .text.DebugMon_Handler
                0x00000000000012f2        0x6 /tmp/ccO1ArDh.o
                0x00000000000012f2                DebugMon_Handler
 .text.IntDefaultHandler
                0x00000000000012f8        0x6 /tmp/ccO1ArDh.o
                0x00000000000012f8                IntDefaultHandler
 *fill*         0x00000000000012fe        0x2 
 .text.Reset_Handler
                0x0000000000001300       0x5c /tmp/ccO1ArDh.o
                0x0000000000001300                Reset_Handler
 .text.prvCreateTask
                0x000000000000135c       0x78 /tmp/ccmHW4Wf.o
 .text.xTaskCreate
                0x00000000000013d4       0x46 /tmp/ccmHW4Wf.o
                0x00000000000013d4                xTaskCreate
 .text.prvInitialiseNewTask
                0x000000000000141a      0x11c /tmp/ccmHW4Wf.o
 *fill*         0x0000000000001536        0x2 
 .text.prvAddNewTaskToReadyList
                0x0000000000001538      0x128 /tmp/ccmHW4Wf.o
 .text.xTaskDelayUntil
                0x0000000000001660       0xfc /tmp/ccmHW4Wf.o
                0x0000000000001660                xTaskDelayUntil
 .text.vTaskDelay
                0x000000000000175c       0x68 /tmp/ccmHW4Wf.o
                0x000000000000175c                vTaskDelay
 .text.prvCreateIdleTasks
                0x00000000000017c4       0x94 /tmp/ccmHW4Wf.o
 .text.vTaskStartScheduler
                0x0000000000001858       0x7c /tmp/ccmHW4Wf.o
                0x0000000000001858                vTaskStartScheduler
 .text.vTaskSuspendAll
                0x00000000000018d4       0x1c /tmp/ccmHW4Wf.o
                0x00000000000018d4                vTaskSuspendAll
 .text.xTaskResumeAll
                0x00000000000018f0      0x210 /tmp/ccmHW4Wf.o
                0x00000000000018f0                xTaskResumeAll
 .text.xTaskGetTickCount
                0x0000000000001b00       0x20 /tmp/ccmHW4Wf.o
                0x0000000000001b00                xTaskGetTickCount
 .text.xTaskIncrementTick
                0x0000000000001b20      0x230 /tmp/ccmHW4Wf.o
                0x0000000000001b20                xTaskIncrementTick
 .text.vTaskSwitchContext
                0x0000000000001d50      0x104 /tmp/ccmHW4Wf.o
                0x0000000000001d50                vTaskSwitchContext
 .text.vTaskPlaceOnEventList
                0x0000000000001e54       0x48 /tmp/ccmHW4Wf.o
                0x0000000000001e54                vTaskPlaceOnEventList
 .text.xTaskRemoveFromEventList
                0x0000000000001e9c      0x1b0 /tmp/ccmHW4Wf.o
                0x0000000000001e9c                xTaskRemoveFromEventList
 .text.vTaskInternalSetTimeOutState
                0x000000000000204c       0x2c /tmp/ccmHW4Wf.o
                0x000000000000204c                vTaskInternalSetTimeOutState
 .text.xTaskCheckForTimeOut
                0x0000000000002078       0xcc /tmp/ccmHW4Wf.o
                0x0000000000002078                xTaskCheckForTimeOut
 .text.vTaskMissedYield
                0x0000000000002144       0x18 /tmp/ccmHW4Wf.o
                0x0000000000002144                vTaskMissedYield
 .text.prvIdleTask
                0x000000000000215c       0x30 /tmp/ccmHW4Wf.o
 .text.prvInitialiseTaskLists
                0x000000000000218c       0x74 /tmp/ccmHW4Wf.o
 .text.prvCheckTasksWaitingTermination
                0x0000000000002200        0xe /tmp/ccmHW4Wf.o
 *fill*         0x000000000000220e        0x2 
 .text.prvResetNextTaskUnblockTime
                0x0000000000002210       0x38 /tmp/ccmHW4Wf.o
 .text.xTaskPriorityInherit
                0x0000000000002248      0x140 /tmp/ccmHW4Wf.o
                0x0000000000002248                xTaskPriorityInherit
 .text.xTaskPriorityDisinherit
                0x0000000000002388      0x14c /tmp/ccmHW4Wf.o
                0x0000000000002388                xTaskPriorityDisinherit
 .text.vTaskPriorityDisinheritAfterTimeout
                0x00000000000024d4      0x174 /tmp/ccmHW4Wf.o
                0x00000000000024d4                vTaskPriorityDisinheritAfterTimeout
 .text.pvTaskIncrementMutexHeldCount
                0x0000000000002648       0x30 /tmp/ccmHW4Wf.o
                0x0000000000002648                pvTaskIncrementMutexHeldCount
 .text.prvAddCurrentTaskToDelayedList
                0x0000000000002678      0x104 /tmp/ccmHW4Wf.o
 .text.xQueueGenericReset
                0x000000000000277c      0x120 /tmp/cc6iSWa2.o
                0x000000000000277c                xQueueGenericReset
 .text.xQueueGenericCreate
                0x000000000000289c       0x9c /tmp/cc6iSWa2.o
                0x000000000000289c                xQueueGenericCreate
 .text.prvInitialiseNewQueue
                0x0000000000002938       0x3e /tmp/cc6iSWa2.o
 .text.prvInitialiseMutex
                0x0000000000002976       0x34 /tmp/cc6iSWa2.o
 .text.xQueueCreateMutex
                0x00000000000029aa       0x30 /tmp/cc6iSWa2.o
                0x00000000000029aa                xQueueCreateMutex
 *fill*         0x00000000000029da        0x2 
 .text.xQueueGenericSend
                0x00000000000029dc      0x1cc /tmp/cc6iSWa2.o
                0x00000000000029dc                xQueueGenericSend
 .text.xQueueSemaphoreTake
                0x0000000000002ba8      0x1cc /tmp/cc6iSWa2.o
                0x0000000000002ba8                xQueueSemaphoreTake
 .text.prvGetDisinheritPriorityAfterTimeout
                0x0000000000002d74       0x30 /tmp/cc6iSWa2.o
 .text.prvCopyDataToQueue
                0x0000000000002da4       0xd4 /tmp/cc6iSWa2.o
 .text.prvUnlockQueue
                0x0000000000002e78       0xa4 /tmp/cc6iSWa2.o
 .text.prvIsQueueEmpty
                0x0000000000002f1c       0x2c /tmp/cc6iSWa2.o
 .text.prvIsQueueFull
                0x0000000000002f48       0x30 /tmp/cc6iSWa2.o
 .text.vListInitialise
                0x0000000000002f78       0x40 /tmp/ccUsXqrt.o
                0x0000000000002f78                vListInitialise
 .text.vListInitialiseItem
                0x0000000000002fb8       0x1a /tmp/ccUsXqrt.o
                0x0000000000002fb8                vListInitialiseItem
 .text.vListInsert
                0x0000000000002fd2       0x72 /tmp/ccUsXqrt.o
                0x0000000000002fd2                vListInsert
 .text.uxListRemove
                0x0000000000003044       0x54 /tmp/ccUsXqrt.o
                0x0000000000003044                uxListRemove
 .text.pxPortInitialiseStack
                0x0000000000003098       0x68 /tmp/ccr3hgGW.o
                0x0000000000003098                pxPortInitialiseStack
 .text.prvTaskExitError
                0x0000000000003100       0x58 /tmp/ccr3hgGW.o
 *fill*         0x0000000000003158        0x8 
 .text.vPortSVCHandler
                0x0000000000003160       0x28 /tmp/ccr3hgGW.o
                0x0000000000003160                vPortSVCHandler
 .text.prvPortStartFirstTask
                0x0000000000003188       0x2c /tmp/ccr3hgGW.o
 .text.xPortStartScheduler
                0x00000000000031b4      0x1d4 /tmp/ccr3hgGW.o
                0x00000000000031b4                xPortStartScheduler
 .text.vPortEnterCritical
                0x0000000000003388       0x60 /tmp/ccr3hgGW.o
                0x0000000000003388                vPortEnterCritical
 .text.vPortExitCritical
                0x00000000000033e8       0x54 /tmp/ccr3hgGW.o
                0x00000000000033e8                vPortExitCritical
 *fill*         0x000000000000343c        0x4 
 .text.xPortPendSVHandler
                0x0000000000003440       0x68 /tmp/ccr3hgGW.o
                0x0000000000003440                xPortPendSVHandler
 .text.xPortSysTickHandler
                0x00000000000034a8       0x44 /tmp/ccr3hgGW.o
                0x00000000000034a8                xPortSysTickHandler
 .text.vPortSetupTimerInterrupt
                0x00000000000034ec       0x34 /tmp/ccr3hgGW.o
                0x00000000000034ec                vPortSetupTimerInterrupt
 .text.vPortEnableVFP
                0x0000000000003520       0x18 /tmp/ccr3hgGW.o
 .text.pvPortMalloc
                0x0000000000003538      0x258 /tmp/ccttpind.o
                0x0000000000003538                pvPortMalloc
 .text.vPortFree
                0x0000000000003790       0xf0 /tmp/ccttpind.o
                0x0000000000003790                vPortFree
 .text.prvHeapInit
                0x0000000000003880       0xb4 /tmp/ccttpind.o
 .text.prvInsertBlockIntoFreeList
                0x0000000000003934       0xf4 /tmp/ccttpind.o
 .text          0x0000000000003a28       0x30 /usr/lib/gcc/arm-none-eabi/10.3.1/thumb/v7e-m+fp/hard/libgcc.a(_aeabi_uldivmod.o)
                0x0000000000003a28                __aeabi_uldivmod
 .text          0x0000000000003a58      0x2d0 /usr/lib/gcc/arm-none-eabi/10.3.1/thumb/v7e-m+fp/hard/libgcc.a(_udivmoddi4.o)
                0x0000000000003a58                __udivmoddi4
 .text          0x0000000000003d28        0x4 /usr/lib/gcc/arm-none-eabi/10.3.1/thumb/v7e-m+fp/hard/libgcc.a(_dvmd_tls.o)
                0x0000000000003d28                __aeabi_ldiv0
                0x0000000000003d28                __aeabi_idiv0
 .text          0x0000000000003d2c      0x134 /usr/lib/gcc/arm-none-eabi/10.3.1/../../../arm-none-eabi/lib/thumb/v7e-m+fp/hard/libg.a(lib_a-memcpy.o)
                0x0000000000003d2c                memcpy
 .text          0x0000000000003e60       0xa4 /usr/lib/gcc/arm-none-eabi/10.3.1/../../../arm-none-eabi/lib/thumb/v7e-m+fp/hard/libg.a(lib_a-memset.o)
                0x0000000000003e60                memset
 *(.rodata*)
 .rodata        0x0000000000003f04       0x49 /tmp/cc0fkfCz.o
 *fill*         0x0000000000003f4d        0x3 
 .rodata        0x0000000000003f50        0x5 /tmp/ccmHW4Wf.o
 *(.init)
 *fill*         0x0000000000003f55        0x3 
 .init          0x0000000000003f58        0x4 /usr/lib/gcc/arm-none-eabi/10.3.1/thumb/v7e-m+fp/hard/crti.o
                0x0000000000003f58                _init
 *(.fini)
 .fini          0x0000000000003f5c        0x4 /usr/lib/gcc/arm-none-eabi/10.3.1/thumb/v7e-m+fp/hard/crti.o
                0x0000000000003f5c                _fini
                0x0000000000003f60                . = ALIGN (0x4)
                0x0000000000003f60                _etext = .
                0x0000000000003f68                _la_data = LOADADDR (.data)

.glue_7         0x0000000000003f60        0x0
 .glue_7        0x0000000000003f60        0x0 linker stubs

.glue_7t        0x0000000000003f60        0x0
 .glue_7t       0x0000000000003f60        0x0 linker stubs

.vfp11_veneer   0x0000000000003f60        0x0
 .vfp11_veneer  0x0000000000003f60        0x0 linker stubs

.v4_bx          0x0000000000003f60        0x0
 .v4_bx         0x0000000000003f60        0x0 linker stubs

.iplt           0x0000000000003f60        0x0
 .iplt          0x0000000000003f60        0x0 /tmp/cc0fkfCz.o

.rel.dyn        0x0000000000003f60        0x0
 .rel.iplt      0x0000000000003f60        0x0 /tmp/cc0fkfCz.o

.ARM.exidx      0x0000000000003f60        0x8
 .ARM.exidx     0x0000000000003f60        0x8 /usr/lib/gcc/arm-none-eabi/10.3.1/thumb/v7e-m+fp/hard/libgcc.a(_udivmoddi4.o)

.data           0x0000000020000000        0xc load address 0x0000000000003f68
                0x0000000020000000                . = ALIGN (0x4)
                0x0000000020000000                _sdata = .
 *(.data*)
 .data.target_rpm
                0x0000000020000000        0x4 /tmp/cc0fkfCz.o
                0x0000000020000000                target_rpm
 .data.uxTopUsedPriority
                0x0000000020000004        0x4 /tmp/ccmHW4Wf.o
 .data.uxCriticalNesting
                0x0000000020000008        0x4 /tmp/ccr3hgGW.o
                0x000000002000000c                . = ALIGN (0x4)
                0x000000002000000c                _edata = .

.igot.plt       0x000000002000000c        0x0 load address 0x0000000000003f74
 .igot.plt      0x000000002000000c        0x0 /tmp/cc0fkfCz.o

.bss            0x000000002000000c     0x2154 load address 0x0000000000003f74
                0x000000002000000c                . = ALIGN (0x4)
                0x000000002000000c                _sbss = .
 *(.bss*)
 .bss.cruise_state
                0x000000002000000c        0x1 /tmp/cc0fkfCz.o
                0x000000002000000c                cruise_state
 *fill*         0x000000002000000d        0x3 
 .bss.current_rpm
                0x0000000020000010        0x4 /tmp/cc0fkfCz.o
                0x0000000020000010                current_rpm
 .bss.encoder_count
                0x0000000020000014        0x4 /tmp/cc0fkfCz.o
                0x0000000020000014                encoder_count
 .bss.zero_rpm_count
                0x0000000020000018        0x4 /tmp/cc0fkfCz.o
                0x0000000020000018                zero_rpm_count
 .bss.encoder_task_kick
                0x000000002000001c        0x4 /tmp/cc0fkfCz.o
                0x000000002000001c                encoder_task_kick
 .bss.cruise_task_kick
                0x0000000020000020        0x4 /tmp/cc0fkfCz.o
                0x0000000020000020                cruise_task_kick
 .bss.manual_task_kick
                0x0000000020000024        0x4 /tmp/cc0fkfCz.o
                0x0000000020000024                manual_task_kick
 .bss.g_fault   0x0000000020000028       0x20 /tmp/cc0fkfCz.o
                0x0000000020000028                g_fault
 .bss.xRPMMutex
                0x0000000020000048        0x4 /tmp/cc0fkfCz.o
                0x0000000020000048                xRPMMutex
 .bss.xStateMutex
                0x000000002000004c        0x4 /tmp/cc0fkfCz.o
                0x000000002000004c                xStateMutex
 .bss.pxCurrentTCB
                0x0000000020000050        0x4 /tmp/ccmHW4Wf.o
                0x0000000020000050                pxCurrentTCB
 .bss.pxReadyTasksLists
                0x0000000020000054       0x64 /tmp/ccmHW4Wf.o
 .bss.xDelayedTaskList1
                0x00000000200000b8       0x14 /tmp/ccmHW4Wf.o
 .bss.xDelayedTaskList2
                0x00000000200000cc       0x14 /tmp/ccmHW4Wf.o
 .bss.pxDelayedTaskList
                0x00000000200000e0        0x4 /tmp/ccmHW4Wf.o
 .bss.pxOverflowDelayedTaskList
                0x00000000200000e4        0x4 /tmp/ccmHW4Wf.o
 .bss.xPendingReadyList
                0x00000000200000e8       0x14 /tmp/ccmHW4Wf.o
 .bss.xSuspendedTaskList
                0x00000000200000fc       0x14 /tmp/ccmHW4Wf.o
 .bss.uxCurrentNumberOfTasks
                0x0000000020000110        0x4 /tmp/ccmHW4Wf.o
 .bss.xTickCount
                0x0000000020000114        0x4 /tmp/ccmHW4Wf.o
 .bss.uxTopReadyPriority
                0x0000000020000118        0x4 /tmp/ccmHW4Wf.o
 .bss.xSchedulerRunning
                0x000000002000011c        0x4 /tmp/ccmHW4Wf.o
 .bss.xPendedTicks
                0x0000000020000120        0x4 /tmp/ccmHW4Wf.o
 .bss.xYieldPendings
                0x0000000020000124        0x4 /tmp/ccmHW4Wf.o
 .bss.xNumOfOverflows
                0x0000000020000128        0x4 /tmp/ccmHW4Wf.o
 .bss.uxTaskNumber
                0x000000002000012c        0x4 /tmp/ccmHW4Wf.o
 .bss.xNextTaskUnblockTime
                0x0000000020000130        0x4 /tmp/ccmHW4Wf.o
 .bss.xIdleTaskHandles
                0x0000000020000134        0x4 /tmp/ccmHW4Wf.o
 .bss.uxSchedulerSuspended
                0x0000000020000138        0x4 /tmp/ccmHW4Wf.o
 .bss.ucMaxSysCallPriority
                0x000000002000013c        0x1 /tmp/ccr3hgGW.o
 *fill*         0x000000002000013d        0x3 
 .bss.ulMaxPRIGROUPValue
                0x0000000020000140        0x4 /tmp/ccr3hgGW.o
 .bss.ucHeap    0x0000000020000144     0x2000 /tmp/ccttpind.o
 .bss.xStart    0x0000000020002144        0x8 /tmp/ccttpind.o
 .bss.pxEnd     0x000000002000214c        0x4 /tmp/ccttpind.o
 .bss.xFreeBytesRemaining
                0x0000000020002150        0x4 /tmp/ccttpind.o
 .bss.xMinimumEverFreeBytesRemaining
                0x0000000020002154        0x4 /tmp/ccttpind.o
 .bss.xNumberOfSuccessfulAllocations
                0x0000000020002158        0x4 /tmp/ccttpind.o
 .bss.xNumberOfSuccessfulFrees
                0x000000002000215c        0x4 /tmp/ccttpind.o
 *(COMMON)
                0x0000000020002160                . = ALIGN (0x4)
                0x0000000020002160                _ebss = .
OUTPUT(main.elf elf32-littlearm)
LOAD linker stubs

.ARM.attributes
                0x0000000000000000       0x30
 .ARM.attributes
                0x0000000000000000       0x1e /usr/lib/gcc/arm-none-eabi/10.3.1/thumb/v7e-m+fp/hard/crti.o
 .ARM.attributes
                0x000000000000001e       0x34 /tmp/cc0fkfCz.o
 .ARM.attributes
                0x0000000000000052       0x34 /tmp/ccO1ArDh.o
 .ARM.attributes
                0x0000000000000086       0x34 /tmp/ccmHW4Wf.o
 .ARM.attributes
                0x00000000000000ba       0x34 /tmp/cc6iSWa2.o
 .ARM.attributes
                0x00000000000000ee       0x34 /tmp/ccUsXqrt.o
 .ARM.attributes
                0x0000000000000122       0x34 /tmp/ccr3hgGW.o
 .ARM.attributes
                0x0000000000000156       0x34 /tmp/ccttpind.o
 .ARM.attributes
                0x000000000000018a       0x1e /usr/lib/gcc/arm-none-eabi/10.3.1/thumb/v7e-m+fp/hard/libgcc.a(_aeabi_uldivmod.o)
 .ARM.attributes
                0x00000000000001a8       0x34 /usr/lib/gcc/arm-none-eabi/10.3.1/thumb/v7e-m+fp/hard/libgcc.a(_udivmoddi4.o)
 .ARM.attributes
                0x00000000000001dc       0x1e /usr/lib/gcc/arm-none-eabi/10.3.1/thumb/v7e-m+fp/hard/libgcc.a(_dvmd_tls.o)
 .ARM.attributes
                0x00000000000001fa       0x1c /usr/lib/gcc/arm-none-eabi/10.3.1/../../../arm-none-eabi/lib/thumb/v7e-m+fp/hard/libg.a(lib_a-memcpy.o)
 .ARM.attributes
                0x0000000000000216       0x34 /usr/lib/gcc/arm-none-eabi/10.3.1/../../../arm-none-eabi/lib/thumb/v7e-m+fp/hard/libg.a(lib_a-memset.o)

.comment        0x0000000000000000       0x33
 .comment       0x0000000000000000       0x33 /tmp/cc0fkfCz.o
                                         0x34 (size before relaxing)
 .comment       0x0000000000000033       0x34 /tmp/ccO1ArDh.o
 .comment       0x0000000000000033       0x34 /tmp/ccmHW4Wf.o
 .comment       0x0000000000000033       0x34 /tmp/cc6iSWa2.o
 .comment       0x0000000000000033       0x34 /tmp/ccUsXqrt.o
 .comment       0x0000000000000033       0x34 /tmp/ccr3hgGW.o
 .comment       0x0000000000000033       0x34 /tmp/ccttpind.o
 .comment       0x0000000000000033       0x34 /usr/lib/gcc/arm-none-eabi/10.3.1/thumb/v7e-m+fp/hard/libgcc.a(_udivmoddi4.o)
 .comment       0x0000000000000033       0x34 /usr/lib/gcc/arm-none-eabi/10.3.1/../../../arm-none-eabi/lib/thumb/v7e-m+fp/hard/libg.a(lib_a-memset.o)

.debug_info     0x0000000000000000     0x562c
 .debug_info    0x0000000000000000      0x9e9 /tmp/cc0fkfCz.o
 .debug_info    0x00000000000009e9      0x1a0 /tmp/ccO1ArDh.o
 .debug_info    0x0000000000000b89     0x20a5 /tmp/ccmHW4Wf.o
 .debug_info    0x0000000000002c2e     0x137c /tmp/cc6iSWa2.o
 .debug_info    0x0000000000003faa      0x2b5 /tmp/ccUsXqrt.o
 .debug_info    0x000000000000425f      0x56a /tmp/ccr3hgGW.o
 .debug_info    0x00000000000047c9      0x5a3 /tmp/ccttpind.o
 .debug_info    0x0000000000004d6c       0x26 /usr/lib/gcc/arm-none-eabi/10.3.1/thumb/v7e-m+fp/hard/libgcc.a(_aeabi_uldivmod.o)
 .debug_info    0x0000000000004d92      0x717 /usr/lib/gcc/arm-none-eabi/10.3.1/thumb/v7e-m+fp/hard/libgcc.a(_udivmoddi4.o)
 .debug_info    0x00000000000054a9       0x26 /usr/lib/gcc/arm-none-eabi/10.3.1/thumb/v7e-m+fp/hard/libgcc.a(_dvmd_tls.o)
 .debug_info    0x00000000000054cf       0x26 /usr/lib/gcc/arm-none-eabi/10.3.1/../../../arm-none-eabi/lib/thumb/v7e-m+fp/hard/libg.a(lib_a-memcpy.o)
 .debug_info    0x00000000000054f5      0x137 /usr/lib/gcc/arm-none-eabi/10.3.1/../../../arm-none-eabi/lib/thumb/v7e-m+fp/hard/libg.a(lib_a-memset.o)

.debug_abbrev   0x0000000000000000      0xfb8
 .debug_abbrev  0x0000000000000000      0x2b4 /tmp/cc0fkfCz.o
 .debug_abbrev  0x00000000000002b4       0xc0 /tmp/ccO1ArDh.o
 .debug_abbrev  0x0000000000000374      0x2ec /tmp/ccmHW4Wf.o
 .debug_abbrev  0x0000000000000660      0x223 /tmp/cc6iSWa2.o
 .debug_abbrev  0x0000000000000883       0xe8 /tmp/ccUsXqrt.o
 .debug_abbrev  0x000000000000096b      0x208 /tmp/ccr3hgGW.o
 .debug_abbrev  0x0000000000000b73      0x1f2 /tmp/ccttpind.o
 .debug_abbrev  0x0000000000000d65       0x14 /usr/lib/gcc/arm-none-eabi/10.3.1/thumb/v7e-m+fp/hard/libgcc.a(_aeabi_uldivmod.o)
 .debug_abbrev  0x0000000000000d79      0x163 /usr/lib/gcc/arm-none-eabi/10.3.1/thumb/v7e-m+fp/hard/libgcc.a(_udivmoddi4.o)
 .debug_abbrev  0x0000000000000edc       0x14 /usr/lib/gcc/arm-none-eabi/10.3.1/thumb/v7e-m+fp/hard/libgcc.a(_dvmd_tls.o)
 .debug_abbrev  0x0000000000000ef0       0x14 /usr/lib/gcc/arm-none-eabi/10.3.1/../../../arm-none-eabi/lib/thumb/v7e-m+fp/hard/libg.a(lib_a-memcpy.o)
 .debug_abbrev  0x0000000000000f04       0xb4 /usr/lib/gcc/arm-none-eabi/10.3.1/../../../arm-none-eabi/lib/thumb/v7e-m+fp/hard/libg.a(lib_a-memset.o)

.debug_aranges  0x0000000000000000      0x5e0
 .debug_aranges
                0x0000000000000000      0x118 /tmp/cc0fkfCz.o
 .debug_aranges
                0x0000000000000118       0x58 /tmp/ccO1ArDh.o
 .debug_aranges
                0x0000000000000170      0x1b8 /tmp/ccmHW4Wf.o
 .debug_aranges
                0x0000000000000328       0xf0 /tmp/cc6iSWa2.o
 .debug_aranges
                0x0000000000000418       0x40 /tmp/ccUsXqrt.o
 .debug_aranges
                0x0000000000000458       0x80 /tmp/ccr3hgGW.o
 .debug_aranges
                0x00000000000004d8       0x68 /tmp/ccttpind.o
 .debug_aranges
                0x0000000000000540       0x20 /usr/lib/gcc/arm-none-eabi/10.3.1/thumb/v7e-m+fp/hard/libgcc.a(_aeabi_uldivmod.o)
 .debug_aranges
                0x0000000000000560       0x20 /usr/lib/gcc/arm-none-eabi/10.3.1/thumb/v7e-m+fp/hard/libgcc.a(_udivmoddi4.o)
 .debug_aranges
                0x0000000000000580       0x20 /usr/lib/gcc/arm-none-eabi/10.3.1/thumb/v7e-m+fp/hard/libgcc.a(_dvmd_tls.o)
 .debug_aranges
                0x00000000000005a0       0x20 /usr/lib/gcc/arm-none-eabi/10.3.1/../../../arm-none-eabi/lib/thumb/v7e-m+fp/hard/libg.a(lib_a-memcpy.o)
 .debug_aranges
                0x00000000000005c0       0x20 /usr/lib/gcc/arm-none-eabi/10.3.1/../../../arm-none-eabi/lib/thumb/v7e-m+fp/hard/libg.a(lib_a-memset.o)

.debug_ranges   0x0000000000000000      0x5d8
 .debug_ranges  0x0000000000000000      0x108 /tmp/cc0fkfCz.o
 .debug_ranges  0x0000000000000108       0x48 /tmp/ccO1ArDh.o
 .debug_ranges  0x0000000000000150      0x1c8 /tmp/ccmHW4Wf.o
 .debug_ranges  0x0000000000000318       0xe0 /tmp/cc6iSWa2.o
 .debug_ranges  0x00000000000003f8       0x30 /tmp/ccUsXqrt.o
 .debug_ranges  0x0000000000000428       0x70 /tmp/ccr3hgGW.o
 .debug_ranges  0x0000000000000498       0x58 /tmp/ccttpind.o
 .debug_ranges  0x00000000000004f0       0xe8 /usr/lib/gcc/arm-none-eabi/10.3.1/thumb/v7e-m+fp/hard/libgcc.a(_udivmoddi4.o)

.debug_line     0x0000000000000000     0x4152
 .debug_line    0x0000000000000000      0x97a /tmp/cc0fkfCz.o
 .debug_line    0x000000000000097a      0x115 /tmp/ccO1ArDh.o
 .debug_line    0x0000000000000a8f     0x14e2 /tmp/ccmHW4Wf.o
 .debug_line    0x0000000000001f71      0xd8f /tmp/cc6iSWa2.o
 .debug_line    0x0000000000002d00      0x1d5 /tmp/ccUsXqrt.o
 .debug_line    0x0000000000002ed5      0x438 /tmp/ccr3hgGW.o
 .debug_line    0x000000000000330d      0x55a /tmp/ccttpind.o
 .debug_line    0x0000000000003867       0x60 /usr/lib/gcc/arm-none-eabi/10.3.1/thumb/v7e-m+fp/hard/libgcc.a(_aeabi_uldivmod.o)
 .debug_line    0x00000000000038c7      0x5ae /usr/lib/gcc/arm-none-eabi/10.3.1/thumb/v7e-m+fp/hard/libgcc.a(_udivmoddi4.o)
 .debug_line    0x0000000000003e75       0x60 /usr/lib/gcc/arm-none-eabi/10.3.1/thumb/v7e-m+fp/hard/libgcc.a(_dvmd_tls.o)
 .debug_line    0x0000000000003ed5       0xbe /usr/lib/gcc/arm-none-eabi/10.3.1/../../../arm-none-eabi/lib/thumb/v7e-m+fp/hard/libg.a(lib_a-memcpy.o)
 .debug_line    0x0000000000003f93      0x1bf /usr/lib/gcc/arm-none-eabi/10.3.1/../../../arm-none-eabi/lib/thumb/v7e-m+fp/hard/libg.a(lib_a-memset.o)

.debug_str      0x0000000000000000     0x26b5
 .debug_str     0x0000000000000000      0x739 /tmp/cc0fkfCz.o
                                        0x7a7 (size before relaxing)
 .debug_str     0x0000000000000739       0xd2 /tmp/ccO1ArDh.o
                                        0x257 (size before relaxing)
 .debug_str     0x000000000000080b      0xc9f /tmp/ccmHW4Wf.o
                                        0xec9 (size before relaxing)
 .debug_str     0x00000000000014aa      0x46e /tmp/cc6iSWa2.o
                                        0x827 (size before relaxing)
 .debug_str     0x0000000000001918       0x9d /tmp/ccUsXqrt.o
                                        0x2e2 (size before relaxing)
 .debug_str     0x00000000000019b5      0x228 /tmp/ccr3hgGW.o
                                        0x458 (size before relaxing)
 .debug_str     0x0000000000001bdd      0x2ee /tmp/ccttpind.o
                                        0x4d6 (size before relaxing)
 .debug_str     0x0000000000001ecb       0xa6 /usr/lib/gcc/arm-none-eabi/10.3.1/thumb/v7e-m+fp/hard/libgcc.a(_aeabi_uldivmod.o)
 .debug_str     0x0000000000001f71      0x550 /usr/lib/gcc/arm-none-eabi/10.3.1/thumb/v7e-m+fp/hard/libgcc.a(_udivmoddi4.o)
                                        0x647 (size before relaxing)
 .debug_str     0x00000000000024c1       0x30 /usr/lib/gcc/arm-none-eabi/10.3.1/thumb/v7e-m+fp/hard/libgcc.a(_dvmd_tls.o)
                                         0xaa (size before relaxing)
 .debug_str     0x00000000000024f1       0xa5 /usr/lib/gcc/arm-none-eabi/10.3.1/../../../arm-none-eabi/lib/thumb/v7e-m+fp/hard/libg.a(lib_a-memcpy.o)
                                         0xb1 (size before relaxing)
 .debug_str     0x0000000000002596      0x11f /usr/lib/gcc/arm-none-eabi/10.3.1/../../../arm-none-eabi/lib/thumb/v7e-m+fp/hard/libg.a(lib_a-memset.o)
                                        0x1bb (size before relaxing)

.debug_frame    0x0000000000000000     0x155c
 .debug_frame   0x0000000000000000      0x48c /tmp/cc0fkfCz.o
 .debug_frame   0x000000000000048c       0xd8 /tmp/ccO1ArDh.o
 .debug_frame   0x0000000000000564      0x780 /tmp/ccmHW4Wf.o
 .debug_frame   0x0000000000000ce4      0x3f8 /tmp/cc6iSWa2.o
 .debug_frame   0x00000000000010dc       0xd8 /tmp/ccUsXqrt.o
 .debug_frame   0x00000000000011b4      0x1a8 /tmp/ccr3hgGW.o
 .debug_frame   0x000000000000135c      0x174 /tmp/ccttpind.o
 .debug_frame   0x00000000000014d0       0x2c /usr/lib/gcc/arm-none-eabi/10.3.1/thumb/v7e-m+fp/hard/libgcc.a(_aeabi_uldivmod.o)
 .debug_frame   0x00000000000014fc       0x34 /usr/lib/gcc/arm-none-eabi/10.3.1/thumb/v7e-m+fp/hard/libgcc.a(_udivmoddi4.o)
 .debug_frame   0x0000000000001530       0x2c /usr/lib/gcc/arm-none-eabi/10.3.1/../../../arm-none-eabi/lib/thumb/v7e-m+fp/hard/libg.a(lib_a-memset.o)

.debug_loc      0x0000000000000000     0x123b
 .debug_loc     0x0000000000000000     0x100f /usr/lib/gcc/arm-none-eabi/10.3.1/thumb/v7e-m+fp/hard/libgcc.a(_udivmoddi4.o)
 .debug_loc     0x000000000000100f      0x22c /usr/lib/gcc/arm-none-eabi/10.3.1/../../../arm-none-eabi/lib/thumb/v7e-m+fp/hard/libg.a(lib_a-memset.o)
