Archive member included to satisfy reference by file (symbol)

/usr/lib/gcc/arm-none-eabi/10.3.1/../../../arm-none-eabi/lib/thumb/v7e-m+fp/hard/libg.a(lib_a-atexit.o)
                              /usr/lib/gcc/arm-none-eabi/10.3.1/../../../arm-none-eabi/lib/thumb/v7e-m+fp/hard/crt0.o (atexit)
/usr/lib/gcc/arm-none-eabi/10.3.1/../../../arm-none-eabi/lib/thumb/v7e-m+fp/hard/libg.a(lib_a-exit.o)
                              /usr/lib/gcc/arm-none-eabi/10.3.1/../../../arm-none-eabi/lib/thumb/v7e-m+fp/hard/crt0.o (exit)
/usr/lib/gcc/arm-none-eabi/10.3.1/../../../arm-none-eabi/lib/thumb/v7e-m+fp/hard/libg.a(lib_a-fini.o)
                              /usr/lib/gcc/arm-none-eabi/10.3.1/../../../arm-none-eabi/lib/thumb/v7e-m+fp/hard/crt0.o (__libc_fini_array)
/usr/lib/gcc/arm-none-eabi/10.3.1/../../../arm-none-eabi/lib/thumb/v7e-m+fp/hard/libg.a(lib_a-impure.o)
                              /usr/lib/gcc/arm-none-eabi/10.3.1/../../../arm-none-eabi/lib/thumb/v7e-m+fp/hard/libg.a(lib_a-exit.o) (_global_impure_ptr)
/usr/lib/gcc/arm-none-eabi/10.3.1/../../../arm-none-eabi/lib/thumb/v7e-m+fp/hard/libg.a(lib_a-init.o)
                              /usr/lib/gcc/arm-none-eabi/10.3.1/../../../arm-none-eabi/lib/thumb/v7e-m+fp/hard/crt0.o (__libc_init_array)
/usr/lib/gcc/arm-none-eabi/10.3.1/../../../arm-none-eabi/lib/thumb/v7e-m+fp/hard/libg.a(lib_a-memcpy.o)
                              /tmp/ccL27Xea.o (memcpy)
/usr/lib/gcc/arm-none-eabi/10.3.1/../../../arm-none-eabi/lib/thumb/v7e-m+fp/hard/libg.a(lib_a-memset.o)
                              /usr/lib/gcc/arm-none-eabi/10.3.1/../../../arm-none-eabi/lib/thumb/v7e-m+fp/hard/crt0.o (memset)
/usr/lib/gcc/arm-none-eabi/10.3.1/../../../arm-none-eabi/lib/thumb/v7e-m+fp/hard/libg.a(lib_a-__atexit.o)
                              /usr/lib/gcc/arm-none-eabi/10.3.1/../../../arm-none-eabi/lib/thumb/v7e-m+fp/hard/libg.a(lib_a-atexit.o) (__register_exitproc)
/usr/lib/gcc/arm-none-eabi/10.3.1/../../../arm-none-eabi/lib/thumb/v7e-m+fp/hard/libg.a(lib_a-__call_atexit.o)
                              /usr/lib/gcc/arm-none-eabi/10.3.1/../../../arm-none-eabi/lib/thumb/v7e-m+fp/hard/libg.a(lib_a-exit.o) (__call_exitprocs)
/usr/lib/gcc/arm-none-eabi/10.3.1/../../../arm-none-eabi/lib/thumb/v7e-m+fp/hard/libnosys.a(_exit.o)
                              /usr/lib/gcc/arm-none-eabi/10.3.1/../../../arm-none-eabi/lib/thumb/v7e-m+fp/hard/libg.a(lib_a-exit.o) (_exit)

Discarded input sections

 .text          0x0000000000000000        0x0 /usr/lib/gcc/arm-none-eabi/10.3.1/thumb/v7e-m+fp/hard/crti.o
 .data          0x0000000000000000        0x0 /usr/lib/gcc/arm-none-eabi/10.3.1/thumb/v7e-m+fp/hard/crti.o
 .bss           0x0000000000000000        0x0 /usr/lib/gcc/arm-none-eabi/10.3.1/thumb/v7e-m+fp/hard/crti.o
 .text          0x0000000000000000       0x88 /usr/lib/gcc/arm-none-eabi/10.3.1/thumb/v7e-m+fp/hard/crtbegin.o
 .data          0x0000000000000000        0x4 /usr/lib/gcc/arm-none-eabi/10.3.1/thumb/v7e-m+fp/hard/crtbegin.o
 .bss           0x0000000000000000       0x1c /usr/lib/gcc/arm-none-eabi/10.3.1/thumb/v7e-m+fp/hard/crtbegin.o
 .rodata        0x0000000000000000       0x24 /usr/lib/gcc/arm-none-eabi/10.3.1/thumb/v7e-m+fp/hard/crtbegin.o
 .init_array    0x0000000000000000        0x4 /usr/lib/gcc/arm-none-eabi/10.3.1/thumb/v7e-m+fp/hard/crtbegin.o
 .fini_array    0x0000000000000000        0x4 /usr/lib/gcc/arm-none-eabi/10.3.1/thumb/v7e-m+fp/hard/crtbegin.o
 .eh_frame      0x0000000000000000        0x0 /usr/lib/gcc/arm-none-eabi/10.3.1/thumb/v7e-m+fp/hard/crtbegin.o
 .tm_clone_table
                0x0000000000000000        0x0 /usr/lib/gcc/arm-none-eabi/10.3.1/thumb/v7e-m+fp/hard/crtbegin.o
 .comment       0x0000000000000000       0x34 /usr/lib/gcc/arm-none-eabi/10.3.1/thumb/v7e-m+fp/hard/crtbegin.o
 .ARM.attributes
                0x0000000000000000       0x34 /usr/lib/gcc/arm-none-eabi/10.3.1/thumb/v7e-m+fp/hard/crtbegin.o
 .text          0x0000000000000000       0x70 /usr/lib/gcc/arm-none-eabi/10.3.1/../../../arm-none-eabi/lib/thumb/v7e-m+fp/hard/crt0.o
 .data          0x0000000000000000        0x0 /usr/lib/gcc/arm-none-eabi/10.3.1/../../../arm-none-eabi/lib/thumb/v7e-m+fp/hard/crt0.o
 .bss           0x0000000000000000        0x0 /usr/lib/gcc/arm-none-eabi/10.3.1/../../../arm-none-eabi/lib/thumb/v7e-m+fp/hard/crt0.o
 .ARM.extab     0x0000000000000000        0x0 /usr/lib/gcc/arm-none-eabi/10.3.1/../../../arm-none-eabi/lib/thumb/v7e-m+fp/hard/crt0.o
 .ARM.exidx     0x0000000000000000       0x10 /usr/lib/gcc/arm-none-eabi/10.3.1/../../../arm-none-eabi/lib/thumb/v7e-m+fp/hard/crt0.o
 .debug_line    0x0000000000000000       0x87 /usr/lib/gcc/arm-none-eabi/10.3.1/../../../arm-none-eabi/lib/thumb/v7e-m+fp/hard/crt0.o
 .debug_info    0x0000000000000000       0x26 /usr/lib/gcc/arm-none-eabi/10.3.1/../../../arm-none-eabi/lib/thumb/v7e-m+fp/hard/crt0.o
 .debug_abbrev  0x0000000000000000       0x14 /usr/lib/gcc/arm-none-eabi/10.3.1/../../../arm-none-eabi/lib/thumb/v7e-m+fp/hard/crt0.o
 .debug_aranges
                0x0000000000000000       0x20 /usr/lib/gcc/arm-none-eabi/10.3.1/../../../arm-none-eabi/lib/thumb/v7e-m+fp/hard/crt0.o
 .debug_str     0x0000000000000000       0x98 /usr/lib/gcc/arm-none-eabi/10.3.1/../../../arm-none-eabi/lib/thumb/v7e-m+fp/hard/crt0.o
 .ARM.attributes
                0x0000000000000000       0x1c /usr/lib/gcc/arm-none-eabi/10.3.1/../../../arm-none-eabi/lib/thumb/v7e-m+fp/hard/crt0.o
 .text          0x0000000000000000        0x0 /tmp/ccoewDGK.o
 .data          0x0000000000000000        0x0 /tmp/ccoewDGK.o
 .bss           0x0000000000000000        0x0 /tmp/ccoewDGK.o
 .text          0x0000000000000000        0x0 /tmp/ccBIAkwB.o
 .data          0x0000000000000000        0x0 /tmp/ccBIAkwB.o
 .bss           0x0000000000000000        0x0 /tmp/ccBIAkwB.o
 .text          0x0000000000000000        0x0 /tmp/ccruHjjJ.o
 .data          0x0000000000000000        0x0 /tmp/ccruHjjJ.o
 .bss           0x0000000000000000        0x0 /tmp/ccruHjjJ.o
 .text.vTaskDelay
                0x0000000000000000       0x68 /tmp/ccruHjjJ.o
 .text.vTaskSuspend
                0x0000000000000000      0x144 /tmp/ccruHjjJ.o
 .text.prvTaskIsTaskSuspended
                0x0000000000000000       0x8c /tmp/ccruHjjJ.o
 .text.vTaskResume
                0x0000000000000000      0x110 /tmp/ccruHjjJ.o
 .text.xTaskResumeFromISR
                0x0000000000000000      0x140 /tmp/ccruHjjJ.o
 .text.vTaskEndScheduler
                0x0000000000000000       0x30 /tmp/ccruHjjJ.o
 .text.xTaskGetTickCountFromISR
                0x0000000000000000       0x24 /tmp/ccruHjjJ.o
 .text.uxTaskGetNumberOfTasks
                0x0000000000000000       0x18 /tmp/ccruHjjJ.o
 .text.pcTaskGetName
                0x0000000000000000       0x48 /tmp/ccruHjjJ.o
 .text.xTaskCatchUpTicks
                0x0000000000000000       0x58 /tmp/ccruHjjJ.o
 .text.vTaskPlaceOnUnorderedEventList
                0x0000000000000000       0xac /tmp/ccruHjjJ.o
 .text.vTaskRemoveFromUnorderedEventList
                0x0000000000000000      0x184 /tmp/ccruHjjJ.o
 .text.vTaskSetTimeOutState
                0x0000000000000000       0x4c /tmp/ccruHjjJ.o
 .text.prvTaskCheckFreeStackSpace
                0x0000000000000000       0x36 /tmp/ccruHjjJ.o
 .text.uxTaskGetStackHighWaterMark
                0x0000000000000000       0x34 /tmp/ccruHjjJ.o
 .text.xTaskGetCurrentTaskHandle
                0x0000000000000000       0x20 /tmp/ccruHjjJ.o
 .text.xTaskGetCurrentTaskHandleForCore
                0x0000000000000000       0x30 /tmp/ccruHjjJ.o
 .text.uxTaskResetEventItemValue
                0x0000000000000000       0x30 /tmp/ccruHjjJ.o
 .text.ulTaskGenericNotifyTake
                0x0000000000000000       0xfc /tmp/ccruHjjJ.o
 .text.xTaskGenericNotifyWait
                0x0000000000000000      0x12c /tmp/ccruHjjJ.o
 .text.xTaskGenericNotify
                0x0000000000000000      0x258 /tmp/ccruHjjJ.o
 .text.xTaskGenericNotifyFromISR
                0x0000000000000000      0x2c8 /tmp/ccruHjjJ.o
 .text.vTaskGenericNotifyGiveFromISR
                0x0000000000000000      0x214 /tmp/ccruHjjJ.o
 .text.xTaskGenericNotifyStateClear
                0x0000000000000000       0x74 /tmp/ccruHjjJ.o
 .text.ulTaskGenericNotifyValueClear
                0x0000000000000000       0x7c /tmp/ccruHjjJ.o
 .text.vTaskResetState
                0x0000000000000000       0x98 /tmp/ccruHjjJ.o
 .text          0x0000000000000000        0x0 /tmp/ccL27Xea.o
 .data          0x0000000000000000        0x0 /tmp/ccL27Xea.o
 .bss           0x0000000000000000        0x0 /tmp/ccL27Xea.o
 .text.xQueueGenericSendFromISR
                0x0000000000000000      0x164 /tmp/ccL27Xea.o
 .text.xQueueGiveFromISR
                0x0000000000000000      0x148 /tmp/ccL27Xea.o
 .text.xQueueReceive
                0x0000000000000000      0x190 /tmp/ccL27Xea.o
 .text.xQueuePeek
                0x0000000000000000      0x194 /tmp/ccL27Xea.o
 .text.xQueueReceiveFromISR
                0x0000000000000000      0x12e /tmp/ccL27Xea.o
 .text.xQueuePeekFromISR
                0x0000000000000000       0xd2 /tmp/ccL27Xea.o
 .text.uxQueueMessagesWaiting
                0x0000000000000000       0x3c /tmp/ccL27Xea.o
 .text.uxQueueSpacesAvailable
                0x0000000000000000       0x46 /tmp/ccL27Xea.o
 .text.uxQueueMessagesWaitingFromISR
                0x0000000000000000       0x3c /tmp/ccL27Xea.o
 .text.vQueueDelete
                0x0000000000000000       0x36 /tmp/ccL27Xea.o
 .text.uxQueueGetQueueItemSize
                0x0000000000000000       0x18 /tmp/ccL27Xea.o
 .text.uxQueueGetQueueLength
                0x0000000000000000       0x18 /tmp/ccL27Xea.o
 .text.prvCopyDataFromQueue
                0x0000000000000000       0x4c /tmp/ccL27Xea.o
 .text.xQueueIsQueueEmptyFromISR
                0x0000000000000000       0x48 /tmp/ccL27Xea.o
 .text.xQueueIsQueueFullFromISR
                0x0000000000000000       0x4c /tmp/ccL27Xea.o
 .text          0x0000000000000000        0x0 /tmp/ccuebQaP.o
 .data          0x0000000000000000        0x0 /tmp/ccuebQaP.o
 .bss           0x0000000000000000        0x0 /tmp/ccuebQaP.o
 .text.vListInsertEnd
                0x0000000000000000       0x48 /tmp/ccuebQaP.o
 .text          0x0000000000000000        0x0 /tmp/ccYTuqd9.o
 .data          0x0000000000000000        0x0 /tmp/ccYTuqd9.o
 .bss           0x0000000000000000        0x0 /tmp/ccYTuqd9.o
 .debug_info    0x0000000000000000       0x6b /tmp/ccYTuqd9.o
 .debug_abbrev  0x0000000000000000       0x26 /tmp/ccYTuqd9.o
 .debug_aranges
                0x0000000000000000       0x18 /tmp/ccYTuqd9.o
 .debug_line    0x0000000000000000       0x1d /tmp/ccYTuqd9.o
 .debug_str     0x0000000000000000      0x19f /tmp/ccYTuqd9.o
 .comment       0x0000000000000000       0x34 /tmp/ccYTuqd9.o
 .ARM.attributes
                0x0000000000000000       0x39 /tmp/ccYTuqd9.o
 .text          0x0000000000000000        0x0 /tmp/cc5avqse.o
 .data          0x0000000000000000        0x0 /tmp/cc5avqse.o
 .bss           0x0000000000000000        0x0 /tmp/cc5avqse.o
 .rodata.pcInterruptPriorityRegisters
                0x0000000000000000        0x4 /tmp/cc5avqse.o
 .text.vPortEndScheduler
                0x0000000000000000       0x38 /tmp/cc5avqse.o
 .text.vPortValidateInterruptPriority
                0x0000000000000000       0x80 /tmp/cc5avqse.o
 .text          0x0000000000000000        0x0 /tmp/ccW2PkQp.o
 .data          0x0000000000000000        0x0 /tmp/ccW2PkQp.o
 .bss           0x0000000000000000        0x0 /tmp/ccW2PkQp.o
 .rodata.xHeapStructSize
                0x0000000000000000        0x4 /tmp/ccW2PkQp.o
 .text.xPortGetFreeHeapSize
                0x0000000000000000       0x18 /tmp/ccW2PkQp.o
 .text.xPortGetMinimumEverFreeHeapSize
                0x0000000000000000       0x18 /tmp/ccW2PkQp.o
 .text.vPortInitialiseBlocks
                0x0000000000000000        0xe /tmp/ccW2PkQp.o
 .text.pvPortCalloc
                0x0000000000000000       0x60 /tmp/ccW2PkQp.o
 .text.vPortGetHeapStats
                0x0000000000000000       0xbc /tmp/ccW2PkQp.o
 .text.vPortHeapResetState
                0x0000000000000000       0x40 /tmp/ccW2PkQp.o
 .text          0x0000000000000000        0xc /usr/lib/gcc/arm-none-eabi/10.3.1/../../../arm-none-eabi/lib/thumb/v7e-m+fp/hard/libg.a(lib_a-atexit.o)
 .data          0x0000000000000000        0x0 /usr/lib/gcc/arm-none-eabi/10.3.1/../../../arm-none-eabi/lib/thumb/v7e-m+fp/hard/libg.a(lib_a-atexit.o)
 .bss           0x0000000000000000        0x0 /usr/lib/gcc/arm-none-eabi/10.3.1/../../../arm-none-eabi/lib/thumb/v7e-m+fp/hard/libg.a(lib_a-atexit.o)
 .debug_info    0x0000000000000000      0x100 /usr/lib/gcc/arm-none-eabi/10.3.1/../../../arm-none-eabi/lib/thumb/v7e-m+fp/hard/libg.a(lib_a-atexit.o)
 .debug_abbrev  0x0000000000000000       0xb7 /usr/lib/gcc/arm-none-eabi/10.3.1/../../../arm-none-eabi/lib/thumb/v7e-m+fp/hard/libg.a(lib_a-atexit.o)
 .debug_loc     0x0000000000000000       0x32 /usr/lib/gcc/arm-none-eabi/10.3.1/../../../arm-none-eabi/lib/thumb/v7e-m+fp/hard/libg.a(lib_a-atexit.o)
 .debug_aranges
                0x0000000000000000       0x20 /usr/lib/gcc/arm-none-eabi/10.3.1/../../../arm-none-eabi/lib/thumb/v7e-m+fp/hard/libg.a(lib_a-atexit.o)
 .debug_line    0x0000000000000000       0xc0 /usr/lib/gcc/arm-none-eabi/10.3.1/../../../arm-none-eabi/lib/thumb/v7e-m+fp/hard/libg.a(lib_a-atexit.o)
 .debug_str     0x0000000000000000      0x1e4 /usr/lib/gcc/arm-none-eabi/10.3.1/../../../arm-none-eabi/lib/thumb/v7e-m+fp/hard/libg.a(lib_a-atexit.o)
 .comment       0x0000000000000000       0x34 /usr/lib/gcc/arm-none-eabi/10.3.1/../../../arm-none-eabi/lib/thumb/v7e-m+fp/hard/libg.a(lib_a-atexit.o)
 .debug_frame   0x0000000000000000       0x20 /usr/lib/gcc/arm-none-eabi/10.3.1/../../../arm-none-eabi/lib/thumb/v7e-m+fp/hard/libg.a(lib_a-atexit.o)
 .ARM.attributes
                0x0000000000000000       0x34 /usr/lib/gcc/arm-none-eabi/10.3.1/../../../arm-none-eabi/lib/thumb/v7e-m+fp/hard/libg.a(lib_a-atexit.o)
 .text          0x0000000000000000       0x20 /usr/lib/gcc/arm-none-eabi/10.3.1/../../../arm-none-eabi/lib/thumb/v7e-m+fp/hard/libg.a(lib_a-exit.o)
 .data          0x0000000000000000        0x0 /usr/lib/gcc/arm-none-eabi/10.3.1/../../../arm-none-eabi/lib/thumb/v7e-m+fp/hard/libg.a(lib_a-exit.o)
 .bss           0x0000000000000000        0x0 /usr/lib/gcc/arm-none-eabi/10.3.1/../../../arm-none-eabi/lib/thumb/v7e-m+fp/hard/libg.a(lib_a-exit.o)
 .debug_info    0x0000000000000000      0x969 /usr/lib/gcc/arm-none-eabi/10.3.1/../../../arm-none-eabi/lib/thumb/v7e-m+fp/hard/libg.a(lib_a-exit.o)
 .debug_abbrev  0x0000000000000000      0x20c /usr/lib/gcc/arm-none-eabi/10.3.1/../../../arm-none-eabi/lib/thumb/v7e-m+fp/hard/libg.a(lib_a-exit.o)
 .debug_loc     0x0000000000000000       0x22 /usr/lib/gcc/arm-none-eabi/10.3.1/../../../arm-none-eabi/lib/thumb/v7e-m+fp/hard/libg.a(lib_a-exit.o)
 .debug_aranges
                0x0000000000000000       0x20 /usr/lib/gcc/arm-none-eabi/10.3.1/../../../arm-none-eabi/lib/thumb/v7e-m+fp/hard/libg.a(lib_a-exit.o)
 .debug_line    0x0000000000000000      0x179 /usr/lib/gcc/arm-none-eabi/10.3.1/../../../arm-none-eabi/lib/thumb/v7e-m+fp/hard/libg.a(lib_a-exit.o)
 .debug_str     0x0000000000000000      0x58b /usr/lib/gcc/arm-none-eabi/10.3.1/../../../arm-none-eabi/lib/thumb/v7e-m+fp/hard/libg.a(lib_a-exit.o)
 .comment       0x0000000000000000       0x34 /usr/lib/gcc/arm-none-eabi/10.3.1/../../../arm-none-eabi/lib/thumb/v7e-m+fp/hard/libg.a(lib_a-exit.o)
 .debug_frame   0x0000000000000000       0x28 /usr/lib/gcc/arm-none-eabi/10.3.1/../../../arm-none-eabi/lib/thumb/v7e-m+fp/hard/libg.a(lib_a-exit.o)
 .ARM.attributes
                0x0000000000000000       0x34 /usr/lib/gcc/arm-none-eabi/10.3.1/../../../arm-none-eabi/lib/thumb/v7e-m+fp/hard/libg.a(lib_a-exit.o)
 .text          0x0000000000000000       0x2c /usr/lib/gcc/arm-none-eabi/10.3.1/../../../arm-none-eabi/lib/thumb/v7e-m+fp/hard/libg.a(lib_a-fini.o)
 .data          0x0000000000000000        0x0 /usr/lib/gcc/arm-none-eabi/10.3.1/../../../arm-none-eabi/lib/thumb/v7e-m+fp/hard/libg.a(lib_a-fini.o)
 .bss           0x0000000000000000        0x0 /usr/lib/gcc/arm-none-eabi/10.3.1/../../../arm-none-eabi/lib/thumb/v7e-m+fp/hard/libg.a(lib_a-fini.o)
 .debug_info    0x0000000000000000      0x102 /usr/lib/gcc/arm-none-eabi/10.3.1/../../../arm-none-eabi/lib/thumb/v7e-m+fp/hard/libg.a(lib_a-fini.o)
 .debug_abbrev  0x0000000000000000       0xcf /usr/lib/gcc/arm-none-eabi/10.3.1/../../../arm-none-eabi/lib/thumb/v7e-m+fp/hard/libg.a(lib_a-fini.o)
 .debug_loc     0x0000000000000000       0x68 /usr/lib/gcc/arm-none-eabi/10.3.1/../../../arm-none-eabi/lib/thumb/v7e-m+fp/hard/libg.a(lib_a-fini.o)
 .debug_aranges
                0x0000000000000000       0x20 /usr/lib/gcc/arm-none-eabi/10.3.1/../../../arm-none-eabi/lib/thumb/v7e-m+fp/hard/libg.a(lib_a-fini.o)
 .debug_line    0x0000000000000000       0xed /usr/lib/gcc/arm-none-eabi/10.3.1/../../../arm-none-eabi/lib/thumb/v7e-m+fp/hard/libg.a(lib_a-fini.o)
 .debug_str     0x0000000000000000      0x1dc /usr/lib/gcc/arm-none-eabi/10.3.1/../../../arm-none-eabi/lib/thumb/v7e-m+fp/hard/libg.a(lib_a-fini.o)
 .comment       0x0000000000000000       0x34 /usr/lib/gcc/arm-none-eabi/10.3.1/../../../arm-none-eabi/lib/thumb/v7e-m+fp/hard/libg.a(lib_a-fini.o)
 .debug_frame   0x0000000000000000       0x34 /usr/lib/gcc/arm-none-eabi/10.3.1/../../../arm-none-eabi/lib/thumb/v7e-m+fp/hard/libg.a(lib_a-fini.o)
 .ARM.attributes
                0x0000000000000000       0x34 /usr/lib/gcc/arm-none-eabi/10.3.1/../../../arm-none-eabi/lib/thumb/v7e-m+fp/hard/libg.a(lib_a-fini.o)
 .text          0x0000000000000000        0x0 /usr/lib/gcc/arm-none-eabi/10.3.1/../../../arm-none-eabi/lib/thumb/v7e-m+fp/hard/libg.a(lib_a-impure.o)
 .data          0x0000000000000000      0x430 /usr/lib/gcc/arm-none-eabi/10.3.1/../../../arm-none-eabi/lib/thumb/v7e-m+fp/hard/libg.a(lib_a-impure.o)
 .bss           0x0000000000000000        0x0 /usr/lib/gcc/arm-none-eabi/10.3.1/../../../arm-none-eabi/lib/thumb/v7e-m+fp/hard/libg.a(lib_a-impure.o)
 .rodata        0x0000000000000000        0x4 /usr/lib/gcc/arm-none-eabi/10.3.1/../../../arm-none-eabi/lib/thumb/v7e-m+fp/hard/libg.a(lib_a-impure.o)
 .debug_info    0x0000000000000000      0x92a /usr/lib/gcc/arm-none-eabi/10.3.1/../../../arm-none-eabi/lib/thumb/v7e-m+fp/hard/libg.a(lib_a-impure.o)
 .debug_abbrev  0x0000000000000000      0x1b8 /usr/lib/gcc/arm-none-eabi/10.3.1/../../../arm-none-eabi/lib/thumb/v7e-m+fp/hard/libg.a(lib_a-impure.o)
 .debug_aranges
                0x0000000000000000       0x18 /usr/lib/gcc/arm-none-eabi/10.3.1/../../../arm-none-eabi/lib/thumb/v7e-m+fp/hard/libg.a(lib_a-impure.o)
 .debug_line    0x0000000000000000       0xe4 /usr/lib/gcc/arm-none-eabi/10.3.1/../../../arm-none-eabi/lib/thumb/v7e-m+fp/hard/libg.a(lib_a-impure.o)
 .debug_str     0x0000000000000000      0x582 /usr/lib/gcc/arm-none-eabi/10.3.1/../../../arm-none-eabi/lib/thumb/v7e-m+fp/hard/libg.a(lib_a-impure.o)
 .comment       0x0000000000000000       0x34 /usr/lib/gcc/arm-none-eabi/10.3.1/../../../arm-none-eabi/lib/thumb/v7e-m+fp/hard/libg.a(lib_a-impure.o)
 .ARM.attributes
                0x0000000000000000       0x32 /usr/lib/gcc/arm-none-eabi/10.3.1/../../../arm-none-eabi/lib/thumb/v7e-m+fp/hard/libg.a(lib_a-impure.o)
 .text          0x0000000000000000       0x48 /usr/lib/gcc/arm-none-eabi/10.3.1/../../../arm-none-eabi/lib/thumb/v7e-m+fp/hard/libg.a(lib_a-init.o)
 .data          0x0000000000000000        0x0 /usr/lib/gcc/arm-none-eabi/10.3.1/../../../arm-none-eabi/lib/thumb/v7e-m+fp/hard/libg.a(lib_a-init.o)
 .bss           0x0000000000000000        0x0 /usr/lib/gcc/arm-none-eabi/10.3.1/../../../arm-none-eabi/lib/thumb/v7e-m+fp/hard/libg.a(lib_a-init.o)
 .debug_info    0x0000000000000000      0x11a /usr/lib/gcc/arm-none-eabi/10.3.1/../../../arm-none-eabi/lib/thumb/v7e-m+fp/hard/libg.a(lib_a-init.o)
 .debug_abbrev  0x0000000000000000       0xcc /usr/lib/gcc/arm-none-eabi/10.3.1/../../../arm-none-eabi/lib/thumb/v7e-m+fp/hard/libg.a(lib_a-init.o)
 .debug_loc     0x0000000000000000       0xba /usr/lib/gcc/arm-none-eabi/10.3.1/../../../arm-none-eabi/lib/thumb/v7e-m+fp/hard/libg.a(lib_a-init.o)
 .debug_aranges
                0x0000000000000000       0x20 /usr/lib/gcc/arm-none-eabi/10.3.1/../../../arm-none-eabi/lib/thumb/v7e-m+fp/hard/libg.a(lib_a-init.o)
 .debug_line    0x0000000000000000      0x138 /usr/lib/gcc/arm-none-eabi/10.3.1/../../../arm-none-eabi/lib/thumb/v7e-m+fp/hard/libg.a(lib_a-init.o)
 .debug_str     0x0000000000000000      0x206 /usr/lib/gcc/arm-none-eabi/10.3.1/../../../arm-none-eabi/lib/thumb/v7e-m+fp/hard/libg.a(lib_a-init.o)
 .comment       0x0000000000000000       0x34 /usr/lib/gcc/arm-none-eabi/10.3.1/../../../arm-none-eabi/lib/thumb/v7e-m+fp/hard/libg.a(lib_a-init.o)
 .debug_frame   0x0000000000000000       0x2c /usr/lib/gcc/arm-none-eabi/10.3.1/../../../arm-none-eabi/lib/thumb/v7e-m+fp/hard/libg.a(lib_a-init.o)
 .ARM.attributes
                0x0000000000000000       0x34 /usr/lib/gcc/arm-none-eabi/10.3.1/../../../arm-none-eabi/lib/thumb/v7e-m+fp/hard/libg.a(lib_a-init.o)
 .data          0x0000000000000000        0x0 /usr/lib/gcc/arm-none-eabi/10.3.1/../../../arm-none-eabi/lib/thumb/v7e-m+fp/hard/libg.a(lib_a-memcpy.o)
 .bss           0x0000000000000000        0x0 /usr/lib/gcc/arm-none-eabi/10.3.1/../../../arm-none-eabi/lib/thumb/v7e-m+fp/hard/libg.a(lib_a-memcpy.o)
 .data          0x0000000000000000        0x0 /usr/lib/gcc/arm-none-eabi/10.3.1/../../../arm-none-eabi/lib/thumb/v7e-m+fp/hard/libg.a(lib_a-memset.o)
 .bss           0x0000000000000000        0x0 /usr/lib/gcc/arm-none-eabi/10.3.1/../../../arm-none-eabi/lib/thumb/v7e-m+fp/hard/libg.a(lib_a-memset.o)
 .text          0x0000000000000000       0x68 /usr/lib/gcc/arm-none-eabi/10.3.1/../../../arm-none-eabi/lib/thumb/v7e-m+fp/hard/libg.a(lib_a-__atexit.o)
 .data          0x0000000000000000        0x0 /usr/lib/gcc/arm-none-eabi/10.3.1/../../../arm-none-eabi/lib/thumb/v7e-m+fp/hard/libg.a(lib_a-__atexit.o)
 .bss           0x0000000000000000        0x0 /usr/lib/gcc/arm-none-eabi/10.3.1/../../../arm-none-eabi/lib/thumb/v7e-m+fp/hard/libg.a(lib_a-__atexit.o)
 .debug_info    0x0000000000000000      0x9b0 /usr/lib/gcc/arm-none-eabi/10.3.1/../../../arm-none-eabi/lib/thumb/v7e-m+fp/hard/libg.a(lib_a-__atexit.o)
 .debug_abbrev  0x0000000000000000      0x23f /usr/lib/gcc/arm-none-eabi/10.3.1/../../../arm-none-eabi/lib/thumb/v7e-m+fp/hard/libg.a(lib_a-__atexit.o)
 .debug_loc     0x0000000000000000      0x138 /usr/lib/gcc/arm-none-eabi/10.3.1/../../../arm-none-eabi/lib/thumb/v7e-m+fp/hard/libg.a(lib_a-__atexit.o)
 .debug_aranges
                0x0000000000000000       0x20 /usr/lib/gcc/arm-none-eabi/10.3.1/../../../arm-none-eabi/lib/thumb/v7e-m+fp/hard/libg.a(lib_a-__atexit.o)
 .debug_line    0x0000000000000000      0x19e /usr/lib/gcc/arm-none-eabi/10.3.1/../../../arm-none-eabi/lib/thumb/v7e-m+fp/hard/libg.a(lib_a-__atexit.o)
 .debug_str     0x0000000000000000      0x5bc /usr/lib/gcc/arm-none-eabi/10.3.1/../../../arm-none-eabi/lib/thumb/v7e-m+fp/hard/libg.a(lib_a-__atexit.o)
 .comment       0x0000000000000000       0x34 /usr/lib/gcc/arm-none-eabi/10.3.1/../../../arm-none-eabi/lib/thumb/v7e-m+fp/hard/libg.a(lib_a-__atexit.o)
 .debug_frame   0x0000000000000000       0x34 /usr/lib/gcc/arm-none-eabi/10.3.1/../../../arm-none-eabi/lib/thumb/v7e-m+fp/hard/libg.a(lib_a-__atexit.o)
 .ARM.attributes
                0x0000000000000000       0x34 /usr/lib/gcc/arm-none-eabi/10.3.1/../../../arm-none-eabi/lib/thumb/v7e-m+fp/hard/libg.a(lib_a-__atexit.o)
 .text          0x0000000000000000       0xb8 /usr/lib/gcc/arm-none-eabi/10.3.1/../../../arm-none-eabi/lib/thumb/v7e-m+fp/hard/libg.a(lib_a-__call_atexit.o)
 .data          0x0000000000000000        0x0 /usr/lib/gcc/arm-none-eabi/10.3.1/../../../arm-none-eabi/lib/thumb/v7e-m+fp/hard/libg.a(lib_a-__call_atexit.o)
 .bss           0x0000000000000000        0x0 /usr/lib/gcc/arm-none-eabi/10.3.1/../../../arm-none-eabi/lib/thumb/v7e-m+fp/hard/libg.a(lib_a-__call_atexit.o)
 .text.startup  0x0000000000000000       0x14 /usr/lib/gcc/arm-none-eabi/10.3.1/../../../arm-none-eabi/lib/thumb/v7e-m+fp/hard/libg.a(lib_a-__call_atexit.o)
 .init_array.00000
                0x0000000000000000        0x4 /usr/lib/gcc/arm-none-eabi/10.3.1/../../../arm-none-eabi/lib/thumb/v7e-m+fp/hard/libg.a(lib_a-__call_atexit.o)
 .debug_info    0x0000000000000000      0xa3d /usr/lib/gcc/arm-none-eabi/10.3.1/../../../arm-none-eabi/lib/thumb/v7e-m+fp/hard/libg.a(lib_a-__call_atexit.o)
 .debug_abbrev  0x0000000000000000      0x2b2 /usr/lib/gcc/arm-none-eabi/10.3.1/../../../arm-none-eabi/lib/thumb/v7e-m+fp/hard/libg.a(lib_a-__call_atexit.o)
 .debug_loc     0x0000000000000000      0x1cc /usr/lib/gcc/arm-none-eabi/10.3.1/../../../arm-none-eabi/lib/thumb/v7e-m+fp/hard/libg.a(lib_a-__call_atexit.o)
 .debug_aranges
                0x0000000000000000       0x28 /usr/lib/gcc/arm-none-eabi/10.3.1/../../../arm-none-eabi/lib/thumb/v7e-m+fp/hard/libg.a(lib_a-__call_atexit.o)
 .debug_ranges  0x0000000000000000       0x50 /usr/lib/gcc/arm-none-eabi/10.3.1/../../../arm-none-eabi/lib/thumb/v7e-m+fp/hard/libg.a(lib_a-__call_atexit.o)
 .debug_line    0x0000000000000000      0x28d /usr/lib/gcc/arm-none-eabi/10.3.1/../../../arm-none-eabi/lib/thumb/v7e-m+fp/hard/libg.a(lib_a-__call_atexit.o)
 .debug_str     0x0000000000000000      0x5e8 /usr/lib/gcc/arm-none-eabi/10.3.1/../../../arm-none-eabi/lib/thumb/v7e-m+fp/hard/libg.a(lib_a-__call_atexit.o)
 .comment       0x0000000000000000       0x34 /usr/lib/gcc/arm-none-eabi/10.3.1/../../../arm-none-eabi/lib/thumb/v7e-m+fp/hard/libg.a(lib_a-__call_atexit.o)
 .debug_frame   0x0000000000000000       0x5c /usr/lib/gcc/arm-none-eabi/10.3.1/../../../arm-none-eabi/lib/thumb/v7e-m+fp/hard/libg.a(lib_a-__call_atexit.o)
 .ARM.attributes
                0x0000000000000000       0x34 /usr/lib/gcc/arm-none-eabi/10.3.1/../../../arm-none-eabi/lib/thumb/v7e-m+fp/hard/libg.a(lib_a-__call_atexit.o)
 .text          0x0000000000000000        0x4 /usr/lib/gcc/arm-none-eabi/10.3.1/../../../arm-none-eabi/lib/thumb/v7e-m+fp/hard/libnosys.a(_exit.o)
 .data          0x0000000000000000        0x0 /usr/lib/gcc/arm-none-eabi/10.3.1/../../../arm-none-eabi/lib/thumb/v7e-m+fp/hard/libnosys.a(_exit.o)
 .bss           0x0000000000000000        0x0 /usr/lib/gcc/arm-none-eabi/10.3.1/../../../arm-none-eabi/lib/thumb/v7e-m+fp/hard/libnosys.a(_exit.o)
 .debug_info    0x0000000000000000       0xa3 /usr/lib/gcc/arm-none-eabi/10.3.1/../../../arm-none-eabi/lib/thumb/v7e-m+fp/hard/libnosys.a(_exit.o)
 .debug_abbrev  0x0000000000000000       0x6a /usr/lib/gcc/arm-none-eabi/10.3.1/../../../arm-none-eabi/lib/thumb/v7e-m+fp/hard/libnosys.a(_exit.o)
 .debug_loc     0x0000000000000000       0x15 /usr/lib/gcc/arm-none-eabi/10.3.1/../../../arm-none-eabi/lib/thumb/v7e-m+fp/hard/libnosys.a(_exit.o)
 .debug_aranges
                0x0000000000000000       0x20 /usr/lib/gcc/arm-none-eabi/10.3.1/../../../arm-none-eabi/lib/thumb/v7e-m+fp/hard/libnosys.a(_exit.o)
 .debug_line    0x0000000000000000       0x75 /usr/lib/gcc/arm-none-eabi/10.3.1/../../../arm-none-eabi/lib/thumb/v7e-m+fp/hard/libnosys.a(_exit.o)
 .debug_str     0x0000000000000000      0x181 /usr/lib/gcc/arm-none-eabi/10.3.1/../../../arm-none-eabi/lib/thumb/v7e-m+fp/hard/libnosys.a(_exit.o)
 .comment       0x0000000000000000       0x34 /usr/lib/gcc/arm-none-eabi/10.3.1/../../../arm-none-eabi/lib/thumb/v7e-m+fp/hard/libnosys.a(_exit.o)
 .debug_frame   0x0000000000000000       0x20 /usr/lib/gcc/arm-none-eabi/10.3.1/../../../arm-none-eabi/lib/thumb/v7e-m+fp/hard/libnosys.a(_exit.o)
 .ARM.attributes
                0x0000000000000000       0x34 /usr/lib/gcc/arm-none-eabi/10.3.1/../../../arm-none-eabi/lib/thumb/v7e-m+fp/hard/libnosys.a(_exit.o)
 .text          0x0000000000000000        0x0 /usr/lib/gcc/arm-none-eabi/10.3.1/thumb/v7e-m+fp/hard/crtend.o
 .data          0x0000000000000000        0x0 /usr/lib/gcc/arm-none-eabi/10.3.1/thumb/v7e-m+fp/hard/crtend.o
 .bss           0x0000000000000000        0x0 /usr/lib/gcc/arm-none-eabi/10.3.1/thumb/v7e-m+fp/hard/crtend.o
 .rodata        0x0000000000000000       0x24 /usr/lib/gcc/arm-none-eabi/10.3.1/thumb/v7e-m+fp/hard/crtend.o
 .eh_frame      0x0000000000000000        0x4 /usr/lib/gcc/arm-none-eabi/10.3.1/thumb/v7e-m+fp/hard/crtend.o
 .tm_clone_table
                0x0000000000000000        0x0 /usr/lib/gcc/arm-none-eabi/10.3.1/thumb/v7e-m+fp/hard/crtend.o
 .comment       0x0000000000000000       0x34 /usr/lib/gcc/arm-none-eabi/10.3.1/thumb/v7e-m+fp/hard/crtend.o
 .ARM.attributes
                0x0000000000000000       0x32 /usr/lib/gcc/arm-none-eabi/10.3.1/thumb/v7e-m+fp/hard/crtend.o
 .text          0x0000000000000000        0x0 /usr/lib/gcc/arm-none-eabi/10.3.1/thumb/v7e-m+fp/hard/crtn.o
 .data          0x0000000000000000        0x0 /usr/lib/gcc/arm-none-eabi/10.3.1/thumb/v7e-m+fp/hard/crtn.o
 .bss           0x0000000000000000        0x0 /usr/lib/gcc/arm-none-eabi/10.3.1/thumb/v7e-m+fp/hard/crtn.o
 .init          0x0000000000000000        0x8 /usr/lib/gcc/arm-none-eabi/10.3.1/thumb/v7e-m+fp/hard/crtn.o
 .fini          0x0000000000000000        0x8 /usr/lib/gcc/arm-none-eabi/10.3.1/thumb/v7e-m+fp/hard/crtn.o
 .ARM.attributes
                0x0000000000000000       0x1e /usr/lib/gcc/arm-none-eabi/10.3.1/thumb/v7e-m+fp/hard/crtn.o

Memory Configuration

Name             Origin             Length             Attributes
FLASH            0x0000000000000000 0x0000000000040000 xr
RAM              0x0000000020000000 0x0000000000008000 xrw
*default*        0x0000000000000000 0xffffffffffffffff

Linker script and memory map

LOAD /usr/lib/gcc/arm-none-eabi/10.3.1/thumb/v7e-m+fp/hard/crti.o
LOAD /usr/lib/gcc/arm-none-eabi/10.3.1/thumb/v7e-m+fp/hard/crtbegin.o
LOAD /usr/lib/gcc/arm-none-eabi/10.3.1/../../../arm-none-eabi/lib/thumb/v7e-m+fp/hard/crt0.o
LOAD /tmp/ccoewDGK.o
LOAD /tmp/ccBIAkwB.o
LOAD /tmp/ccruHjjJ.o
LOAD /tmp/ccL27Xea.o
LOAD /tmp/ccuebQaP.o
LOAD /tmp/ccYTuqd9.o
LOAD /tmp/cc5avqse.o
LOAD /tmp/ccW2PkQp.o
START GROUP
LOAD /usr/lib/gcc/arm-none-eabi/10.3.1/thumb/v7e-m+fp/hard/libgcc.a
LOAD /usr/lib/gcc/arm-none-eabi/10.3.1/../../../arm-none-eabi/lib/thumb/v7e-m+fp/hard/libg.a
LOAD /usr/lib/gcc/arm-none-eabi/10.3.1/../../../arm-none-eabi/lib/thumb/v7e-m+fp/hard/libc.a
END GROUP
START GROUP
LOAD /usr/lib/gcc/arm-none-eabi/10.3.1/thumb/v7e-m+fp/hard/libgcc.a
LOAD /usr/lib/gcc/arm-none-eabi/10.3.1/../../../arm-none-eabi/lib/thumb/v7e-m+fp/hard/libc.a
LOAD /usr/lib/gcc/arm-none-eabi/10.3.1/../../../arm-none-eabi/lib/thumb/v7e-m+fp/hard/libnosys.a
END GROUP
LOAD /usr/lib/gcc/arm-none-eabi/10.3.1/thumb/v7e-m+fp/hard/crtend.o
LOAD /usr/lib/gcc/arm-none-eabi/10.3.1/thumb/v7e-m+fp/hard/crtn.o
                0x0000000020008000                _estack = (ORIGIN (RAM) + LENGTH (RAM))

.isr_vector     0x0000000000000000      0x27c
 *(.isr_vector)
 .isr_vector    0x0000000000000000      0x27c /tmp/ccBIAkwB.o
                0x0000000000000000                g_pfnVectors

.text           0x0000000000000280     0x37e0
 *(.text*)
 .text.delay_ms
                0x0000000000000280       0x2e /tmp/ccoewDGK.o
                0x0000000000000280                delay_ms
 *fill*         0x00000000000002ae        0x2 
 .text.GPIO_Init
                0x00000000000002b0      0x204 /tmp/ccoewDGK.o
                0x00000000000002b0                GPIO_Init
 .text.ADC_Init
                0x00000000000004b4       0xac /tmp/ccoewDGK.o
                0x00000000000004b4                ADC_Init
 .text.ADC_ReadThrottle
                0x0000000000000560       0x60 /tmp/ccoewDGK.o
                0x0000000000000560                ADC_ReadThrottle
 .text.PWM_Init
                0x00000000000005c0       0xbc /tmp/ccoewDGK.o
                0x00000000000005c0                PWM_Init
 .text.PWM_SetDuty
                0x000000000000067c       0x54 /tmp/ccoewDGK.o
                0x000000000000067c                PWM_SetDuty
 .text.LCD_Pulse
                0x00000000000006d0       0x30 /tmp/ccoewDGK.o
                0x00000000000006d0                LCD_Pulse
 .text.LCD_Nibble
                0x0000000000000700       0xb0 /tmp/ccoewDGK.o
                0x0000000000000700                LCD_Nibble
 .text.LCD_Command
                0x00000000000007b0       0x44 /tmp/ccoewDGK.o
                0x00000000000007b0                LCD_Command
 .text.LCD_Char
                0x00000000000007f4       0x44 /tmp/ccoewDGK.o
                0x00000000000007f4                LCD_Char
 .text.LCD_String
                0x0000000000000838       0x2a /tmp/ccoewDGK.o
                0x0000000000000838                LCD_String
 .text.LCD_SetCursor
                0x0000000000000862       0x36 /tmp/ccoewDGK.o
                0x0000000000000862                LCD_SetCursor
 .text.LCD_Clear
                0x0000000000000898       0x14 /tmp/ccoewDGK.o
                0x0000000000000898                LCD_Clear
 .text.LCD_Init
                0x00000000000008ac       0x64 /tmp/ccoewDGK.o
                0x00000000000008ac                LCD_Init
 .text.uint32_to_str
                0x0000000000000910       0xac /tmp/ccoewDGK.o
                0x0000000000000910                uint32_to_str
 .text.button_pressed
                0x00000000000009bc       0x34 /tmp/ccoewDGK.o
                0x00000000000009bc                button_pressed
 .text.led_set  0x00000000000009f0       0x5c /tmp/ccoewDGK.o
                0x00000000000009f0                led_set
 .text.GPIOPortD_Handler
                0x0000000000000a4c       0x3c /tmp/ccoewDGK.o
                0x0000000000000a4c                GPIOPortD_Handler
 .text.vEncoderTask
                0x0000000000000a88      0x104 /tmp/ccoewDGK.o
                0x0000000000000a88                vEncoderTask
 .text.vCruiseTask
                0x0000000000000b8c       0xd8 /tmp/ccoewDGK.o
                0x0000000000000b8c                vCruiseTask
 .text.vManualTask
                0x0000000000000c64      0x1e8 /tmp/ccoewDGK.o
                0x0000000000000c64                vManualTask
 .text.vWatchdogTask
                0x0000000000000e4c       0xf4 /tmp/ccoewDGK.o
                0x0000000000000e4c                vWatchdogTask
 .text.vLCDTask
                0x0000000000000f40      0x114 /tmp/ccoewDGK.o
                0x0000000000000f40                vLCDTask
 .text.vApplicationStackOverflowHook
                0x0000000000001054       0x16 /tmp/ccoewDGK.o
                0x0000000000001054                vApplicationStackOverflowHook
 *fill*         0x000000000000106a        0x2 
 .text.main     0x000000000000106c       0xd4 /tmp/ccoewDGK.o
                0x000000000000106c                main
 .text.NMI_Handler
                0x0000000000001140        0x6 /tmp/ccBIAkwB.o
                0x0000000000001140                NMI_Handler
 .text.HardFault_Handler
                0x0000000000001146        0x6 /tmp/ccBIAkwB.o
                0x0000000000001146                HardFault_Handler
 .text.MemManage_Handler
                0x000000000000114c        0x6 /tmp/ccBIAkwB.o
                0x000000000000114c                MemManage_Handler
 .text.BusFault_Handler
                0x0000000000001152        0x6 /tmp/ccBIAkwB.o
                0x0000000000001152                BusFault_Handler
 .text.UsageFault_Handler
                0x0000000000001158        0x6 /tmp/ccBIAkwB.o
                0x0000000000001158                UsageFault_Handler
 .text.DebugMon_Handler
                0x000000000000115e        0x6 /tmp/ccBIAkwB.o
                0x000000000000115e                DebugMon_Handler
 .text.IntDefaultHandler
                0x0000000000001164        0x6 /tmp/ccBIAkwB.o
                0x0000000000001164                IntDefaultHandler
 *fill*         0x000000000000116a        0x2 
 .text.Reset_Handler
                0x000000000000116c       0x5c /tmp/ccBIAkwB.o
                0x000000000000116c                Reset_Handler
 .text.prvCreateTask
                0x00000000000011c8       0x78 /tmp/ccruHjjJ.o
 .text.xTaskCreate
                0x0000000000001240       0x46 /tmp/ccruHjjJ.o
                0x0000000000001240                xTaskCreate
 .text.prvInitialiseNewTask
                0x0000000000001286      0x11c /tmp/ccruHjjJ.o
 *fill*         0x00000000000013a2        0x2 
 .text.prvAddNewTaskToReadyList
                0x00000000000013a4      0x128 /tmp/ccruHjjJ.o
 .text.xTaskDelayUntil
                0x00000000000014cc       0xfc /tmp/ccruHjjJ.o
                0x00000000000014cc                xTaskDelayUntil
 .text.prvCreateIdleTasks
                0x00000000000015c8       0x94 /tmp/ccruHjjJ.o
 .text.vTaskStartScheduler
                0x000000000000165c       0x7c /tmp/ccruHjjJ.o
                0x000000000000165c                vTaskStartScheduler
 .text.vTaskSuspendAll
                0x00000000000016d8       0x1c /tmp/ccruHjjJ.o
                0x00000000000016d8                vTaskSuspendAll
 .text.xTaskResumeAll
                0x00000000000016f4      0x210 /tmp/ccruHjjJ.o
                0x00000000000016f4                xTaskResumeAll
 .text.xTaskGetTickCount
                0x0000000000001904       0x20 /tmp/ccruHjjJ.o
                0x0000000000001904                xTaskGetTickCount
 .text.xTaskIncrementTick
                0x0000000000001924      0x230 /tmp/ccruHjjJ.o
                0x0000000000001924                xTaskIncrementTick
 .text.vTaskSwitchContext
                0x0000000000001b54      0x104 /tmp/ccruHjjJ.o
                0x0000000000001b54                vTaskSwitchContext
 .text.vTaskPlaceOnEventList
                0x0000000000001c58       0x48 /tmp/ccruHjjJ.o
                0x0000000000001c58                vTaskPlaceOnEventList
 .text.xTaskRemoveFromEventList
                0x0000000000001ca0      0x1b0 /tmp/ccruHjjJ.o
                0x0000000000001ca0                xTaskRemoveFromEventList
 .text.vTaskInternalSetTimeOutState
                0x0000000000001e50       0x2c /tmp/ccruHjjJ.o
                0x0000000000001e50                vTaskInternalSetTimeOutState
 .text.xTaskCheckForTimeOut
                0x0000000000001e7c       0xcc /tmp/ccruHjjJ.o
                0x0000000000001e7c                xTaskCheckForTimeOut
 .text.vTaskMissedYield
                0x0000000000001f48       0x18 /tmp/ccruHjjJ.o
                0x0000000000001f48                vTaskMissedYield
 .text.prvIdleTask
                0x0000000000001f60       0x30 /tmp/ccruHjjJ.o
 .text.prvInitialiseTaskLists
                0x0000000000001f90       0x74 /tmp/ccruHjjJ.o
 .text.prvCheckTasksWaitingTermination
                0x0000000000002004        0xe /tmp/ccruHjjJ.o
 *fill*         0x0000000000002012        0x2 
 .text.prvResetNextTaskUnblockTime
                0x0000000000002014       0x38 /tmp/ccruHjjJ.o
 .text.xTaskPriorityInherit
                0x000000000000204c      0x140 /tmp/ccruHjjJ.o
                0x000000000000204c                xTaskPriorityInherit
 .text.xTaskPriorityDisinherit
                0x000000000000218c      0x14c /tmp/ccruHjjJ.o
                0x000000000000218c                xTaskPriorityDisinherit
 .text.vTaskPriorityDisinheritAfterTimeout
                0x00000000000022d8      0x174 /tmp/ccruHjjJ.o
                0x00000000000022d8                vTaskPriorityDisinheritAfterTimeout
 .text.pvTaskIncrementMutexHeldCount
                0x000000000000244c       0x30 /tmp/ccruHjjJ.o
                0x000000000000244c                pvTaskIncrementMutexHeldCount
 .text.prvAddCurrentTaskToDelayedList
                0x000000000000247c      0x104 /tmp/ccruHjjJ.o
 .text.xQueueGenericReset
                0x0000000000002580      0x120 /tmp/ccL27Xea.o
                0x0000000000002580                xQueueGenericReset
 .text.xQueueGenericCreate
                0x00000000000026a0       0x9c /tmp/ccL27Xea.o
                0x00000000000026a0                xQueueGenericCreate
 .text.prvInitialiseNewQueue
                0x000000000000273c       0x3e /tmp/ccL27Xea.o
 .text.prvInitialiseMutex
                0x000000000000277a       0x34 /tmp/ccL27Xea.o
 .text.xQueueCreateMutex
                0x00000000000027ae       0x30 /tmp/ccL27Xea.o
                0x00000000000027ae                xQueueCreateMutex
 *fill*         0x00000000000027de        0x2 
 .text.xQueueGenericSend
                0x00000000000027e0      0x1cc /tmp/ccL27Xea.o
                0x00000000000027e0                xQueueGenericSend
 .text.xQueueSemaphoreTake
                0x00000000000029ac      0x1cc /tmp/ccL27Xea.o
                0x00000000000029ac                xQueueSemaphoreTake
 .text.prvGetDisinheritPriorityAfterTimeout
                0x0000000000002b78       0x30 /tmp/ccL27Xea.o
 .text.prvCopyDataToQueue
                0x0000000000002ba8       0xd4 /tmp/ccL27Xea.o
 .text.prvUnlockQueue
                0x0000000000002c7c       0xa4 /tmp/ccL27Xea.o
 .text.prvIsQueueEmpty
                0x0000000000002d20       0x2c /tmp/ccL27Xea.o
 .text.prvIsQueueFull
                0x0000000000002d4c       0x30 /tmp/ccL27Xea.o
 .text.vListInitialise
                0x0000000000002d7c       0x40 /tmp/ccuebQaP.o
                0x0000000000002d7c                vListInitialise
 .text.vListInitialiseItem
                0x0000000000002dbc       0x1a /tmp/ccuebQaP.o
                0x0000000000002dbc                vListInitialiseItem
 .text.vListInsert
                0x0000000000002dd6       0x72 /tmp/ccuebQaP.o
                0x0000000000002dd6                vListInsert
 .text.uxListRemove
                0x0000000000002e48       0x54 /tmp/ccuebQaP.o
                0x0000000000002e48                uxListRemove
 .text.pxPortInitialiseStack
                0x0000000000002e9c       0x68 /tmp/cc5avqse.o
                0x0000000000002e9c                pxPortInitialiseStack
 .text.prvTaskExitError
                0x0000000000002f04       0x58 /tmp/cc5avqse.o
 *fill*         0x0000000000002f5c        0x4 
 .text.vPortSVCHandler
                0x0000000000002f60       0x28 /tmp/cc5avqse.o
                0x0000000000002f60                vPortSVCHandler
 .text.prvPortStartFirstTask
                0x0000000000002f88       0x2c /tmp/cc5avqse.o
 .text.xPortStartScheduler
                0x0000000000002fb4      0x1d4 /tmp/cc5avqse.o
                0x0000000000002fb4                xPortStartScheduler
 .text.vPortEnterCritical
                0x0000000000003188       0x60 /tmp/cc5avqse.o
                0x0000000000003188                vPortEnterCritical
 .text.vPortExitCritical
                0x00000000000031e8       0x54 /tmp/cc5avqse.o
                0x00000000000031e8                vPortExitCritical
 *fill*         0x000000000000323c        0x4 
 .text.xPortPendSVHandler
                0x0000000000003240       0x68 /tmp/cc5avqse.o
                0x0000000000003240                xPortPendSVHandler
 .text.xPortSysTickHandler
                0x00000000000032a8       0x44 /tmp/cc5avqse.o
                0x00000000000032a8                xPortSysTickHandler
 .text.vPortSetupTimerInterrupt
                0x00000000000032ec       0x34 /tmp/cc5avqse.o
                0x00000000000032ec                vPortSetupTimerInterrupt
 .text.vPortEnableVFP
                0x0000000000003320       0x18 /tmp/cc5avqse.o
 .text.pvPortMalloc
                0x0000000000003338      0x258 /tmp/ccW2PkQp.o
                0x0000000000003338                pvPortMalloc
 .text.vPortFree
                0x0000000000003590       0xf0 /tmp/ccW2PkQp.o
                0x0000000000003590                vPortFree
 .text.prvHeapInit
                0x0000000000003680       0xb4 /tmp/ccW2PkQp.o
 .text.prvInsertBlockIntoFreeList
                0x0000000000003734       0xf4 /tmp/ccW2PkQp.o
 .text          0x0000000000003828      0x134 /usr/lib/gcc/arm-none-eabi/10.3.1/../../../arm-none-eabi/lib/thumb/v7e-m+fp/hard/libg.a(lib_a-memcpy.o)
                0x0000000000003828                memcpy
 .text          0x000000000000395c       0xa4 /usr/lib/gcc/arm-none-eabi/10.3.1/../../../arm-none-eabi/lib/thumb/v7e-m+fp/hard/libg.a(lib_a-memset.o)
                0x000000000000395c                memset
 *(.rodata*)
 .rodata        0x0000000000003a00       0x50 /tmp/ccoewDGK.o
 .rodata        0x0000000000003a50        0x5 /tmp/ccruHjjJ.o
 *(.init)
 *fill*         0x0000000000003a55        0x3 
 .init          0x0000000000003a58        0x4 /usr/lib/gcc/arm-none-eabi/10.3.1/thumb/v7e-m+fp/hard/crti.o
                0x0000000000003a58                _init
 *(.fini)
 .fini          0x0000000000003a5c        0x4 /usr/lib/gcc/arm-none-eabi/10.3.1/thumb/v7e-m+fp/hard/crti.o
                0x0000000000003a5c                _fini
                0x0000000000003a60                . = ALIGN (0x4)
                0x0000000000003a60                _etext = .
                0x0000000000003a60                _la_data = LOADADDR (.data)

.glue_7         0x0000000000003a60        0x0
 .glue_7        0x0000000000003a60        0x0 linker stubs

.glue_7t        0x0000000000003a60        0x0
 .glue_7t       0x0000000000003a60        0x0 linker stubs

.vfp11_veneer   0x0000000000003a60        0x0
 .vfp11_veneer  0x0000000000003a60        0x0 linker stubs

.v4_bx          0x0000000000003a60        0x0
 .v4_bx         0x0000000000003a60        0x0 linker stubs

.iplt           0x0000000000003a60        0x0
 .iplt          0x0000000000003a60        0x0 /tmp/ccoewDGK.o

.rel.dyn        0x0000000000003a60        0x0
 .rel.iplt      0x0000000000003a60        0x0 /tmp/ccoewDGK.o

.data           0x0000000020000000        0xc load address 0x0000000000003a60
                0x0000000020000000                . = ALIGN (0x4)
                0x0000000020000000                _sdata = .
 *(.data*)
 .data.target_rpm
                0x0000000020000000        0x4 /tmp/ccoewDGK.o
                0x0000000020000000                target_rpm
 .data.uxTopUsedPriority
                0x0000000020000004        0x4 /tmp/ccruHjjJ.o
 .data.uxCriticalNesting
                0x0000000020000008        0x4 /tmp/cc5avqse.o
                0x000000002000000c                . = ALIGN (0x4)
                0x000000002000000c                _edata = .

.igot.plt       0x000000002000000c        0x0 load address 0x0000000000003a6c
 .igot.plt      0x000000002000000c        0x0 /tmp/ccoewDGK.o

.bss            0x000000002000000c     0x2134 load address 0x0000000000003a6c
                0x000000002000000c                . = ALIGN (0x4)
                0x000000002000000c                _sbss = .
 *(.bss*)
 .bss.cruise_state
                0x000000002000000c        0x1 /tmp/ccoewDGK.o
                0x000000002000000c                cruise_state
 *fill*         0x000000002000000d        0x3 
 .bss.current_rpm
                0x0000000020000010        0x4 /tmp/ccoewDGK.o
                0x0000000020000010                current_rpm
 .bss.encoder_count
                0x0000000020000014        0x4 /tmp/ccoewDGK.o
                0x0000000020000014                encoder_count
 .bss.zero_rpm_count
                0x0000000020000018        0x4 /tmp/ccoewDGK.o
                0x0000000020000018                zero_rpm_count
 .bss.encoder_task_kick
                0x000000002000001c        0x4 /tmp/ccoewDGK.o
                0x000000002000001c                encoder_task_kick
 .bss.cruise_task_kick
                0x0000000020000020        0x4 /tmp/ccoewDGK.o
                0x0000000020000020                cruise_task_kick
 .bss.manual_task_kick
                0x0000000020000024        0x4 /tmp/ccoewDGK.o
                0x0000000020000024                manual_task_kick
 .bss.xRPMMutex
                0x0000000020000028        0x4 /tmp/ccoewDGK.o
                0x0000000020000028                xRPMMutex
 .bss.xStateMutex
                0x000000002000002c        0x4 /tmp/ccoewDGK.o
                0x000000002000002c                xStateMutex
 .bss.pxCurrentTCB
                0x0000000020000030        0x4 /tmp/ccruHjjJ.o
                0x0000000020000030                pxCurrentTCB
 .bss.pxReadyTasksLists
                0x0000000020000034       0x64 /tmp/ccruHjjJ.o
 .bss.xDelayedTaskList1
                0x0000000020000098       0x14 /tmp/ccruHjjJ.o
 .bss.xDelayedTaskList2
                0x00000000200000ac       0x14 /tmp/ccruHjjJ.o
 .bss.pxDelayedTaskList
                0x00000000200000c0        0x4 /tmp/ccruHjjJ.o
 .bss.pxOverflowDelayedTaskList
                0x00000000200000c4        0x4 /tmp/ccruHjjJ.o
 .bss.xPendingReadyList
                0x00000000200000c8       0x14 /tmp/ccruHjjJ.o
 .bss.xSuspendedTaskList
                0x00000000200000dc       0x14 /tmp/ccruHjjJ.o
 .bss.uxCurrentNumberOfTasks
                0x00000000200000f0        0x4 /tmp/ccruHjjJ.o
 .bss.xTickCount
                0x00000000200000f4        0x4 /tmp/ccruHjjJ.o
 .bss.uxTopReadyPriority
                0x00000000200000f8        0x4 /tmp/ccruHjjJ.o
 .bss.xSchedulerRunning
                0x00000000200000fc        0x4 /tmp/ccruHjjJ.o
 .bss.xPendedTicks
                0x0000000020000100        0x4 /tmp/ccruHjjJ.o
 .bss.xYieldPendings
                0x0000000020000104        0x4 /tmp/ccruHjjJ.o
 .bss.xNumOfOverflows
                0x0000000020000108        0x4 /tmp/ccruHjjJ.o
 .bss.uxTaskNumber
                0x000000002000010c        0x4 /tmp/ccruHjjJ.o
 .bss.xNextTaskUnblockTime
                0x0000000020000110        0x4 /tmp/ccruHjjJ.o
 .bss.xIdleTaskHandles
                0x0000000020000114        0x4 /tmp/ccruHjjJ.o
 .bss.uxSchedulerSuspended
                0x0000000020000118        0x4 /tmp/ccruHjjJ.o
 .bss.ucMaxSysCallPriority
                0x000000002000011c        0x1 /tmp/cc5avqse.o
 *fill*         0x000000002000011d        0x3 
 .bss.ulMaxPRIGROUPValue
                0x0000000020000120        0x4 /tmp/cc5avqse.o
 .bss.ucHeap    0x0000000020000124     0x2000 /tmp/ccW2PkQp.o
 .bss.xStart    0x0000000020002124        0x8 /tmp/ccW2PkQp.o
 .bss.pxEnd     0x000000002000212c        0x4 /tmp/ccW2PkQp.o
 .bss.xFreeBytesRemaining
                0x0000000020002130        0x4 /tmp/ccW2PkQp.o
 .bss.xMinimumEverFreeBytesRemaining
                0x0000000020002134        0x4 /tmp/ccW2PkQp.o
 .bss.xNumberOfSuccessfulAllocations
                0x0000000020002138        0x4 /tmp/ccW2PkQp.o
 .bss.xNumberOfSuccessfulFrees
                0x000000002000213c        0x4 /tmp/ccW2PkQp.o
 *(COMMON)
                0x0000000020002140                . = ALIGN (0x4)
                0x0000000020002140                _ebss = .
OUTPUT(main.elf elf32-littlearm)
LOAD linker stubs

.ARM.attributes
                0x0000000000000000       0x30
 .ARM.attributes
                0x0000000000000000       0x1e /usr/lib/gcc/arm-none-eabi/10.3.1/thumb/v7e-m+fp/hard/crti.o
 .ARM.attributes
                0x000000000000001e       0x34 /tmp/ccoewDGK.o
 .ARM.attributes
                0x0000000000000052       0x34 /tmp/ccBIAkwB.o
 .ARM.attributes
                0x0000000000000086       0x34 /tmp/ccruHjjJ.o
 .ARM.attributes
                0x00000000000000ba       0x34 /tmp/ccL27Xea.o
 .ARM.attributes
                0x00000000000000ee       0x34 /tmp/ccuebQaP.o
 .ARM.attributes
                0x0000000000000122       0x34 /tmp/cc5avqse.o
 .ARM.attributes
                0x0000000000000156       0x34 /tmp/ccW2PkQp.o
 .ARM.attributes
                0x000000000000018a       0x1c /usr/lib/gcc/arm-none-eabi/10.3.1/../../../arm-none-eabi/lib/thumb/v7e-m+fp/hard/libg.a(lib_a-memcpy.o)
 .ARM.attributes
                0x00000000000001a6       0x34 /usr/lib/gcc/arm-none-eabi/10.3.1/../../../arm-none-eabi/lib/thumb/v7e-m+fp/hard/libg.a(lib_a-memset.o)

.comment        0x0000000000000000       0x33
 .comment       0x0000000000000000       0x33 /tmp/ccoewDGK.o
                                         0x34 (size before relaxing)
 .comment       0x0000000000000033       0x34 /tmp/ccBIAkwB.o
 .comment       0x0000000000000033       0x34 /tmp/ccruHjjJ.o
 .comment       0x0000000000000033       0x34 /tmp/ccL27Xea.o
 .comment       0x0000000000000033       0x34 /tmp/ccuebQaP.o
 .comment       0x0000000000000033       0x34 /tmp/cc5avqse.o
 .comment       0x0000000000000033       0x34 /tmp/ccW2PkQp.o
 .comment       0x0000000000000033       0x34 /usr/lib/gcc/arm-none-eabi/10.3.1/../../../arm-none-eabi/lib/thumb/v7e-m+fp/hard/libg.a(lib_a-memset.o)

.debug_info     0x0000000000000000     0x4c9c
 .debug_info    0x0000000000000000      0x7bc /tmp/ccoewDGK.o
 .debug_info    0x00000000000007bc      0x1a0 /tmp/ccBIAkwB.o
 .debug_info    0x000000000000095c     0x20a5 /tmp/ccruHjjJ.o
 .debug_info    0x0000000000002a01     0x137c /tmp/ccL27Xea.o
 .debug_info    0x0000000000003d7d      0x2b5 /tmp/ccuebQaP.o
 .debug_info    0x0000000000004032      0x56a /tmp/cc5avqse.o
 .debug_info    0x000000000000459c      0x5a3 /tmp/ccW2PkQp.o
 .debug_info    0x0000000000004b3f       0x26 /usr/lib/gcc/arm-none-eabi/10.3.1/../../../arm-none-eabi/lib/thumb/v7e-m+fp/hard/libg.a(lib_a-memcpy.o)
 .debug_info    0x0000000000004b65      0x137 /usr/lib/gcc/arm-none-eabi/10.3.1/../../../arm-none-eabi/lib/thumb/v7e-m+fp/hard/libg.a(lib_a-memset.o)

.debug_abbrev   0x0000000000000000      0xdc1
 .debug_abbrev  0x0000000000000000      0x248 /tmp/ccoewDGK.o
 .debug_abbrev  0x0000000000000248       0xc0 /tmp/ccBIAkwB.o
 .debug_abbrev  0x0000000000000308      0x2ec /tmp/ccruHjjJ.o
 .debug_abbrev  0x00000000000005f4      0x223 /tmp/ccL27Xea.o
 .debug_abbrev  0x0000000000000817       0xe8 /tmp/ccuebQaP.o
 .debug_abbrev  0x00000000000008ff      0x208 /tmp/cc5avqse.o
 .debug_abbrev  0x0000000000000b07      0x1f2 /tmp/ccW2PkQp.o
 .debug_abbrev  0x0000000000000cf9       0x14 /usr/lib/gcc/arm-none-eabi/10.3.1/../../../arm-none-eabi/lib/thumb/v7e-m+fp/hard/libg.a(lib_a-memcpy.o)
 .debug_abbrev  0x0000000000000d0d       0xb4 /usr/lib/gcc/arm-none-eabi/10.3.1/../../../arm-none-eabi/lib/thumb/v7e-m+fp/hard/libg.a(lib_a-memset.o)

.debug_aranges  0x0000000000000000      0x548
 .debug_aranges
                0x0000000000000000       0xe0 /tmp/ccoewDGK.o
 .debug_aranges
                0x00000000000000e0       0x58 /tmp/ccBIAkwB.o
 .debug_aranges
                0x0000000000000138      0x1b8 /tmp/ccruHjjJ.o
 .debug_aranges
                0x00000000000002f0       0xf0 /tmp/ccL27Xea.o
 .debug_aranges
                0x00000000000003e0       0x40 /tmp/ccuebQaP.o
 .debug_aranges
                0x0000000000000420       0x80 /tmp/cc5avqse.o
 .debug_aranges
                0x00000000000004a0       0x68 /tmp/ccW2PkQp.o
 .debug_aranges
                0x0000000000000508       0x20 /usr/lib/gcc/arm-none-eabi/10.3.1/../../../arm-none-eabi/lib/thumb/v7e-m+fp/hard/libg.a(lib_a-memcpy.o)
 .debug_aranges
                0x0000000000000528       0x20 /usr/lib/gcc/arm-none-eabi/10.3.1/../../../arm-none-eabi/lib/thumb/v7e-m+fp/hard/libg.a(lib_a-memset.o)

.debug_ranges   0x0000000000000000      0x4b8
 .debug_ranges  0x0000000000000000       0xd0 /tmp/ccoewDGK.o
 .debug_ranges  0x00000000000000d0       0x48 /tmp/ccBIAkwB.o
 .debug_ranges  0x0000000000000118      0x1c8 /tmp/ccruHjjJ.o
 .debug_ranges  0x00000000000002e0       0xe0 /tmp/ccL27Xea.o
 .debug_ranges  0x00000000000003c0       0x30 /tmp/ccuebQaP.o
 .debug_ranges  0x00000000000003f0       0x70 /tmp/cc5avqse.o
 .debug_ranges  0x0000000000000460       0x58 /tmp/ccW2PkQp.o

.debug_line     0x0000000000000000     0x3923
 .debug_line    0x0000000000000000      0x7b9 /tmp/ccoewDGK.o
 .debug_line    0x00000000000007b9      0x115 /tmp/ccBIAkwB.o
 .debug_line    0x00000000000008ce     0x14e2 /tmp/ccruHjjJ.o
 .debug_line    0x0000000000001db0      0xd8f /tmp/ccL27Xea.o
 .debug_line    0x0000000000002b3f      0x1d5 /tmp/ccuebQaP.o
 .debug_line    0x0000000000002d14      0x438 /tmp/cc5avqse.o
 .debug_line    0x000000000000314c      0x55a /tmp/ccW2PkQp.o
 .debug_line    0x00000000000036a6       0xbe /usr/lib/gcc/arm-none-eabi/10.3.1/../../../arm-none-eabi/lib/thumb/v7e-m+fp/hard/libg.a(lib_a-memcpy.o)
 .debug_line    0x0000000000003764      0x1bf /usr/lib/gcc/arm-none-eabi/10.3.1/../../../arm-none-eabi/lib/thumb/v7e-m+fp/hard/libg.a(lib_a-memset.o)

.debug_str      0x0000000000000000     0x1ddf
 .debug_str     0x0000000000000000      0x471 /tmp/ccoewDGK.o
                                        0x4cd (size before relaxing)
 .debug_str     0x0000000000000471       0xd2 /tmp/ccBIAkwB.o
                                        0x25a (size before relaxing)
 .debug_str     0x0000000000000543      0xc9f /tmp/ccruHjjJ.o
                                        0xecc (size before relaxing)
 .debug_str     0x00000000000011e2      0x46e /tmp/ccL27Xea.o
                                        0x82a (size before relaxing)
 .debug_str     0x0000000000001650       0x9d /tmp/ccuebQaP.o
                                        0x2e5 (size before relaxing)
 .debug_str     0x00000000000016ed      0x228 /tmp/cc5avqse.o
                                        0x45b (size before relaxing)
 .debug_str     0x0000000000001915      0x2ee /tmp/ccW2PkQp.o
                                        0x4d9 (size before relaxing)
 .debug_str     0x0000000000001c03       0xb1 /usr/lib/gcc/arm-none-eabi/10.3.1/../../../arm-none-eabi/lib/thumb/v7e-m+fp/hard/libg.a(lib_a-memcpy.o)
 .debug_str     0x0000000000001cb4      0x12b /usr/lib/gcc/arm-none-eabi/10.3.1/../../../arm-none-eabi/lib/thumb/v7e-m+fp/hard/libg.a(lib_a-memset.o)
                                        0x1bb (size before relaxing)

.debug_frame    0x0000000000000000     0x13ec
 .debug_frame   0x0000000000000000      0x37c /tmp/ccoewDGK.o
 .debug_frame   0x000000000000037c       0xd8 /tmp/ccBIAkwB.o
 .debug_frame   0x0000000000000454      0x780 /tmp/ccruHjjJ.o
 .debug_frame   0x0000000000000bd4      0x3f8 /tmp/ccL27Xea.o
 .debug_frame   0x0000000000000fcc       0xd8 /tmp/ccuebQaP.o
 .debug_frame   0x00000000000010a4      0x1a8 /tmp/cc5avqse.o
 .debug_frame   0x000000000000124c      0x174 /tmp/ccW2PkQp.o
 .debug_frame   0x00000000000013c0       0x2c /usr/lib/gcc/arm-none-eabi/10.3.1/../../../arm-none-eabi/lib/thumb/v7e-m+fp/hard/libg.a(lib_a-memset.o)

.debug_loc      0x0000000000000000      0x22c
 .debug_loc     0x0000000000000000      0x22c /usr/lib/gcc/arm-none-eabi/10.3.1/../../../arm-none-eabi/lib/thumb/v7e-m+fp/hard/libg.a(lib_a-memset.o)
