Archive member included to satisfy reference by file (symbol)

/usr/lib/gcc/arm-none-eabi/10.3.1/../../../arm-none-eabi/lib/thumb/v7e-m+fp/hard/libg.a(lib_a-atexit.o)
                              /usr/lib/gcc/arm-none-eabi/10.3.1/../../../arm-none-eabi/lib/thumb/v7e-m+fp/hard/crt0.o (atexit)
/usr/lib/gcc/arm-none-eabi/10.3.1/../../../arm-none-eabi/lib/thumb/v7e-m+fp/hard/libg.a(lib_a-exit.o)
                              /usr/lib/gcc/arm-none-eabi/10.3.1/../../../arm-none-eabi/lib/thumb/v7e-m+fp/hard/crt0.o (exit)
/usr/lib/gcc/arm-none-eabi/10.3.1/../../../arm-none-eabi/lib/thumb/v7e-m+fp/hard/libg.a(lib_a-fini.o)
                              /usr/lib/gcc/arm-none-eabi/10.3.1/../../../arm-none-eabi/lib/thumb/v7e-m+fp/hard/crt0.o (__libc_fini_array)
/usr/lib/gcc/arm-none-eabi/10.3.1/../../../arm-none-eabi/lib/thumb/v7e-m+fp/hard/libg.a(lib_a-impure.o)
                              /usr/lib/gcc/arm-none-eabi/10.3.1/../../../arm-none-eabi/lib/thumb/v7e-m+fp/hard/libg.a(lib_a-exit.o) (_global_impure_ptr)
/usr/lib/gcc/arm-none-eabi/10.3.1/../../../arm-none-eabi/lib/thumb/v7e-m+fp/hard/libg.a(lib_a-init.o)
                              /usr/lib/gcc/arm-none-eabi/10.3.1/../../../arm-none-eabi/lib/thumb/v7e-m+fp/hard/crt0.o (__libc_init_array)
/usr/lib/gcc/arm-none-eabi/10.3.1/../../../arm-none-eabi/lib/thumb/v7e-m+fp/hard/libg.a(lib_a-memcpy.o)
                              /tmp/cc4FuixB.o (memcpy)
/usr/lib/gcc/arm-none-eabi/10.3.1/../../../arm-none-eabi/lib/thumb/v7e-m+fp/hard/libg.a(lib_a-memset.o)
                              /usr/lib/gcc/arm-none-eabi/10.3.1/../../../arm-none-eabi/lib/thumb/v7e-m+fp/hard/crt0.o (memset)
/usr/lib/gcc/arm-none-eabi/10.3.1/../../../arm-none-eabi/lib/thumb/v7e-m+fp/hard/libg.a(lib_a-__atexit.o)
                              /usr/lib/gcc/arm-none-eabi/10.3.1/../../../arm-none-eabi/lib/thumb/v7e-m+fp/hard/libg.a(lib_a-atexit.o) (__register_exitproc)
/usr/lib/gcc/arm-none-eabi/10.3.1/../../../arm-none-eabi/lib/thumb/v7e-m+fp/hard/libg.a(lib_a-__call_atexit.o)
                              /usr/lib/gcc/arm-none-eabi/10.3.1/../../../arm-none-eabi/lib/thumb/v7e-m+fp/hard/libg.a(lib_a-exit.o) (__call_exitprocs)
/usr/lib/gcc/arm-none-eabi/10.3.1/../../../arm-none-eabi/lib/thumb/v7e-m+fp/hard/libnosys.a(_exit.o)
                              /usr/lib/gcc/arm-none-eabi/10.3.1/../../../arm-none-eabi/lib/thumb/v7e-m+fp/hard/libg.a(lib_a-exit.o) (_exit)

Discarded input sections

 .text          0x0000000000000000        0x0 /usr/lib/gcc/arm-none-eabi/10.3.1/thumb/v7e-m+fp/hard/crti.o
 .data          0x0000000000000000        0x0 /usr/lib/gcc/arm-none-eabi/10.3.1/thumb/v7e-m+fp/hard/crti.o
 .bss           0x0000000000000000        0x0 /usr/lib/gcc/arm-none-eabi/10.3.1/thumb/v7e-m+fp/hard/crti.o
 .text          0x0000000000000000       0x88 /usr/lib/gcc/arm-none-eabi/10.3.1/thumb/v7e-m+fp/hard/crtbegin.o
 .data          0x0000000000000000        0x4 /usr/lib/gcc/arm-none-eabi/10.3.1/thumb/v7e-m+fp/hard/crtbegin.o
 .bss           0x0000000000000000       0x1c /usr/lib/gcc/arm-none-eabi/10.3.1/thumb/v7e-m+fp/hard/crtbegin.o
 .rodata        0x0000000000000000       0x24 /usr/lib/gcc/arm-none-eabi/10.3.1/thumb/v7e-m+fp/hard/crtbegin.o
 .init_array    0x0000000000000000        0x4 /usr/lib/gcc/arm-none-eabi/10.3.1/thumb/v7e-m+fp/hard/crtbegin.o
 .fini_array    0x0000000000000000        0x4 /usr/lib/gcc/arm-none-eabi/10.3.1/thumb/v7e-m+fp/hard/crtbegin.o
 .eh_frame      0x0000000000000000        0x0 /usr/lib/gcc/arm-none-eabi/10.3.1/thumb/v7e-m+fp/hard/crtbegin.o
 .tm_clone_table
                0x0000000000000000        0x0 /usr/lib/gcc/arm-none-eabi/10.3.1/thumb/v7e-m+fp/hard/crtbegin.o
 .comment       0x0000000000000000       0x34 /usr/lib/gcc/arm-none-eabi/10.3.1/thumb/v7e-m+fp/hard/crtbegin.o
 .ARM.attributes
                0x0000000000000000       0x34 /usr/lib/gcc/arm-none-eabi/10.3.1/thumb/v7e-m+fp/hard/crtbegin.o
 .text          0x0000000000000000       0x70 /usr/lib/gcc/arm-none-eabi/10.3.1/../../../arm-none-eabi/lib/thumb/v7e-m+fp/hard/crt0.o
 .data          0x0000000000000000        0x0 /usr/lib/gcc/arm-none-eabi/10.3.1/../../../arm-none-eabi/lib/thumb/v7e-m+fp/hard/crt0.o
 .bss           0x0000000000000000        0x0 /usr/lib/gcc/arm-none-eabi/10.3.1/../../../arm-none-eabi/lib/thumb/v7e-m+fp/hard/crt0.o
 .ARM.extab     0x0000000000000000        0x0 /usr/lib/gcc/arm-none-eabi/10.3.1/../../../arm-none-eabi/lib/thumb/v7e-m+fp/hard/crt0.o
 .ARM.exidx     0x0000000000000000       0x10 /usr/lib/gcc/arm-none-eabi/10.3.1/../../../arm-none-eabi/lib/thumb/v7e-m+fp/hard/crt0.o
 .debug_line    0x0000000000000000       0x87 /usr/lib/gcc/arm-none-eabi/10.3.1/../../../arm-none-eabi/lib/thumb/v7e-m+fp/hard/crt0.o
 .debug_info    0x0000000000000000       0x26 /usr/lib/gcc/arm-none-eabi/10.3.1/../../../arm-none-eabi/lib/thumb/v7e-m+fp/hard/crt0.o
 .debug_abbrev  0x0000000000000000       0x14 /usr/lib/gcc/arm-none-eabi/10.3.1/../../../arm-none-eabi/lib/thumb/v7e-m+fp/hard/crt0.o
 .debug_aranges
                0x0000000000000000       0x20 /usr/lib/gcc/arm-none-eabi/10.3.1/../../../arm-none-eabi/lib/thumb/v7e-m+fp/hard/crt0.o
 .debug_str     0x0000000000000000       0x98 /usr/lib/gcc/arm-none-eabi/10.3.1/../../../arm-none-eabi/lib/thumb/v7e-m+fp/hard/crt0.o
 .ARM.attributes
                0x0000000000000000       0x1c /usr/lib/gcc/arm-none-eabi/10.3.1/../../../arm-none-eabi/lib/thumb/v7e-m+fp/hard/crt0.o
 .text          0x0000000000000000        0x0 /tmp/ccRVMfWM.o
 .data          0x0000000000000000        0x0 /tmp/ccRVMfWM.o
 .bss           0x0000000000000000        0x0 /tmp/ccRVMfWM.o
 .text.vApplicationMallocFailedHook
                0x0000000000000000       0x10 /tmp/ccRVMfWM.o
 .text          0x0000000000000000        0x0 /tmp/ccEJzGmB.o
 .data          0x0000000000000000        0x0 /tmp/ccEJzGmB.o
 .bss           0x0000000000000000        0x0 /tmp/ccEJzGmB.o
 .text          0x0000000000000000        0x0 /tmp/ccpIK7Lh.o
 .data          0x0000000000000000        0x0 /tmp/ccpIK7Lh.o
 .bss           0x0000000000000000        0x0 /tmp/ccpIK7Lh.o
 .text.vTaskSuspend
                0x0000000000000000      0x144 /tmp/ccpIK7Lh.o
 .text.prvTaskIsTaskSuspended
                0x0000000000000000       0x8c /tmp/ccpIK7Lh.o
 .text.vTaskResume
                0x0000000000000000      0x110 /tmp/ccpIK7Lh.o
 .text.xTaskResumeFromISR
                0x0000000000000000      0x140 /tmp/ccpIK7Lh.o
 .text.vTaskEndScheduler
                0x0000000000000000       0x30 /tmp/ccpIK7Lh.o
 .text.xTaskGetTickCountFromISR
                0x0000000000000000       0x24 /tmp/ccpIK7Lh.o
 .text.uxTaskGetNumberOfTasks
                0x0000000000000000       0x18 /tmp/ccpIK7Lh.o
 .text.pcTaskGetName
                0x0000000000000000       0x48 /tmp/ccpIK7Lh.o
 .text.xTaskCatchUpTicks
                0x0000000000000000       0x58 /tmp/ccpIK7Lh.o
 .text.vTaskPlaceOnUnorderedEventList
                0x0000000000000000       0xac /tmp/ccpIK7Lh.o
 .text.vTaskRemoveFromUnorderedEventList
                0x0000000000000000      0x184 /tmp/ccpIK7Lh.o
 .text.vTaskSetTimeOutState
                0x0000000000000000       0x4c /tmp/ccpIK7Lh.o
 .text.prvTaskCheckFreeStackSpace
                0x0000000000000000       0x36 /tmp/ccpIK7Lh.o
 .text.uxTaskGetStackHighWaterMark
                0x0000000000000000       0x34 /tmp/ccpIK7Lh.o
 .text.xTaskGetCurrentTaskHandle
                0x0000000000000000       0x20 /tmp/ccpIK7Lh.o
 .text.xTaskGetCurrentTaskHandleForCore
                0x0000000000000000       0x30 /tmp/ccpIK7Lh.o
 .text.uxTaskResetEventItemValue
                0x0000000000000000       0x30 /tmp/ccpIK7Lh.o
 .text.ulTaskGenericNotifyTake
                0x0000000000000000       0xfc /tmp/ccpIK7Lh.o
 .text.xTaskGenericNotifyWait
                0x0000000000000000      0x12c /tmp/ccpIK7Lh.o
 .text.xTaskGenericNotify
                0x0000000000000000      0x258 /tmp/ccpIK7Lh.o
 .text.xTaskGenericNotifyFromISR
                0x0000000000000000      0x2c8 /tmp/ccpIK7Lh.o
 .text.vTaskGenericNotifyGiveFromISR
                0x0000000000000000      0x214 /tmp/ccpIK7Lh.o
 .text.xTaskGenericNotifyStateClear
                0x0000000000000000       0x74 /tmp/ccpIK7Lh.o
 .text.ulTaskGenericNotifyValueClear
                0x0000000000000000       0x7c /tmp/ccpIK7Lh.o
 .text.vTaskResetState
                0x0000000000000000       0x98 /tmp/ccpIK7Lh.o
 .text          0x0000000000000000        0x0 /tmp/cc4FuixB.o
 .data          0x0000000000000000        0x0 /tmp/cc4FuixB.o
 .bss           0x0000000000000000        0x0 /tmp/cc4FuixB.o
 .text.xQueueGenericSendFromISR
                0x0000000000000000      0x164 /tmp/cc4FuixB.o
 .text.xQueueGiveFromISR
                0x0000000000000000      0x148 /tmp/cc4FuixB.o
 .text.xQueueReceive
                0x0000000000000000      0x190 /tmp/cc4FuixB.o
 .text.xQueuePeek
                0x0000000000000000      0x194 /tmp/cc4FuixB.o
 .text.xQueueReceiveFromISR
                0x0000000000000000      0x12e /tmp/cc4FuixB.o
 .text.xQueuePeekFromISR
                0x0000000000000000       0xd2 /tmp/cc4FuixB.o
 .text.uxQueueMessagesWaiting
                0x0000000000000000       0x3c /tmp/cc4FuixB.o
 .text.uxQueueSpacesAvailable
                0x0000000000000000       0x46 /tmp/cc4FuixB.o
 .text.uxQueueMessagesWaitingFromISR
                0x0000000000000000       0x3c /tmp/cc4FuixB.o
 .text.vQueueDelete
                0x0000000000000000       0x36 /tmp/cc4FuixB.o
 .text.uxQueueGetQueueItemSize
                0x0000000000000000       0x18 /tmp/cc4FuixB.o
 .text.uxQueueGetQueueLength
                0x0000000000000000       0x18 /tmp/cc4FuixB.o
 .text.prvCopyDataFromQueue
                0x0000000000000000       0x4c /tmp/cc4FuixB.o
 .text.xQueueIsQueueEmptyFromISR
                0x0000000000000000       0x48 /tmp/cc4FuixB.o
 .text.xQueueIsQueueFullFromISR
                0x0000000000000000       0x4c /tmp/cc4FuixB.o
 .text          0x0000000000000000        0x0 /tmp/cclrKdD7.o
 .data          0x0000000000000000        0x0 /tmp/cclrKdD7.o
 .bss           0x0000000000000000        0x0 /tmp/cclrKdD7.o
 .text.vListInsertEnd
                0x0000000000000000       0x48 /tmp/cclrKdD7.o
 .text          0x0000000000000000        0x0 /tmp/ccjKKEgg.o
 .data          0x0000000000000000        0x0 /tmp/ccjKKEgg.o
 .bss           0x0000000000000000        0x0 /tmp/ccjKKEgg.o
 .debug_info    0x0000000000000000       0x6b /tmp/ccjKKEgg.o
 .debug_abbrev  0x0000000000000000       0x26 /tmp/ccjKKEgg.o
 .debug_aranges
                0x0000000000000000       0x18 /tmp/ccjKKEgg.o
 .debug_line    0x0000000000000000       0x1d /tmp/ccjKKEgg.o
 .debug_str     0x0000000000000000      0x1b4 /tmp/ccjKKEgg.o
 .comment       0x0000000000000000       0x34 /tmp/ccjKKEgg.o
 .ARM.attributes
                0x0000000000000000       0x39 /tmp/ccjKKEgg.o
 .text          0x0000000000000000        0x0 /tmp/ccRjZ3uJ.o
 .data          0x0000000000000000        0x0 /tmp/ccRjZ3uJ.o
 .bss           0x0000000000000000        0x0 /tmp/ccRjZ3uJ.o
 .rodata.pcInterruptPriorityRegisters
                0x0000000000000000        0x4 /tmp/ccRjZ3uJ.o
 .text.vPortEndScheduler
                0x0000000000000000       0x38 /tmp/ccRjZ3uJ.o
 .text.vPortValidateInterruptPriority
                0x0000000000000000       0x80 /tmp/ccRjZ3uJ.o
 .text          0x0000000000000000        0x0 /tmp/ccJWohtb.o
 .data          0x0000000000000000        0x0 /tmp/ccJWohtb.o
 .bss           0x0000000000000000        0x0 /tmp/ccJWohtb.o
 .rodata.xHeapStructSize
                0x0000000000000000        0x4 /tmp/ccJWohtb.o
 .text.xPortGetFreeHeapSize
                0x0000000000000000       0x18 /tmp/ccJWohtb.o
 .text.xPortGetMinimumEverFreeHeapSize
                0x0000000000000000       0x18 /tmp/ccJWohtb.o
 .text.vPortInitialiseBlocks
                0x0000000000000000        0xe /tmp/ccJWohtb.o
 .text.pvPortCalloc
                0x0000000000000000       0x60 /tmp/ccJWohtb.o
 .text.vPortGetHeapStats
                0x0000000000000000       0xbc /tmp/ccJWohtb.o
 .text.vPortHeapResetState
                0x0000000000000000       0x40 /tmp/ccJWohtb.o
 .text          0x0000000000000000        0xc /usr/lib/gcc/arm-none-eabi/10.3.1/../../../arm-none-eabi/lib/thumb/v7e-m+fp/hard/libg.a(lib_a-atexit.o)
 .data          0x0000000000000000        0x0 /usr/lib/gcc/arm-none-eabi/10.3.1/../../../arm-none-eabi/lib/thumb/v7e-m+fp/hard/libg.a(lib_a-atexit.o)
 .bss           0x0000000000000000        0x0 /usr/lib/gcc/arm-none-eabi/10.3.1/../../../arm-none-eabi/lib/thumb/v7e-m+fp/hard/libg.a(lib_a-atexit.o)
 .debug_info    0x0000000000000000      0x100 /usr/lib/gcc/arm-none-eabi/10.3.1/../../../arm-none-eabi/lib/thumb/v7e-m+fp/hard/libg.a(lib_a-atexit.o)
 .debug_abbrev  0x0000000000000000       0xb7 /usr/lib/gcc/arm-none-eabi/10.3.1/../../../arm-none-eabi/lib/thumb/v7e-m+fp/hard/libg.a(lib_a-atexit.o)
 .debug_loc     0x0000000000000000       0x32 /usr/lib/gcc/arm-none-eabi/10.3.1/../../../arm-none-eabi/lib/thumb/v7e-m+fp/hard/libg.a(lib_a-atexit.o)
 .debug_aranges
                0x0000000000000000       0x20 /usr/lib/gcc/arm-none-eabi/10.3.1/../../../arm-none-eabi/lib/thumb/v7e-m+fp/hard/libg.a(lib_a-atexit.o)
 .debug_line    0x0000000000000000       0xc0 /usr/lib/gcc/arm-none-eabi/10.3.1/../../../arm-none-eabi/lib/thumb/v7e-m+fp/hard/libg.a(lib_a-atexit.o)
 .debug_str     0x0000000000000000      0x1e4 /usr/lib/gcc/arm-none-eabi/10.3.1/../../../arm-none-eabi/lib/thumb/v7e-m+fp/hard/libg.a(lib_a-atexit.o)
 .comment       0x0000000000000000       0x34 /usr/lib/gcc/arm-none-eabi/10.3.1/../../../arm-none-eabi/lib/thumb/v7e-m+fp/hard/libg.a(lib_a-atexit.o)
 .debug_frame   0x0000000000000000       0x20 /usr/lib/gcc/arm-none-eabi/10.3.1/../../../arm-none-eabi/lib/thumb/v7e-m+fp/hard/libg.a(lib_a-atexit.o)
 .ARM.attributes
                0x0000000000000000       0x34 /usr/lib/gcc/arm-none-eabi/10.3.1/../../../arm-none-eabi/lib/thumb/v7e-m+fp/hard/libg.a(lib_a-atexit.o)
 .text          0x0000000000000000       0x20 /usr/lib/gcc/arm-none-eabi/10.3.1/../../../arm-none-eabi/lib/thumb/v7e-m+fp/hard/libg.a(lib_a-exit.o)
 .data          0x0000000000000000        0x0 /usr/lib/gcc/arm-none-eabi/10.3.1/../../../arm-none-eabi/lib/thumb/v7e-m+fp/hard/libg.a(lib_a-exit.o)
 .bss           0x0000000000000000        0x0 /usr/lib/gcc/arm-none-eabi/10.3.1/../../../arm-none-eabi/lib/thumb/v7e-m+fp/hard/libg.a(lib_a-exit.o)
 .debug_info    0x0000000000000000      0x969 /usr/lib/gcc/arm-none-eabi/10.3.1/../../../arm-none-eabi/lib/thumb/v7e-m+fp/hard/libg.a(lib_a-exit.o)
 .debug_abbrev  0x0000000000000000      0x20c /usr/lib/gcc/arm-none-eabi/10.3.1/../../../arm-none-eabi/lib/thumb/v7e-m+fp/hard/libg.a(lib_a-exit.o)
 .debug_loc     0x0000000000000000       0x22 /usr/lib/gcc/arm-none-eabi/10.3.1/../../../arm-none-eabi/lib/thumb/v7e-m+fp/hard/libg.a(lib_a-exit.o)
 .debug_aranges
                0x0000000000000000       0x20 /usr/lib/gcc/arm-none-eabi/10.3.1/../../../arm-none-eabi/lib/thumb/v7e-m+fp/hard/libg.a(lib_a-exit.o)
 .debug_line    0x0000000000000000      0x179 /usr/lib/gcc/arm-none-eabi/10.3.1/../../../arm-none-eabi/lib/thumb/v7e-m+fp/hard/libg.a(lib_a-exit.o)
 .debug_str     0x0000000000000000      0x58b /usr/lib/gcc/arm-none-eabi/10.3.1/../../../arm-none-eabi/lib/thumb/v7e-m+fp/hard/libg.a(lib_a-exit.o)
 .comment       0x0000000000000000       0x34 /usr/lib/gcc/arm-none-eabi/10.3.1/../../../arm-none-eabi/lib/thumb/v7e-m+fp/hard/libg.a(lib_a-exit.o)
 .debug_frame   0x0000000000000000       0x28 /usr/lib/gcc/arm-none-eabi/10.3.1/../../../arm-none-eabi/lib/thumb/v7e-m+fp/hard/libg.a(lib_a-exit.o)
 .ARM.attributes
                0x0000000000000000       0x34 /usr/lib/gcc/arm-none-eabi/10.3.1/../../../arm-none-eabi/lib/thumb/v7e-m+fp/hard/libg.a(lib_a-exit.o)
 .text          0x0000000000000000       0x2c /usr/lib/gcc/arm-none-eabi/10.3.1/../../../arm-none-eabi/lib/thumb/v7e-m+fp/hard/libg.a(lib_a-fini.o)
 .data          0x0000000000000000        0x0 /usr/lib/gcc/arm-none-eabi/10.3.1/../../../arm-none-eabi/lib/thumb/v7e-m+fp/hard/libg.a(lib_a-fini.o)
 .bss           0x0000000000000000        0x0 /usr/lib/gcc/arm-none-eabi/10.3.1/../../../arm-none-eabi/lib/thumb/v7e-m+fp/hard/libg.a(lib_a-fini.o)
 .debug_info    0x0000000000000000      0x102 /usr/lib/gcc/arm-none-eabi/10.3.1/../../../arm-none-eabi/lib/thumb/v7e-m+fp/hard/libg.a(lib_a-fini.o)
 .debug_abbrev  0x0000000000000000       0xcf /usr/lib/gcc/arm-none-eabi/10.3.1/../../../arm-none-eabi/lib/thumb/v7e-m+fp/hard/libg.a(lib_a-fini.o)
 .debug_loc     0x0000000000000000       0x68 /usr/lib/gcc/arm-none-eabi/10.3.1/../../../arm-none-eabi/lib/thumb/v7e-m+fp/hard/libg.a(lib_a-fini.o)
 .debug_aranges
                0x0000000000000000       0x20 /usr/lib/gcc/arm-none-eabi/10.3.1/../../../arm-none-eabi/lib/thumb/v7e-m+fp/hard/libg.a(lib_a-fini.o)
 .debug_line    0x0000000000000000       0xed /usr/lib/gcc/arm-none-eabi/10.3.1/../../../arm-none-eabi/lib/thumb/v7e-m+fp/hard/libg.a(lib_a-fini.o)
 .debug_str     0x0000000000000000      0x1dc /usr/lib/gcc/arm-none-eabi/10.3.1/../../../arm-none-eabi/lib/thumb/v7e-m+fp/hard/libg.a(lib_a-fini.o)
 .comment       0x0000000000000000       0x34 /usr/lib/gcc/arm-none-eabi/10.3.1/../../../arm-none-eabi/lib/thumb/v7e-m+fp/hard/libg.a(lib_a-fini.o)
 .debug_frame   0x0000000000000000       0x34 /usr/lib/gcc/arm-none-eabi/10.3.1/../../../arm-none-eabi/lib/thumb/v7e-m+fp/hard/libg.a(lib_a-fini.o)
 .ARM.attributes
                0x0000000000000000       0x34 /usr/lib/gcc/arm-none-eabi/10.3.1/../../../arm-none-eabi/lib/thumb/v7e-m+fp/hard/libg.a(lib_a-fini.o)
 .text          0x0000000000000000        0x0 /usr/lib/gcc/arm-none-eabi/10.3.1/../../../arm-none-eabi/lib/thumb/v7e-m+fp/hard/libg.a(lib_a-impure.o)
 .data          0x0000000000000000      0x430 /usr/lib/gcc/arm-none-eabi/10.3.1/../../../arm-none-eabi/lib/thumb/v7e-m+fp/hard/libg.a(lib_a-impure.o)
 .bss           0x0000000000000000        0x0 /usr/lib/gcc/arm-none-eabi/10.3.1/../../../arm-none-eabi/lib/thumb/v7e-m+fp/hard/libg.a(lib_a-impure.o)
 .rodata        0x0000000000000000        0x4 /usr/lib/gcc/arm-none-eabi/10.3.1/../../../arm-none-eabi/lib/thumb/v7e-m+fp/hard/libg.a(lib_a-impure.o)
 .debug_info    0x0000000000000000      0x92a /usr/lib/gcc/arm-none-eabi/10.3.1/../../../arm-none-eabi/lib/thumb/v7e-m+fp/hard/libg.a(lib_a-impure.o)
 .debug_abbrev  0x0000000000000000      0x1b8 /usr/lib/gcc/arm-none-eabi/10.3.1/../../../arm-none-eabi/lib/thumb/v7e-m+fp/hard/libg.a(lib_a-impure.o)
 .debug_aranges
                0x0000000000000000       0x18 /usr/lib/gcc/arm-none-eabi/10.3.1/../../../arm-none-eabi/lib/thumb/v7e-m+fp/hard/libg.a(lib_a-impure.o)
 .debug_line    0x0000000000000000       0xe4 /usr/lib/gcc/arm-none-eabi/10.3.1/../../../arm-none-eabi/lib/thumb/v7e-m+fp/hard/libg.a(lib_a-impure.o)
 .debug_str     0x0000000000000000      0x582 /usr/lib/gcc/arm-none-eabi/10.3.1/../../../arm-none-eabi/lib/thumb/v7e-m+fp/hard/libg.a(lib_a-impure.o)
 .comment       0x0000000000000000       0x34 /usr/lib/gcc/arm-none-eabi/10.3.1/../../../arm-none-eabi/lib/thumb/v7e-m+fp/hard/libg.a(lib_a-impure.o)
 .ARM.attributes
                0x0000000000000000       0x32 /usr/lib/gcc/arm-none-eabi/10.3.1/../../../arm-none-eabi/lib/thumb/v7e-m+fp/hard/libg.a(lib_a-impure.o)
 .text          0x0000000000000000       0x48 /usr/lib/gcc/arm-none-eabi/10.3.1/../../../arm-none-eabi/lib/thumb/v7e-m+fp/hard/libg.a(lib_a-init.o)
 .data          0x0000000000000000        0x0 /usr/lib/gcc/arm-none-eabi/10.3.1/../../../arm-none-eabi/lib/thumb/v7e-m+fp/hard/libg.a(lib_a-init.o)
 .bss           0x0000000000000000        0x0 /usr/lib/gcc/arm-none-eabi/10.3.1/../../../arm-none-eabi/lib/thumb/v7e-m+fp/hard/libg.a(lib_a-init.o)
 .debug_info    0x0000000000000000      0x11a /usr/lib/gcc/arm-none-eabi/10.3.1/../../../arm-none-eabi/lib/thumb/v7e-m+fp/hard/libg.a(lib_a-init.o)
 .debug_abbrev  0x0000000000000000       0xcc /usr/lib/gcc/arm-none-eabi/10.3.1/../../../arm-none-eabi/lib/thumb/v7e-m+fp/hard/libg.a(lib_a-init.o)
 .debug_loc     0x0000000000000000       0xba /usr/lib/gcc/arm-none-eabi/10.3.1/../../../arm-none-eabi/lib/thumb/v7e-m+fp/hard/libg.a(lib_a-init.o)
 .debug_aranges
                0x0000000000000000       0x20 /usr/lib/gcc/arm-none-eabi/10.3.1/../../../arm-none-eabi/lib/thumb/v7e-m+fp/hard/libg.a(lib_a-init.o)
 .debug_line    0x0000000000000000      0x138 /usr/lib/gcc/arm-none-eabi/10.3.1/../../../arm-none-eabi/lib/thumb/v7e-m+fp/hard/libg.a(lib_a-init.o)
 .debug_str     0x0000000000000000      0x206 /usr/lib/gcc/arm-none-eabi/10.3.1/../../../arm-none-eabi/lib/thumb/v7e-m+fp/hard/libg.a(lib_a-init.o)
 .comment       0x0000000000000000       0x34 /usr/lib/gcc/arm-none-eabi/10.3.1/../../../arm-none-eabi/lib/thumb/v7e-m+fp/hard/libg.a(lib_a-init.o)
 .debug_frame   0x0000000000000000       0x2c /usr/lib/gcc/arm-none-eabi/10.3.1/../../../arm-none-eabi/lib/thumb/v7e-m+fp/hard/libg.a(lib_a-init.o)
 .ARM.attributes
                0x0000000000000000       0x34 /usr/lib/gcc/arm-none-eabi/10.3.1/../../../arm-none-eabi/lib/thumb/v7e-m+fp/hard/libg.a(lib_a-init.o)
 .data          0x0000000000000000        0x0 /usr/lib/gcc/arm-none-eabi/10.3.1/../../../arm-none-eabi/lib/thumb/v7e-m+fp/hard/libg.a(lib_a-memcpy.o)
 .bss           0x0000000000000000        0x0 /usr/lib/gcc/arm-none-eabi/10.3.1/../../../arm-none-eabi/lib/thumb/v7e-m+fp/hard/libg.a(lib_a-memcpy.o)
 .data          0x0000000000000000        0x0 /usr/lib/gcc/arm-none-eabi/10.3.1/../../../arm-none-eabi/lib/thumb/v7e-m+fp/hard/libg.a(lib_a-memset.o)
 .bss           0x0000000000000000        0x0 /usr/lib/gcc/arm-none-eabi/10.3.1/../../../arm-none-eabi/lib/thumb/v7e-m+fp/hard/libg.a(lib_a-memset.o)
 .text          0x0000000000000000       0x68 /usr/lib/gcc/arm-none-eabi/10.3.1/../../../arm-none-eabi/lib/thumb/v7e-m+fp/hard/libg.a(lib_a-__atexit.o)
 .data          0x0000000000000000        0x0 /usr/lib/gcc/arm-none-eabi/10.3.1/../../../arm-none-eabi/lib/thumb/v7e-m+fp/hard/libg.a(lib_a-__atexit.o)
 .bss           0x0000000000000000        0x0 /usr/lib/gcc/arm-none-eabi/10.3.1/../../../arm-none-eabi/lib/thumb/v7e-m+fp/hard/libg.a(lib_a-__atexit.o)
 .debug_info    0x0000000000000000      0x9b0 /usr/lib/gcc/arm-none-eabi/10.3.1/../../../arm-none-eabi/lib/thumb/v7e-m+fp/hard/libg.a(lib_a-__atexit.o)
 .debug_abbrev  0x0000000000000000      0x23f /usr/lib/gcc/arm-none-eabi/10.3.1/../../../arm-none-eabi/lib/thumb/v7e-m+fp/hard/libg.a(lib_a-__atexit.o)
 .debug_loc     0x0000000000000000      0x138 /usr/lib/gcc/arm-none-eabi/10.3.1/../../../arm-none-eabi/lib/thumb/v7e-m+fp/hard/libg.a(lib_a-__atexit.o)
 .debug_aranges
                0x0000000000000000       0x20 /usr/lib/gcc/arm-none-eabi/10.3.1/../../../arm-none-eabi/lib/thumb/v7e-m+fp/hard/libg.a(lib_a-__atexit.o)
 .debug_line    0x0000000000000000      0x19e /usr/lib/gcc/arm-none-eabi/10.3.1/../../../arm-none-eabi/lib/thumb/v7e-m+fp/hard/libg.a(lib_a-__atexit.o)
 .debug_str     0x0000000000000000      0x5bc /usr/lib/gcc/arm-none-eabi/10.3.1/../../../arm-none-eabi/lib/thumb/v7e-m+fp/hard/libg.a(lib_a-__atexit.o)
 .comment       0x0000000000000000       0x34 /usr/lib/gcc/arm-none-eabi/10.3.1/../../../arm-none-eabi/lib/thumb/v7e-m+fp/hard/libg.a(lib_a-__atexit.o)
 .debug_frame   0x0000000000000000       0x34 /usr/lib/gcc/arm-none-eabi/10.3.1/../../../arm-none-eabi/lib/thumb/v7e-m+fp/hard/libg.a(lib_a-__atexit.o)
 .ARM.attributes
                0x0000000000000000       0x34 /usr/lib/gcc/arm-none-eabi/10.3.1/../../../arm-none-eabi/lib/thumb/v7e-m+fp/hard/libg.a(lib_a-__atexit.o)
 .text          0x0000000000000000       0xb8 /usr/lib/gcc/arm-none-eabi/10.3.1/../../../arm-none-eabi/lib/thumb/v7e-m+fp/hard/libg.a(lib_a-__call_atexit.o)
 .data          0x0000000000000000        0x0 /usr/lib/gcc/arm-none-eabi/10.3.1/../../../arm-none-eabi/lib/thumb/v7e-m+fp/hard/libg.a(lib_a-__call_atexit.o)
 .bss           0x0000000000000000        0x0 /usr/lib/gcc/arm-none-eabi/10.3.1/../../../arm-none-eabi/lib/thumb/v7e-m+fp/hard/libg.a(lib_a-__call_atexit.o)
 .text.startup  0x0000000000000000       0x14 /usr/lib/gcc/arm-none-eabi/10.3.1/../../../arm-none-eabi/lib/thumb/v7e-m+fp/hard/libg.a(lib_a-__call_atexit.o)
 .init_array.00000
                0x0000000000000000        0x4 /usr/lib/gcc/arm-none-eabi/10.3.1/../../../arm-none-eabi/lib/thumb/v7e-m+fp/hard/libg.a(lib_a-__call_atexit.o)
 .debug_info    0x0000000000000000      0xa3d /usr/lib/gcc/arm-none-eabi/10.3.1/../../../arm-none-eabi/lib/thumb/v7e-m+fp/hard/libg.a(lib_a-__call_atexit.o)
 .debug_abbrev  0x0000000000000000      0x2b2 /usr/lib/gcc/arm-none-eabi/10.3.1/../../../arm-none-eabi/lib/thumb/v7e-m+fp/hard/libg.a(lib_a-__call_atexit.o)
 .debug_loc     0x0000000000000000      0x1cc /usr/lib/gcc/arm-none-eabi/10.3.1/../../../arm-none-eabi/lib/thumb/v7e-m+fp/hard/libg.a(lib_a-__call_atexit.o)
 .debug_aranges
                0x0000000000000000       0x28 /usr/lib/gcc/arm-none-eabi/10.3.1/../../../arm-none-eabi/lib/thumb/v7e-m+fp/hard/libg.a(lib_a-__call_atexit.o)
 .debug_ranges  0x0000000000000000       0x50 /usr/lib/gcc/arm-none-eabi/10.3.1/../../../arm-none-eabi/lib/thumb/v7e-m+fp/hard/libg.a(lib_a-__call_atexit.o)
 .debug_line    0x0000000000000000      0x28d /usr/lib/gcc/arm-none-eabi/10.3.1/../../../arm-none-eabi/lib/thumb/v7e-m+fp/hard/libg.a(lib_a-__call_atexit.o)
 .debug_str     0x0000000000000000      0x5e8 /usr/lib/gcc/arm-none-eabi/10.3.1/../../../arm-none-eabi/lib/thumb/v7e-m+fp/hard/libg.a(lib_a-__call_atexit.o)
 .comment       0x0000000000000000       0x34 /usr/lib/gcc/arm-none-eabi/10.3.1/../../../arm-none-eabi/lib/thumb/v7e-m+fp/hard/libg.a(lib_a-__call_atexit.o)
 .debug_frame   0x0000000000000000       0x5c /usr/lib/gcc/arm-none-eabi/10.3.1/../../../arm-none-eabi/lib/thumb/v7e-m+fp/hard/libg.a(lib_a-__call_atexit.o)
 .ARM.attributes
                0x0000000000000000       0x34 /usr/lib/gcc/arm-none-eabi/10.3.1/../../../arm-none-eabi/lib/thumb/v7e-m+fp/hard/libg.a(lib_a-__call_atexit.o)
 .text          0x0000000000000000        0x4 /usr/lib/gcc/arm-none-eabi/10.3.1/../../../arm-none-eabi/lib/thumb/v7e-m+fp/hard/libnosys.a(_exit.o)
 .data          0x0000000000000000        0x0 /usr/lib/gcc/arm-none-eabi/10.3.1/../../../arm-none-eabi/lib/thumb/v7e-m+fp/hard/libnosys.a(_exit.o)
 .bss           0x0000000000000000        0x0 /usr/lib/gcc/arm-none-eabi/10.3.1/../../../arm-none-eabi/lib/thumb/v7e-m+fp/hard/libnosys.a(_exit.o)
 .debug_info    0x0000000000000000       0xa3 /usr/lib/gcc/arm-none-eabi/10.3.1/../../../arm-none-eabi/lib/thumb/v7e-m+fp/hard/libnosys.a(_exit.o)
 .debug_abbrev  0x0000000000000000       0x6a /usr/lib/gcc/arm-none-eabi/10.3.1/../../../arm-none-eabi/lib/thumb/v7e-m+fp/hard/libnosys.a(_exit.o)
 .debug_loc     0x0000000000000000       0x15 /usr/lib/gcc/arm-none-eabi/10.3.1/../../../arm-none-eabi/lib/thumb/v7e-m+fp/hard/libnosys.a(_exit.o)
 .debug_aranges
                0x0000000000000000       0x20 /usr/lib/gcc/arm-none-eabi/10.3.1/../../../arm-none-eabi/lib/thumb/v7e-m+fp/hard/libnosys.a(_exit.o)
 .debug_line    0x0000000000000000       0x75 /usr/lib/gcc/arm-none-eabi/10.3.1/../../../arm-none-eabi/lib/thumb/v7e-m+fp/hard/libnosys.a(_exit.o)
 .debug_str     0x0000000000000000      0x181 /usr/lib/gcc/arm-none-eabi/10.3.1/../../../arm-none-eabi/lib/thumb/v7e-m+fp/hard/libnosys.a(_exit.o)
 .comment       0x0000000000000000       0x34 /usr/lib/gcc/arm-none-eabi/10.3.1/../../../arm-none-eabi/lib/thumb/v7e-m+fp/hard/libnosys.a(_exit.o)
 .debug_frame   0x0000000000000000       0x20 /usr/lib/gcc/arm-none-eabi/10.3.1/../../../arm-none-eabi/lib/thumb/v7e-m+fp/hard/libnosys.a(_exit.o)
 .ARM.attributes
                0x0000000000000000       0x34 /usr/lib/gcc/arm-none-eabi/10.3.1/../../../arm-none-eabi/lib/thumb/v7e-m+fp/hard/libnosys.a(_exit.o)
 .text          0x0000000000000000        0x0 /usr/lib/gcc/arm-none-eabi/10.3.1/thumb/v7e-m+fp/hard/crtend.o
 .data          0x0000000000000000        0x0 /usr/lib/gcc/arm-none-eabi/10.3.1/thumb/v7e-m+fp/hard/crtend.o
 .bss           0x0000000000000000        0x0 /usr/lib/gcc/arm-none-eabi/10.3.1/thumb/v7e-m+fp/hard/crtend.o
 .rodata        0x0000000000000000       0x24 /usr/lib/gcc/arm-none-eabi/10.3.1/thumb/v7e-m+fp/hard/crtend.o
 .eh_frame      0x0000000000000000        0x4 /usr/lib/gcc/arm-none-eabi/10.3.1/thumb/v7e-m+fp/hard/crtend.o
 .tm_clone_table
                0x0000000000000000        0x0 /usr/lib/gcc/arm-none-eabi/10.3.1/thumb/v7e-m+fp/hard/crtend.o
 .comment       0x0000000000000000       0x34 /usr/lib/gcc/arm-none-eabi/10.3.1/thumb/v7e-m+fp/hard/crtend.o
 .ARM.attributes
                0x0000000000000000       0x32 /usr/lib/gcc/arm-none-eabi/10.3.1/thumb/v7e-m+fp/hard/crtend.o
 .text          0x0000000000000000        0x0 /usr/lib/gcc/arm-none-eabi/10.3.1/thumb/v7e-m+fp/hard/crtn.o
 .data          0x0000000000000000        0x0 /usr/lib/gcc/arm-none-eabi/10.3.1/thumb/v7e-m+fp/hard/crtn.o
 .bss           0x0000000000000000        0x0 /usr/lib/gcc/arm-none-eabi/10.3.1/thumb/v7e-m+fp/hard/crtn.o
 .init          0x0000000000000000        0x8 /usr/lib/gcc/arm-none-eabi/10.3.1/thumb/v7e-m+fp/hard/crtn.o
 .fini          0x0000000000000000        0x8 /usr/lib/gcc/arm-none-eabi/10.3.1/thumb/v7e-m+fp/hard/crtn.o
 .ARM.attributes
                0x0000000000000000       0x1e /usr/lib/gcc/arm-none-eabi/10.3.1/thumb/v7e-m+fp/hard/crtn.o

Memory Configuration

Name             Origin             Length             Attributes
FLASH            0x0000000000000000 0x0000000000040000 xr
RAM              0x0000000020000000 0x0000000000008000 xrw
*default*        0x0000000000000000 0xffffffffffffffff

Linker script and memory map

LOAD /usr/lib/gcc/arm-none-eabi/10.3.1/thumb/v7e-m+fp/hard/crti.o
LOAD /usr/lib/gcc/arm-none-eabi/10.3.1/thumb/v7e-m+fp/hard/crtbegin.o
LOAD /usr/lib/gcc/arm-none-eabi/10.3.1/../../../arm-none-eabi/lib/thumb/v7e-m+fp/hard/crt0.o
LOAD /tmp/ccRVMfWM.o
LOAD /tmp/ccEJzGmB.o
LOAD /tmp/ccpIK7Lh.o
LOAD /tmp/cc4FuixB.o
LOAD /tmp/cclrKdD7.o
LOAD /tmp/ccjKKEgg.o
LOAD /tmp/ccRjZ3uJ.o
LOAD /tmp/ccJWohtb.o
START GROUP
LOAD /usr/lib/gcc/arm-none-eabi/10.3.1/thumb/v7e-m+fp/hard/libgcc.a
LOAD /usr/lib/gcc/arm-none-eabi/10.3.1/../../../arm-none-eabi/lib/thumb/v7e-m+fp/hard/libg.a
LOAD /usr/lib/gcc/arm-none-eabi/10.3.1/../../../arm-none-eabi/lib/thumb/v7e-m+fp/hard/libc.a
END GROUP
START GROUP
LOAD /usr/lib/gcc/arm-none-eabi/10.3.1/thumb/v7e-m+fp/hard/libgcc.a
LOAD /usr/lib/gcc/arm-none-eabi/10.3.1/../../../arm-none-eabi/lib/thumb/v7e-m+fp/hard/libc.a
LOAD /usr/lib/gcc/arm-none-eabi/10.3.1/../../../arm-none-eabi/lib/thumb/v7e-m+fp/hard/libnosys.a
END GROUP
LOAD /usr/lib/gcc/arm-none-eabi/10.3.1/thumb/v7e-m+fp/hard/crtend.o
LOAD /usr/lib/gcc/arm-none-eabi/10.3.1/thumb/v7e-m+fp/hard/crtn.o
                0x0000000020008000                _estack = (ORIGIN (RAM) + LENGTH (RAM))

.isr_vector     0x0000000000000000      0x27c
 *(.isr_vector)
 .isr_vector    0x0000000000000000      0x27c /tmp/ccEJzGmB.o
                0x0000000000000000                g_pfnVectors

.text           0x0000000000000280     0x3784
 *(.text*)
 .text.delay_ms
                0x0000000000000280       0x2e /tmp/ccRVMfWM.o
                0x0000000000000280                delay_ms
 *fill*         0x00000000000002ae        0x2 
 .text.GPIO_Init
                0x00000000000002b0      0x204 /tmp/ccRVMfWM.o
                0x00000000000002b0                GPIO_Init
 .text.ADC_Init
                0x00000000000004b4       0xac /tmp/ccRVMfWM.o
                0x00000000000004b4                ADC_Init
 .text.ADC_ReadThrottle
                0x0000000000000560       0x60 /tmp/ccRVMfWM.o
                0x0000000000000560                ADC_ReadThrottle
 .text.PWM_Init
                0x00000000000005c0       0xc0 /tmp/ccRVMfWM.o
                0x00000000000005c0                PWM_Init
 .text.PWM_SetDuty
                0x0000000000000680       0x54 /tmp/ccRVMfWM.o
                0x0000000000000680                PWM_SetDuty
 .text.LCD_Pulse
                0x00000000000006d4       0x30 /tmp/ccRVMfWM.o
                0x00000000000006d4                LCD_Pulse
 .text.LCD_Nibble
                0x0000000000000704       0xb0 /tmp/ccRVMfWM.o
                0x0000000000000704                LCD_Nibble
 .text.LCD_Command
                0x00000000000007b4       0x44 /tmp/ccRVMfWM.o
                0x00000000000007b4                LCD_Command
 .text.LCD_Char
                0x00000000000007f8       0x44 /tmp/ccRVMfWM.o
                0x00000000000007f8                LCD_Char
 .text.LCD_String
                0x000000000000083c       0x2a /tmp/ccRVMfWM.o
                0x000000000000083c                LCD_String
 .text.LCD_SetCursor
                0x0000000000000866       0x36 /tmp/ccRVMfWM.o
                0x0000000000000866                LCD_SetCursor
 .text.LCD_Clear
                0x000000000000089c       0x14 /tmp/ccRVMfWM.o
                0x000000000000089c                LCD_Clear
 .text.LCD_Init
                0x00000000000008b0       0x64 /tmp/ccRVMfWM.o
                0x00000000000008b0                LCD_Init
 .text.uint32_to_str
                0x0000000000000914       0xac /tmp/ccRVMfWM.o
                0x0000000000000914                uint32_to_str
 .text.button_pressed
                0x00000000000009c0       0x38 /tmp/ccRVMfWM.o
                0x00000000000009c0                button_pressed
 .text.led_set  0x00000000000009f8       0x5c /tmp/ccRVMfWM.o
                0x00000000000009f8                led_set
 .text.GPIOPortD_Handler
                0x0000000000000a54       0x3c /tmp/ccRVMfWM.o
                0x0000000000000a54                GPIOPortD_Handler
 .text.vEncoderTask
                0x0000000000000a90       0x80 /tmp/ccRVMfWM.o
                0x0000000000000a90                vEncoderTask
 .text.vCruiseTask
                0x0000000000000b10       0xc8 /tmp/ccRVMfWM.o
                0x0000000000000b10                vCruiseTask
 .text.vManualTask
                0x0000000000000bd8      0x218 /tmp/ccRVMfWM.o
                0x0000000000000bd8                vManualTask
 .text.vLCDTask
                0x0000000000000df0      0x114 /tmp/ccRVMfWM.o
                0x0000000000000df0                vLCDTask
 .text.vApplicationStackOverflowHook
                0x0000000000000f04       0x16 /tmp/ccRVMfWM.o
                0x0000000000000f04                vApplicationStackOverflowHook
 *fill*         0x0000000000000f1a        0x2 
 .text.main     0x0000000000000f1c      0x16c /tmp/ccRVMfWM.o
                0x0000000000000f1c                main
 .text.NMI_Handler
                0x0000000000001088        0x6 /tmp/ccEJzGmB.o
                0x0000000000001088                NMI_Handler
 .text.HardFault_Handler
                0x000000000000108e        0x6 /tmp/ccEJzGmB.o
                0x000000000000108e                HardFault_Handler
 .text.MemManage_Handler
                0x0000000000001094        0x6 /tmp/ccEJzGmB.o
                0x0000000000001094                MemManage_Handler
 .text.BusFault_Handler
                0x000000000000109a        0x6 /tmp/ccEJzGmB.o
                0x000000000000109a                BusFault_Handler
 .text.UsageFault_Handler
                0x00000000000010a0        0x6 /tmp/ccEJzGmB.o
                0x00000000000010a0                UsageFault_Handler
 .text.DebugMon_Handler
                0x00000000000010a6        0x6 /tmp/ccEJzGmB.o
                0x00000000000010a6                DebugMon_Handler
 .text.IntDefaultHandler
                0x00000000000010ac        0x6 /tmp/ccEJzGmB.o
                0x00000000000010ac                IntDefaultHandler
 *fill*         0x00000000000010b2        0x2 
 .text.Reset_Handler
                0x00000000000010b4       0x5c /tmp/ccEJzGmB.o
                0x00000000000010b4                Reset_Handler
 .text.prvCreateTask
                0x0000000000001110       0x78 /tmp/ccpIK7Lh.o
 .text.xTaskCreate
                0x0000000000001188       0x46 /tmp/ccpIK7Lh.o
                0x0000000000001188                xTaskCreate
 .text.prvInitialiseNewTask
                0x00000000000011ce      0x11c /tmp/ccpIK7Lh.o
 *fill*         0x00000000000012ea        0x2 
 .text.prvAddNewTaskToReadyList
                0x00000000000012ec      0x128 /tmp/ccpIK7Lh.o
 .text.xTaskDelayUntil
                0x0000000000001414       0xfc /tmp/ccpIK7Lh.o
                0x0000000000001414                xTaskDelayUntil
 .text.vTaskDelay
                0x0000000000001510       0x68 /tmp/ccpIK7Lh.o
                0x0000000000001510                vTaskDelay
 .text.prvCreateIdleTasks
                0x0000000000001578       0x94 /tmp/ccpIK7Lh.o
 .text.vTaskStartScheduler
                0x000000000000160c       0x7c /tmp/ccpIK7Lh.o
                0x000000000000160c                vTaskStartScheduler
 .text.vTaskSuspendAll
                0x0000000000001688       0x1c /tmp/ccpIK7Lh.o
                0x0000000000001688                vTaskSuspendAll
 .text.xTaskResumeAll
                0x00000000000016a4      0x210 /tmp/ccpIK7Lh.o
                0x00000000000016a4                xTaskResumeAll
 .text.xTaskGetTickCount
                0x00000000000018b4       0x20 /tmp/ccpIK7Lh.o
                0x00000000000018b4                xTaskGetTickCount
 .text.xTaskIncrementTick
                0x00000000000018d4      0x230 /tmp/ccpIK7Lh.o
                0x00000000000018d4                xTaskIncrementTick
 .text.vTaskSwitchContext
                0x0000000000001b04      0x104 /tmp/ccpIK7Lh.o
                0x0000000000001b04                vTaskSwitchContext
 .text.vTaskPlaceOnEventList
                0x0000000000001c08       0x48 /tmp/ccpIK7Lh.o
                0x0000000000001c08                vTaskPlaceOnEventList
 .text.xTaskRemoveFromEventList
                0x0000000000001c50      0x1b0 /tmp/ccpIK7Lh.o
                0x0000000000001c50                xTaskRemoveFromEventList
 .text.vTaskInternalSetTimeOutState
                0x0000000000001e00       0x2c /tmp/ccpIK7Lh.o
                0x0000000000001e00                vTaskInternalSetTimeOutState
 .text.xTaskCheckForTimeOut
                0x0000000000001e2c       0xcc /tmp/ccpIK7Lh.o
                0x0000000000001e2c                xTaskCheckForTimeOut
 .text.vTaskMissedYield
                0x0000000000001ef8       0x18 /tmp/ccpIK7Lh.o
                0x0000000000001ef8                vTaskMissedYield
 .text.prvIdleTask
                0x0000000000001f10       0x30 /tmp/ccpIK7Lh.o
 .text.prvInitialiseTaskLists
                0x0000000000001f40       0x74 /tmp/ccpIK7Lh.o
 .text.prvCheckTasksWaitingTermination
                0x0000000000001fb4        0xe /tmp/ccpIK7Lh.o
 *fill*         0x0000000000001fc2        0x2 
 .text.prvResetNextTaskUnblockTime
                0x0000000000001fc4       0x38 /tmp/ccpIK7Lh.o
 .text.xTaskPriorityInherit
                0x0000000000001ffc      0x140 /tmp/ccpIK7Lh.o
                0x0000000000001ffc                xTaskPriorityInherit
 .text.xTaskPriorityDisinherit
                0x000000000000213c      0x14c /tmp/ccpIK7Lh.o
                0x000000000000213c                xTaskPriorityDisinherit
 .text.vTaskPriorityDisinheritAfterTimeout
                0x0000000000002288      0x174 /tmp/ccpIK7Lh.o
                0x0000000000002288                vTaskPriorityDisinheritAfterTimeout
 .text.pvTaskIncrementMutexHeldCount
                0x00000000000023fc       0x30 /tmp/ccpIK7Lh.o
                0x00000000000023fc                pvTaskIncrementMutexHeldCount
 .text.prvAddCurrentTaskToDelayedList
                0x000000000000242c      0x104 /tmp/ccpIK7Lh.o
 .text.xQueueGenericReset
                0x0000000000002530      0x120 /tmp/cc4FuixB.o
                0x0000000000002530                xQueueGenericReset
 .text.xQueueGenericCreate
                0x0000000000002650       0x9c /tmp/cc4FuixB.o
                0x0000000000002650                xQueueGenericCreate
 .text.prvInitialiseNewQueue
                0x00000000000026ec       0x3e /tmp/cc4FuixB.o
 .text.prvInitialiseMutex
                0x000000000000272a       0x34 /tmp/cc4FuixB.o
 .text.xQueueCreateMutex
                0x000000000000275e       0x30 /tmp/cc4FuixB.o
                0x000000000000275e                xQueueCreateMutex
 *fill*         0x000000000000278e        0x2 
 .text.xQueueGenericSend
                0x0000000000002790      0x1cc /tmp/cc4FuixB.o
                0x0000000000002790                xQueueGenericSend
 .text.xQueueSemaphoreTake
                0x000000000000295c      0x1cc /tmp/cc4FuixB.o
                0x000000000000295c                xQueueSemaphoreTake
 .text.prvGetDisinheritPriorityAfterTimeout
                0x0000000000002b28       0x30 /tmp/cc4FuixB.o
 .text.prvCopyDataToQueue
                0x0000000000002b58       0xd4 /tmp/cc4FuixB.o
 .text.prvUnlockQueue
                0x0000000000002c2c       0xa4 /tmp/cc4FuixB.o
 .text.prvIsQueueEmpty
                0x0000000000002cd0       0x2c /tmp/cc4FuixB.o
 .text.prvIsQueueFull
                0x0000000000002cfc       0x30 /tmp/cc4FuixB.o
 .text.vListInitialise
                0x0000000000002d2c       0x40 /tmp/cclrKdD7.o
                0x0000000000002d2c                vListInitialise
 .text.vListInitialiseItem
                0x0000000000002d6c       0x1a /tmp/cclrKdD7.o
                0x0000000000002d6c                vListInitialiseItem
 .text.vListInsert
                0x0000000000002d86       0x72 /tmp/cclrKdD7.o
                0x0000000000002d86                vListInsert
 .text.uxListRemove
                0x0000000000002df8       0x54 /tmp/cclrKdD7.o
                0x0000000000002df8                uxListRemove
 .text.pxPortInitialiseStack
                0x0000000000002e4c       0x68 /tmp/ccRjZ3uJ.o
                0x0000000000002e4c                pxPortInitialiseStack
 .text.prvTaskExitError
                0x0000000000002eb4       0x58 /tmp/ccRjZ3uJ.o
 *fill*         0x0000000000002f0c        0x4 
 .text.vPortSVCHandler
                0x0000000000002f10       0x28 /tmp/ccRjZ3uJ.o
                0x0000000000002f10                vPortSVCHandler
 .text.prvPortStartFirstTask
                0x0000000000002f38       0x2c /tmp/ccRjZ3uJ.o
 .text.xPortStartScheduler
                0x0000000000002f64      0x1d4 /tmp/ccRjZ3uJ.o
                0x0000000000002f64                xPortStartScheduler
 .text.vPortEnterCritical
                0x0000000000003138       0x60 /tmp/ccRjZ3uJ.o
                0x0000000000003138                vPortEnterCritical
 .text.vPortExitCritical
                0x0000000000003198       0x54 /tmp/ccRjZ3uJ.o
                0x0000000000003198                vPortExitCritical
 *fill*         0x00000000000031ec        0x4 
 .text.xPortPendSVHandler
                0x00000000000031f0       0x68 /tmp/ccRjZ3uJ.o
                0x00000000000031f0                xPortPendSVHandler
 .text.xPortSysTickHandler
                0x0000000000003258       0x44 /tmp/ccRjZ3uJ.o
                0x0000000000003258                xPortSysTickHandler
 .text.vPortSetupTimerInterrupt
                0x000000000000329c       0x34 /tmp/ccRjZ3uJ.o
                0x000000000000329c                vPortSetupTimerInterrupt
 .text.vPortEnableVFP
                0x00000000000032d0       0x18 /tmp/ccRjZ3uJ.o
 .text.pvPortMalloc
                0x00000000000032e8      0x258 /tmp/ccJWohtb.o
                0x00000000000032e8                pvPortMalloc
 .text.vPortFree
                0x0000000000003540       0xf0 /tmp/ccJWohtb.o
                0x0000000000003540                vPortFree
 .text.prvHeapInit
                0x0000000000003630       0xb4 /tmp/ccJWohtb.o
 .text.prvInsertBlockIntoFreeList
                0x00000000000036e4       0xf4 /tmp/ccJWohtb.o
 .text          0x00000000000037d8      0x134 /usr/lib/gcc/arm-none-eabi/10.3.1/../../../arm-none-eabi/lib/thumb/v7e-m+fp/hard/libg.a(lib_a-memcpy.o)
                0x00000000000037d8                memcpy
 .text          0x000000000000390c       0xa4 /usr/lib/gcc/arm-none-eabi/10.3.1/../../../arm-none-eabi/lib/thumb/v7e-m+fp/hard/libg.a(lib_a-memset.o)
                0x000000000000390c                memset
 *(.rodata*)
 .rodata        0x00000000000039b0       0x44 /tmp/ccRVMfWM.o
 .rodata        0x00000000000039f4        0x5 /tmp/ccpIK7Lh.o
 *(.init)
 *fill*         0x00000000000039f9        0x3 
 .init          0x00000000000039fc        0x4 /usr/lib/gcc/arm-none-eabi/10.3.1/thumb/v7e-m+fp/hard/crti.o
                0x00000000000039fc                _init
 *(.fini)
 .fini          0x0000000000003a00        0x4 /usr/lib/gcc/arm-none-eabi/10.3.1/thumb/v7e-m+fp/hard/crti.o
                0x0000000000003a00                _fini
                0x0000000000003a04                . = ALIGN (0x4)
                0x0000000000003a04                _etext = .
                0x0000000000003a04                _la_data = LOADADDR (.data)

.glue_7         0x0000000000003a04        0x0
 .glue_7        0x0000000000003a04        0x0 linker stubs

.glue_7t        0x0000000000003a04        0x0
 .glue_7t       0x0000000000003a04        0x0 linker stubs

.vfp11_veneer   0x0000000000003a04        0x0
 .vfp11_veneer  0x0000000000003a04        0x0 linker stubs

.v4_bx          0x0000000000003a04        0x0
 .v4_bx         0x0000000000003a04        0x0 linker stubs

.iplt           0x0000000000003a04        0x0
 .iplt          0x0000000000003a04        0x0 /tmp/ccRVMfWM.o

.rel.dyn        0x0000000000003a04        0x0
 .rel.iplt      0x0000000000003a04        0x0 /tmp/ccRVMfWM.o

.data           0x0000000020000000        0xc load address 0x0000000000003a04
                0x0000000020000000                . = ALIGN (0x4)
                0x0000000020000000                _sdata = .
 *(.data*)
 .data.target_rpm
                0x0000000020000000        0x4 /tmp/ccRVMfWM.o
                0x0000000020000000                target_rpm
 .data.uxTopUsedPriority
                0x0000000020000004        0x4 /tmp/ccpIK7Lh.o
 .data.uxCriticalNesting
                0x0000000020000008        0x4 /tmp/ccRjZ3uJ.o
                0x000000002000000c                . = ALIGN (0x4)
                0x000000002000000c                _edata = .

.igot.plt       0x000000002000000c        0x0 load address 0x0000000000003a10
 .igot.plt      0x000000002000000c        0x0 /tmp/ccRVMfWM.o

.bss            0x000000002000000c     0x2924 load address 0x0000000000003a10
                0x000000002000000c                . = ALIGN (0x4)
                0x000000002000000c                _sbss = .
 *(.bss*)
 .bss.cruise_state
                0x000000002000000c        0x1 /tmp/ccRVMfWM.o
                0x000000002000000c                cruise_state
 *fill*         0x000000002000000d        0x3 
 .bss.current_rpm
                0x0000000020000010        0x4 /tmp/ccRVMfWM.o
                0x0000000020000010                current_rpm
 .bss.encoder_count
                0x0000000020000014        0x4 /tmp/ccRVMfWM.o
                0x0000000020000014                encoder_count
 .bss.xRPMMutex
                0x0000000020000018        0x4 /tmp/ccRVMfWM.o
                0x0000000020000018                xRPMMutex
 .bss.xStateMutex
                0x000000002000001c        0x4 /tmp/ccRVMfWM.o
                0x000000002000001c                xStateMutex
 .bss.pxCurrentTCB
                0x0000000020000020        0x4 /tmp/ccpIK7Lh.o
                0x0000000020000020                pxCurrentTCB
 .bss.pxReadyTasksLists
                0x0000000020000024       0x64 /tmp/ccpIK7Lh.o
 .bss.xDelayedTaskList1
                0x0000000020000088       0x14 /tmp/ccpIK7Lh.o
 .bss.xDelayedTaskList2
                0x000000002000009c       0x14 /tmp/ccpIK7Lh.o
 .bss.pxDelayedTaskList
                0x00000000200000b0        0x4 /tmp/ccpIK7Lh.o
 .bss.pxOverflowDelayedTaskList
                0x00000000200000b4        0x4 /tmp/ccpIK7Lh.o
 .bss.xPendingReadyList
                0x00000000200000b8       0x14 /tmp/ccpIK7Lh.o
 .bss.xSuspendedTaskList
                0x00000000200000cc       0x14 /tmp/ccpIK7Lh.o
 .bss.uxCurrentNumberOfTasks
                0x00000000200000e0        0x4 /tmp/ccpIK7Lh.o
 .bss.xTickCount
                0x00000000200000e4        0x4 /tmp/ccpIK7Lh.o
 .bss.uxTopReadyPriority
                0x00000000200000e8        0x4 /tmp/ccpIK7Lh.o
 .bss.xSchedulerRunning
                0x00000000200000ec        0x4 /tmp/ccpIK7Lh.o
 .bss.xPendedTicks
                0x00000000200000f0        0x4 /tmp/ccpIK7Lh.o
 .bss.xYieldPendings
                0x00000000200000f4        0x4 /tmp/ccpIK7Lh.o
 .bss.xNumOfOverflows
                0x00000000200000f8        0x4 /tmp/ccpIK7Lh.o
 .bss.uxTaskNumber
                0x00000000200000fc        0x4 /tmp/ccpIK7Lh.o
 .bss.xNextTaskUnblockTime
                0x0000000020000100        0x4 /tmp/ccpIK7Lh.o
 .bss.xIdleTaskHandles
                0x0000000020000104        0x4 /tmp/ccpIK7Lh.o
 .bss.uxSchedulerSuspended
                0x0000000020000108        0x4 /tmp/ccpIK7Lh.o
 .bss.ucMaxSysCallPriority
                0x000000002000010c        0x1 /tmp/ccRjZ3uJ.o
 *fill*         0x000000002000010d        0x3 
 .bss.ulMaxPRIGROUPValue
                0x0000000020000110        0x4 /tmp/ccRjZ3uJ.o
 .bss.ucHeap    0x0000000020000114     0x2800 /tmp/ccJWohtb.o
 .bss.xStart    0x0000000020002914        0x8 /tmp/ccJWohtb.o
 .bss.pxEnd     0x000000002000291c        0x4 /tmp/ccJWohtb.o
 .bss.xFreeBytesRemaining
                0x0000000020002920        0x4 /tmp/ccJWohtb.o
 .bss.xMinimumEverFreeBytesRemaining
                0x0000000020002924        0x4 /tmp/ccJWohtb.o
 .bss.xNumberOfSuccessfulAllocations
                0x0000000020002928        0x4 /tmp/ccJWohtb.o
 .bss.xNumberOfSuccessfulFrees
                0x000000002000292c        0x4 /tmp/ccJWohtb.o
 *(COMMON)
                0x0000000020002930                . = ALIGN (0x4)
                0x0000000020002930                _ebss = .
OUTPUT(main.elf elf32-littlearm)
LOAD linker stubs

.ARM.attributes
                0x0000000000000000       0x30
 .ARM.attributes
                0x0000000000000000       0x1e /usr/lib/gcc/arm-none-eabi/10.3.1/thumb/v7e-m+fp/hard/crti.o
 .ARM.attributes
                0x000000000000001e       0x34 /tmp/ccRVMfWM.o
 .ARM.attributes
                0x0000000000000052       0x34 /tmp/ccEJzGmB.o
 .ARM.attributes
                0x0000000000000086       0x34 /tmp/ccpIK7Lh.o
 .ARM.attributes
                0x00000000000000ba       0x34 /tmp/cc4FuixB.o
 .ARM.attributes
                0x00000000000000ee       0x34 /tmp/cclrKdD7.o
 .ARM.attributes
                0x0000000000000122       0x34 /tmp/ccRjZ3uJ.o
 .ARM.attributes
                0x0000000000000156       0x34 /tmp/ccJWohtb.o
 .ARM.attributes
                0x000000000000018a       0x1c /usr/lib/gcc/arm-none-eabi/10.3.1/../../../arm-none-eabi/lib/thumb/v7e-m+fp/hard/libg.a(lib_a-memcpy.o)
 .ARM.attributes
                0x00000000000001a6       0x34 /usr/lib/gcc/arm-none-eabi/10.3.1/../../../arm-none-eabi/lib/thumb/v7e-m+fp/hard/libg.a(lib_a-memset.o)

.comment        0x0000000000000000       0x33
 .comment       0x0000000000000000       0x33 /tmp/ccRVMfWM.o
                                         0x34 (size before relaxing)
 .comment       0x0000000000000033       0x34 /tmp/ccEJzGmB.o
 .comment       0x0000000000000033       0x34 /tmp/ccpIK7Lh.o
 .comment       0x0000000000000033       0x34 /tmp/cc4FuixB.o
 .comment       0x0000000000000033       0x34 /tmp/cclrKdD7.o
 .comment       0x0000000000000033       0x34 /tmp/ccRjZ3uJ.o
 .comment       0x0000000000000033       0x34 /tmp/ccJWohtb.o
 .comment       0x0000000000000033       0x34 /usr/lib/gcc/arm-none-eabi/10.3.1/../../../arm-none-eabi/lib/thumb/v7e-m+fp/hard/libg.a(lib_a-memset.o)

.debug_info     0x0000000000000000     0x4d18
 .debug_info    0x0000000000000000      0x838 /tmp/ccRVMfWM.o
 .debug_info    0x0000000000000838      0x1a0 /tmp/ccEJzGmB.o
 .debug_info    0x00000000000009d8     0x20a5 /tmp/ccpIK7Lh.o
 .debug_info    0x0000000000002a7d     0x137c /tmp/cc4FuixB.o
 .debug_info    0x0000000000003df9      0x2b5 /tmp/cclrKdD7.o
 .debug_info    0x00000000000040ae      0x56a /tmp/ccRjZ3uJ.o
 .debug_info    0x0000000000004618      0x5a3 /tmp/ccJWohtb.o
 .debug_info    0x0000000000004bbb       0x26 /usr/lib/gcc/arm-none-eabi/10.3.1/../../../arm-none-eabi/lib/thumb/v7e-m+fp/hard/libg.a(lib_a-memcpy.o)
 .debug_info    0x0000000000004be1      0x137 /usr/lib/gcc/arm-none-eabi/10.3.1/../../../arm-none-eabi/lib/thumb/v7e-m+fp/hard/libg.a(lib_a-memset.o)

.debug_abbrev   0x0000000000000000      0xdfd
 .debug_abbrev  0x0000000000000000      0x284 /tmp/ccRVMfWM.o
 .debug_abbrev  0x0000000000000284       0xc0 /tmp/ccEJzGmB.o
 .debug_abbrev  0x0000000000000344      0x2ec /tmp/ccpIK7Lh.o
 .debug_abbrev  0x0000000000000630      0x223 /tmp/cc4FuixB.o
 .debug_abbrev  0x0000000000000853       0xe8 /tmp/cclrKdD7.o
 .debug_abbrev  0x000000000000093b      0x208 /tmp/ccRjZ3uJ.o
 .debug_abbrev  0x0000000000000b43      0x1f2 /tmp/ccJWohtb.o
 .debug_abbrev  0x0000000000000d35       0x14 /usr/lib/gcc/arm-none-eabi/10.3.1/../../../arm-none-eabi/lib/thumb/v7e-m+fp/hard/libg.a(lib_a-memcpy.o)
 .debug_abbrev  0x0000000000000d49       0xb4 /usr/lib/gcc/arm-none-eabi/10.3.1/../../../arm-none-eabi/lib/thumb/v7e-m+fp/hard/libg.a(lib_a-memset.o)

.debug_aranges  0x0000000000000000      0x548
 .debug_aranges
                0x0000000000000000       0xe0 /tmp/ccRVMfWM.o
 .debug_aranges
                0x00000000000000e0       0x58 /tmp/ccEJzGmB.o
 .debug_aranges
                0x0000000000000138      0x1b8 /tmp/ccpIK7Lh.o
 .debug_aranges
                0x00000000000002f0       0xf0 /tmp/cc4FuixB.o
 .debug_aranges
                0x00000000000003e0       0x40 /tmp/cclrKdD7.o
 .debug_aranges
                0x0000000000000420       0x80 /tmp/ccRjZ3uJ.o
 .debug_aranges
                0x00000000000004a0       0x68 /tmp/ccJWohtb.o
 .debug_aranges
                0x0000000000000508       0x20 /usr/lib/gcc/arm-none-eabi/10.3.1/../../../arm-none-eabi/lib/thumb/v7e-m+fp/hard/libg.a(lib_a-memcpy.o)
 .debug_aranges
                0x0000000000000528       0x20 /usr/lib/gcc/arm-none-eabi/10.3.1/../../../arm-none-eabi/lib/thumb/v7e-m+fp/hard/libg.a(lib_a-memset.o)

.debug_ranges   0x0000000000000000      0x4b8
 .debug_ranges  0x0000000000000000       0xd0 /tmp/ccRVMfWM.o
 .debug_ranges  0x00000000000000d0       0x48 /tmp/ccEJzGmB.o
 .debug_ranges  0x0000000000000118      0x1c8 /tmp/ccpIK7Lh.o
 .debug_ranges  0x00000000000002e0       0xe0 /tmp/cc4FuixB.o
 .debug_ranges  0x00000000000003c0       0x30 /tmp/cclrKdD7.o
 .debug_ranges  0x00000000000003f0       0x70 /tmp/ccRjZ3uJ.o
 .debug_ranges  0x0000000000000460       0x58 /tmp/ccJWohtb.o

.debug_line     0x0000000000000000     0x3a3e
 .debug_line    0x0000000000000000      0x802 /tmp/ccRVMfWM.o
 .debug_line    0x0000000000000802      0x115 /tmp/ccEJzGmB.o
 .debug_line    0x0000000000000917     0x150f /tmp/ccpIK7Lh.o
 .debug_line    0x0000000000001e26      0xdbc /tmp/cc4FuixB.o
 .debug_line    0x0000000000002be2      0x202 /tmp/cclrKdD7.o
 .debug_line    0x0000000000002de4      0x456 /tmp/ccRjZ3uJ.o
 .debug_line    0x000000000000323a      0x587 /tmp/ccJWohtb.o
 .debug_line    0x00000000000037c1       0xbe /usr/lib/gcc/arm-none-eabi/10.3.1/../../../arm-none-eabi/lib/thumb/v7e-m+fp/hard/libg.a(lib_a-memcpy.o)
 .debug_line    0x000000000000387f      0x1bf /usr/lib/gcc/arm-none-eabi/10.3.1/../../../arm-none-eabi/lib/thumb/v7e-m+fp/hard/libg.a(lib_a-memset.o)

.debug_str      0x0000000000000000     0x1dae
 .debug_str     0x0000000000000000      0x414 /tmp/ccRVMfWM.o
                                        0x470 (size before relaxing)
 .debug_str     0x0000000000000414       0xd2 /tmp/ccEJzGmB.o
                                        0x260 (size before relaxing)
 .debug_str     0x00000000000004e6      0xc8f /tmp/ccpIK7Lh.o
                                        0xee1 (size before relaxing)
 .debug_str     0x0000000000001175      0x47d /tmp/cc4FuixB.o
                                        0x83f (size before relaxing)
 .debug_str     0x00000000000015f2       0xac /tmp/cclrKdD7.o
                                        0x2fa (size before relaxing)
 .debug_str     0x000000000000169e      0x237 /tmp/ccRjZ3uJ.o
                                        0x470 (size before relaxing)
 .debug_str     0x00000000000018d5      0x2fd /tmp/ccJWohtb.o
                                        0x4ee (size before relaxing)
 .debug_str     0x0000000000001bd2       0xb1 /usr/lib/gcc/arm-none-eabi/10.3.1/../../../arm-none-eabi/lib/thumb/v7e-m+fp/hard/libg.a(lib_a-memcpy.o)
 .debug_str     0x0000000000001c83      0x12b /usr/lib/gcc/arm-none-eabi/10.3.1/../../../arm-none-eabi/lib/thumb/v7e-m+fp/hard/libg.a(lib_a-memset.o)
                                        0x1bb (size before relaxing)

.debug_frame    0x0000000000000000     0x13e8
 .debug_frame   0x0000000000000000      0x378 /tmp/ccRVMfWM.o
 .debug_frame   0x0000000000000378       0xd8 /tmp/ccEJzGmB.o
 .debug_frame   0x0000000000000450      0x780 /tmp/ccpIK7Lh.o
 .debug_frame   0x0000000000000bd0      0x3f8 /tmp/cc4FuixB.o
 .debug_frame   0x0000000000000fc8       0xd8 /tmp/cclrKdD7.o
 .debug_frame   0x00000000000010a0      0x1a8 /tmp/ccRjZ3uJ.o
 .debug_frame   0x0000000000001248      0x174 /tmp/ccJWohtb.o
 .debug_frame   0x00000000000013bc       0x2c /usr/lib/gcc/arm-none-eabi/10.3.1/../../../arm-none-eabi/lib/thumb/v7e-m+fp/hard/libg.a(lib_a-memset.o)

.debug_loc      0x0000000000000000      0x22c
 .debug_loc     0x0000000000000000      0x22c /usr/lib/gcc/arm-none-eabi/10.3.1/../../../arm-none-eabi/lib/thumb/v7e-m+fp/hard/libg.a(lib_a-memset.o)
